// Vitest Snapshot v1, https://vitest.dev/guide/snapshot.html

exports[`runKitApprentissageImporter > should import Kit Apprentissage source 1`] = `
[
  {
    "_id": "ObjectId",
    "data": {
      "Abrégé de diplôme (RNCP)": "Licence Professionnelle",
      "Accès à l'apprentissage de la fiche RNCP (oui/non)": "oui",
      "Code Diplôme": "25031012",
      "Date d'échéance de la fiche RNCP": "01/01/2025",
      "Dernière MaJ": "v1.0",
      "Fiche ACTIVE/INACTIVE": "ACTIVE",
      "FicheRNCP": "RNCP30111",
      "Intitulé diplôme (DEPP)": "METIERS DE LA QUALITE (LP TOULON)",
      "Niveau fiche RNCP": "Niveau 6",
    },
    "date": 2023-04-08T22:00:00.000Z,
    "source": "kit_apprentissage_20240119.csv",
  },
  {
    "_id": "ObjectId",
    "data": {
      "Abrégé de diplôme (RNCP)": "Licence Professionnelle",
      "Accès à l'apprentissage de la fiche RNCP (oui/non)": "oui",
      "Code Diplôme": "25024104",
      "Date d'échéance de la fiche RNCP": "01/01/2025",
      "Dernière MaJ": "v1.0",
      "Fiche ACTIVE/INACTIVE": "ACTIVE",
      "FicheRNCP": "RNCP30110",
      "Intitulé diplôme (DEPP)": "METIERS DE LA MODE (LP NIMES)",
      "Niveau fiche RNCP": "Niveau 6",
    },
    "date": 2023-04-08T22:00:00.000Z,
    "source": "kit_apprentissage_20240119.csv",
  },
  {
    "_id": "ObjectId",
    "data": {
      "Abrégé de diplôme (RNCP)": null,
      "Accès à l'apprentissage de la fiche RNCP (oui/non)": "oui",
      "Code Diplôme": "16X31062",
      "Date d'échéance de la fiche RNCP": "20/07/2027",
      "Dernière MaJ": "V2.8",
      "Fiche ACTIVE/INACTIVE": "ACTIVE",
      "FicheRNCP": "RNCP36741",
      "Intitulé diplôme (DEPP)": "EXPERT EN CONTROLE DE GESTION, AUDIT ET GESTION DE SYSTEME D'INFORMATION (MS SKEMA BUSINESS SCHOOL)",
      "Niveau fiche RNCP": "Niveau 7",
    },
    "date": 2023-04-08T22:00:00.000Z,
    "source": "kit_apprentissage_20240119.csv",
  },
  {
    "_id": "ObjectId",
    "data": {
      "Abrégé de diplôme (RNCP)": "Licence Professionnelle",
      "Accès à l'apprentissage de la fiche RNCP (oui/non)": "oui",
      "Code Diplôme": "25022158",
      "Date d'échéance de la fiche RNCP": "01/01/2025",
      "Dernière MaJ": "v1.0",
      "Fiche ACTIVE/INACTIVE": "ACTIVE",
      "FicheRNCP": "RNCP30113",
      "Intitulé diplôme (DEPP)": "METIERS DE LA SANTE : NUTRITION, ALIMENTATION (LP RENNES 1)",
      "Niveau fiche RNCP": "Niveau 6",
    },
    "date": 2023-04-08T22:00:00.000Z,
    "source": "kit_apprentissage_20240119.csv",
  },
  {
    "_id": "ObjectId",
    "data": {
      "Abrégé de diplôme (RNCP)": "MASTER",
      "Accès à l'apprentissage de la fiche RNCP (oui/non)": "oui",
      "Code Diplôme": "13511109",
      "Date d'échéance de la fiche RNCP": "01/01/2025",
      "Dernière MaJ": "v1.0",
      "Fiche ACTIVE/INACTIVE": "ACTIVE",
      "FicheRNCP": "RNCP31803",
      "Intitulé diplôme (DEPP)": "CHIMIE (MASTER GRENOBLE ALPES)",
      "Niveau fiche RNCP": "Niveau 7",
    },
    "date": 2023-04-08T22:00:00.000Z,
    "source": "kit_apprentissage_20240119.csv",
  },
  {
    "_id": "ObjectId",
    "data": {
      "Abrégé de diplôme (RNCP)": "Licence Professionnelle",
      "Accès à l'apprentissage de la fiche RNCP (oui/non)": "oui",
      "Code Diplôme": "25022204",
      "Date d'échéance de la fiche RNCP": "01/01/2025",
      "Dernière MaJ": "v1.0",
      "Fiche ACTIVE/INACTIVE": "ACTIVE",
      "FicheRNCP": "RNCP30050",
      "Intitulé diplôme (DEPP)": "CHIMIE : FORMULATION (LP TOULOUSE 3)",
      "Niveau fiche RNCP": "Niveau 6",
    },
    "date": 2023-04-08T22:00:00.000Z,
    "source": "kit_apprentissage_20240119.csv",
  },
  {
    "_id": "ObjectId",
    "data": {
      "Abrégé de diplôme (RNCP)": "Titre ingénieur",
      "Accès à l'apprentissage de la fiche RNCP (oui/non)": "oui",
      "Code Diplôme": "17021004",
      "Date d'échéance de la fiche RNCP": "01/01/2024",
      "Dernière MaJ": "v1.0",
      "Fiche ACTIVE/INACTIVE": "INACTIVE",
      "FicheRNCP": "RNCP29277",
      "Intitulé diplôme (DEPP)": "INGENIEUR DIPLOME DE L'INSTITUT SUPERIEUR D'AGRICULTURE YNCREA HAUTS-DE-FRANCE",
      "Niveau fiche RNCP": "Niveau 7",
    },
    "date": 2023-04-08T22:00:00.000Z,
    "source": "kit_apprentissage_20240119.csv",
  },
  {
    "_id": "ObjectId",
    "data": {
      "Abrégé de diplôme (RNCP)": "Titre ingénieur",
      "Accès à l'apprentissage de la fiche RNCP (oui/non)": "non",
      "Code Diplôme": "17032620",
      "Date d'échéance de la fiche RNCP": "31/08/2026",
      "Dernière MaJ": "v1.2",
      "Fiche ACTIVE/INACTIVE": "ACTIVE",
      "FicheRNCP": "RNCP36416",
      "Intitulé diplôme (DEPP)": "INGENIEUR DIPLOME DE L'ECOLE SUPERIEURE D'INGENIEURS DE RENNES DE L'UNIVERSITE RENNES 1, SPECIALITE TECHNOLOGIES DE L'INFORMATION",
      "Niveau fiche RNCP": "Niveau 7",
    },
    "date": 2023-04-08T22:00:00.000Z,
    "source": "kit_apprentissage_20240119.csv",
  },
  {
    "_id": "ObjectId",
    "data": {
      "Abrégé de diplôme (RNCP)": "Licence Professionnelle",
      "Accès à l'apprentissage de la fiche RNCP (oui/non)": "oui",
      "Code Diplôme": "25022154",
      "Date d'échéance de la fiche RNCP": "01/01/2025",
      "Dernière MaJ": "v1.0",
      "Fiche ACTIVE/INACTIVE": "ACTIVE",
      "FicheRNCP": "RNCP30074",
      "Intitulé diplôme (DEPP)": "INDUSTRIES AGROALIMENTAIRES : GESTION, PRODUCTION ET VALORISATION (LP CNAM)",
      "Niveau fiche RNCP": "Niveau 6",
    },
    "date": 2023-04-08T22:00:00.000Z,
    "source": "kit_apprentissage_20240119.csv",
  },
  {
    "_id": "ObjectId",
    "data": {
      "Abrégé de diplôme (RNCP)": "DGE_GM",
      "Accès à l'apprentissage de la fiche RNCP (oui/non)": "oui",
      "Code Diplôme": "15531005",
      "Date d'échéance de la fiche RNCP": "31/08/2019",
      "Dernière MaJ": "v1.0",
      "Fiche ACTIVE/INACTIVE": "INACTIVE",
      "FicheRNCP": "RNCP27423",
      "Intitulé diplôme (DEPP)": "DIPLOME GRADE MASTER DE PARIS DAUPHINE : MANAGEMENT INTERNATIONAL",
      "Niveau fiche RNCP": "Niveau 7",
    },
    "date": 2023-04-08T22:00:00.000Z,
    "source": "kit_apprentissage_20240119.csv",
  },
]
`;
