// Vitest Snapshot v1, https://vitest.dev/guide/snapshot.html

exports[`getAllFormationsFromCatalogue > should return a Readable stream 1`] = `
{
  "limit": "2",
  "query": "{"catalogue_published":true}",
  "select": "{"cle_ministere_educatif":1,"cfd":1,"code_postal":1,"code_commune_insee":1,"onisep_url":1,"onisep_intitule":1,"onisep_libelle_poursuite":1,"onisep_lien_site_onisepfr":1,"onisep_discipline":1,"onisep_domaine_sousdomaine":1,"rncp_code":1,"capacite":1,"duree":1,"annee":1,"email":1,"lieu_formation_geo_coordonnees":1,"lieu_formation_geo_coordonnees_computed":1,"lieu_formation_adresse":1,"etablissement_lieu_formation_siret":1,"etablissement_lieu_formation_uai":1,"tags":1,"bcn_mefs_10":1,"entierement_a_distance":1,"contenu":1,"objectif":1,"date_debut":1,"date_fin":1,"num_tel":1,"distance":1,"catalogue_published":1,"published":1,"etablissement_formateur_siret":1,"etablissement_formateur_uai":1,"etablissement_gestionnaire_siret":1,"etablissement_gestionnaire_uai":1}",
}
`;
