// Vitest Snapshot v1, https://vitest.dev/guide/snapshot.html

exports[`recherche > should throw if the response does not match the schema 1`] = `
"api-alternance-sdk: Error while parsing API response, this is either a bug in the SDK or a change in the API response. Please report this issue.
	ZodErrors: [
	  {
	    "code": "invalid_type",
	    "expected": "array",
	    "received": "undefined",
	    "path": [
	      "data"
	    ],
	    "message": "Required"
	  },
	  {
	    "code": "invalid_type",
	    "expected": "object",
	    "received": "undefined",
	    "path": [
	      "pagination"
	    ],
	    "message": "Required"
	  }
	]"
`;
