// Vitest Snapshot v1, https://vitest.dev/guide/snapshot.html

exports[`runBcnImporter > should import Bcn sources 1`] = `
[
  {
    "_id": "ObjectId",
    "data": {
      "ANCIEN_DIPLOMES": [
        "50022304",
      ],
      "ANCIEN_RECME": "500835",
      "CITE_DOMAINE_DETAILLE": null,
      "CITE_DOMAINE_FORMATION": "521",
      "COMMENTAIRE": "A REMPLACE LE CAP FABRICATIONS EN ALLIAGES MOULES SUR MODELES (50022304S). ABROGE SANS REMPLACEMENT.",
      "DATE_ARRETE_ABROGATION": "20/03/2007",
      "DATE_ARRETE_CREATION": "06/08/1991",
      "DATE_ARRETE_MODIFICATION_1": null,
      "DATE_ARRETE_MODIFICATION_10": null,
      "DATE_ARRETE_MODIFICATION_2": null,
      "DATE_ARRETE_MODIFICATION_3": null,
      "DATE_ARRETE_MODIFICATION_4": null,
      "DATE_ARRETE_MODIFICATION_5": null,
      "DATE_ARRETE_MODIFICATION_6": null,
      "DATE_ARRETE_MODIFICATION_7": null,
      "DATE_ARRETE_MODIFICATION_8": null,
      "DATE_ARRETE_MODIFICATION_9": null,
      "DATE_DERNIERE_SESSION": "2008",
      "DATE_FERMETURE": "31/08/2009",
      "DATE_INTERVENTION": "10/12/2020",
      "DATE_OUVERTURE": "06/08/1991",
      "DATE_PREMIERE_SESSION": "1993",
      "DATE_SESSION_RATTRAPAGE": "2009",
      "FORMATION_DIPLOME": "50022326",
      "GESTIONNAIRE_FORMATION_DIPLOME": "DGESCO A2-3",
      "GROUPE_SPECIALITE": "223",
      "ID_DOCUMENT": null,
      "LETTRE_SPECIALITE": "S",
      "LIBELLE_COURT": "CAP",
      "LIBELLE_LONG_200": "ALLIAGES MOULES SUR MODELES (CAP)",
      "LIBELLE_STAT_33": "ALLIAGES MOULES SUR MODELES",
      "NATURE_FORMATION_DIPLOME": "1",
      "NB_MEF_FERME": "6",
      "NB_MEF_OUVERT": "0",
      "NIVEAU_FORMATION_DIPLOME": "500",
      "NIVEAU_QUALIFICATION_RNCP": "03",
      "NOUVEAU_DIPLOMES": [],
      "N_CITE_2013_DOMAINE_DETAILL_LIBELLE_EDITION": null,
      "N_CITE_DOMAINE_FORMATION_LIBELLE_EDITION": "Mï¿½canique et travail du mï¿½tal",
      "N_COMMENTAIRE": null,
      "N_GROUPE_SPECIALITE_LIBELLE_LONG": "METALLURGIE (Y.C. SIDERURGIE, FONDERIE)",
      "N_LETTRE_SPECIALITE_LIBELLE_LONG": "PRODUCTION",
      "N_NATURE_FORMATION_DIPLOME_LIBELLE_100": "DIPLOME NATIONAL / DIPLOME D'ETAT",
      "N_NIVEAU_FORMATION_DIPLOME_LIBELLE_100": "CERTIFICAT D'APTITUDE PROFESSIONNELLE",
      "N_NIVEAU_QUALIFICATION_RNCP_LIBELLE_LONG": "NIVEAU 3",
      "OBSERVATION": "Grille horaire provisoire nï¿½1.",
      "UNITE_CAPITALISABLE": "O",
    },
    "date": 2023-04-08T22:00:00.000Z,
    "source": "N_FORMATION_DIPLOME",
  },
  {
    "_id": "ObjectId",
    "data": {
      "ANCIEN_DIPLOMES": [],
      "ANCIEN_RECME": "450915",
      "CITE_DOMAINE_DETAILLE": null,
      "CITE_DOMAINE_FORMATION": "999",
      "COMMENTAIRE": "PB DATE",
      "DATE_ARRETE_ABROGATION": "01/01/1900",
      "DATE_ARRETE_CREATION": "01/01/1901",
      "DATE_ARRETE_MODIFICATION_1": null,
      "DATE_ARRETE_MODIFICATION_10": null,
      "DATE_ARRETE_MODIFICATION_2": null,
      "DATE_ARRETE_MODIFICATION_3": null,
      "DATE_ARRETE_MODIFICATION_4": null,
      "DATE_ARRETE_MODIFICATION_5": null,
      "DATE_ARRETE_MODIFICATION_6": null,
      "DATE_ARRETE_MODIFICATION_7": null,
      "DATE_ARRETE_MODIFICATION_8": null,
      "DATE_ARRETE_MODIFICATION_9": null,
      "DATE_DERNIERE_SESSION": null,
      "DATE_FERMETURE": "02/01/1901",
      "DATE_INTERVENTION": "10/12/2020",
      "DATE_OUVERTURE": null,
      "DATE_PREMIERE_SESSION": null,
      "DATE_SESSION_RATTRAPAGE": null,
      "FORMATION_DIPLOME": "45025407",
      "GESTIONNAIRE_FORMATION_DIPLOME": "NON DEFINI",
      "GROUPE_SPECIALITE": "254",
      "ID_DOCUMENT": null,
      "LETTRE_SPECIALITE": "S",
      "LIBELLE_COURT": "BP",
      "LIBELLE_LONG_200": "CONSTRUCTEUR EN CONSTRUCTION METALLIQUE DU BATIMENT",
      "LIBELLE_STAT_33": "CONST.EN CONSTRUCTION METAL.BATI.",
      "NATURE_FORMATION_DIPLOME": "1",
      "NB_MEF_FERME": "0",
      "NB_MEF_OUVERT": "0",
      "NIVEAU_FORMATION_DIPLOME": "450",
      "NIVEAU_QUALIFICATION_RNCP": "04",
      "NOUVEAU_DIPLOMES": [],
      "N_CITE_2013_DOMAINE_DETAILL_LIBELLE_EDITION": null,
      "N_CITE_DOMAINE_FORMATION_LIBELLE_EDITION": "INCONNU ou non prï¿½cisï¿½",
      "N_COMMENTAIRE": null,
      "N_GROUPE_SPECIALITE_LIBELLE_LONG": "STRUCTURES METALLIQUES",
      "N_LETTRE_SPECIALITE_LIBELLE_LONG": "PRODUCTION",
      "N_NATURE_FORMATION_DIPLOME_LIBELLE_100": "DIPLOME NATIONAL / DIPLOME D'ETAT",
      "N_NIVEAU_FORMATION_DIPLOME_LIBELLE_100": "BREVET PROFESSIONNEL",
      "N_NIVEAU_QUALIFICATION_RNCP_LIBELLE_LONG": "NIVEAU 4",
      "OBSERVATION": null,
      "UNITE_CAPITALISABLE": null,
    },
    "date": 2023-04-08T22:00:00.000Z,
    "source": "N_FORMATION_DIPLOME",
  },
  {
    "_id": "ObjectId",
    "data": {
      "ANCIEN_DIPLOMES": [],
      "ANCIEN_RECME": null,
      "CITE_DOMAINE_DETAILLE": "0011",
      "CITE_DOMAINE_FORMATION": "010",
      "COMMENTAIRE": null,
      "DATE_ARRETE_ABROGATION": null,
      "DATE_ARRETE_CREATION": null,
      "DATE_ARRETE_MODIFICATION_1": null,
      "DATE_ARRETE_MODIFICATION_10": null,
      "DATE_ARRETE_MODIFICATION_2": null,
      "DATE_ARRETE_MODIFICATION_3": null,
      "DATE_ARRETE_MODIFICATION_4": null,
      "DATE_ARRETE_MODIFICATION_5": null,
      "DATE_ARRETE_MODIFICATION_6": null,
      "DATE_ARRETE_MODIFICATION_7": null,
      "DATE_ARRETE_MODIFICATION_8": null,
      "DATE_ARRETE_MODIFICATION_9": null,
      "DATE_DERNIERE_SESSION": null,
      "DATE_FERMETURE": null,
      "DATE_INTERVENTION": "10/12/2020",
      "DATE_OUVERTURE": "01/09/2019",
      "DATE_PREMIERE_SESSION": null,
      "DATE_SESSION_RATTRAPAGE": null,
      "FORMATION_DIPLOME": "36Z10999",
      "GESTIONNAIRE_FORMATION_DIPLOME": null,
      "GROUPE_SPECIALITE": "109",
      "ID_DOCUMENT": null,
      "LETTRE_SPECIALITE": "A",
      "LIBELLE_COURT": "TH3",
      "LIBELLE_LONG_200": "FORMATIONS GENERALES (TH3)",
      "LIBELLE_STAT_33": "FORMATIONS GENERALES",
      "NATURE_FORMATION_DIPLOME": "S",
      "NB_MEF_FERME": "0",
      "NB_MEF_OUVERT": "1",
      "NIVEAU_FORMATION_DIPLOME": "36Z",
      "NIVEAU_QUALIFICATION_RNCP": "05",
      "NOUVEAU_DIPLOMES": [],
      "N_CITE_2013_DOMAINE_DETAILL_LIBELLE_EDITION": "Programmes et certifications de base",
      "N_CITE_DOMAINE_FORMATION_LIBELLE_EDITION": "Programmes de base (pï¿½primaires ...secondaires)",
      "N_COMMENTAIRE": "Support pour mefs apprentissage",
      "N_GROUPE_SPECIALITE_LIBELLE_LONG": "DO10 : FORMATIONS GENERALES",
      "N_LETTRE_SPECIALITE_LIBELLE_LONG": "AUTRE/NON INDIQUE (DOMAINE DISCIPLINAIR)",
      "N_NATURE_FORMATION_DIPLOME_LIBELLE_100": "GROUPEMENT STATISTIQUE",
      "N_NIVEAU_FORMATION_DIPLOME_LIBELLE_100": "TH DE NIV 3 NON PRECISE",
      "N_NIVEAU_QUALIFICATION_RNCP_LIBELLE_LONG": "NIVEAU 5",
      "OBSERVATION": null,
      "UNITE_CAPITALISABLE": null,
    },
    "date": 2023-04-08T22:00:00.000Z,
    "source": "N_FORMATION_DIPLOME",
  },
  {
    "_id": "ObjectId",
    "data": {
      "ANCIEN_DIPLOMES": [],
      "ANCIEN_RECME": null,
      "CITE_DOMAINE_DETAILLE": null,
      "CITE_DOMAINE_FORMATION": "812",
      "COMMENTAIRE": "Fermï¿½ en 2013 car doublon avec 35033003",
      "DATE_ARRETE_ABROGATION": null,
      "DATE_ARRETE_CREATION": null,
      "DATE_ARRETE_MODIFICATION_1": null,
      "DATE_ARRETE_MODIFICATION_10": null,
      "DATE_ARRETE_MODIFICATION_2": null,
      "DATE_ARRETE_MODIFICATION_3": null,
      "DATE_ARRETE_MODIFICATION_4": null,
      "DATE_ARRETE_MODIFICATION_5": null,
      "DATE_ARRETE_MODIFICATION_6": null,
      "DATE_ARRETE_MODIFICATION_7": null,
      "DATE_ARRETE_MODIFICATION_8": null,
      "DATE_ARRETE_MODIFICATION_9": null,
      "DATE_DERNIERE_SESSION": null,
      "DATE_FERMETURE": "31/08/2013",
      "DATE_INTERVENTION": "10/12/2020",
      "DATE_OUVERTURE": "01/09/2010",
      "DATE_PREMIERE_SESSION": "2012",
      "DATE_SESSION_RATTRAPAGE": null,
      "FORMATION_DIPLOME": "35033506",
      "GESTIONNAIRE_FORMATION_DIPLOME": "DGESIP",
      "GROUPE_SPECIALITE": "335",
      "ID_DOCUMENT": null,
      "LETTRE_SPECIALITE": "P",
      "LIBELLE_COURT": "DUT",
      "LIBELLE_LONG_200": "CARRIERES SOCIALES OPTION SERVICES A LA PERSONNE (DUT)",
      "LIBELLE_STAT_33": "CARR SOC SERVICES A LA PERSONNE",
      "NATURE_FORMATION_DIPLOME": "1",
      "NB_MEF_FERME": "0",
      "NB_MEF_OUVERT": "0",
      "NIVEAU_FORMATION_DIPLOME": "350",
      "NIVEAU_QUALIFICATION_RNCP": "05",
      "NOUVEAU_DIPLOMES": [],
      "N_CITE_2013_DOMAINE_DETAILL_LIBELLE_EDITION": null,
      "N_CITE_DOMAINE_FORMATION_LIBELLE_EDITION": "Voyage, tourisme et loisirs",
      "N_COMMENTAIRE": "Doublon avec DUT 35033003",
      "N_GROUPE_SPECIALITE_LIBELLE_LONG": "ANIMATION CULTUREL.,SPORTIV.& DE LOISIRS",
      "N_LETTRE_SPECIALITE_LIBELLE_LONG": "ORGANISATION GESTION",
      "N_NATURE_FORMATION_DIPLOME_LIBELLE_100": "DIPLOME NATIONAL / DIPLOME D'ETAT",
      "N_NIVEAU_FORMATION_DIPLOME_LIBELLE_100": "DIPLOME UNIVERSITAIRE DE TECHNOLOGIE",
      "N_NIVEAU_QUALIFICATION_RNCP_LIBELLE_LONG": "NIVEAU 5",
      "OBSERVATION": null,
      "UNITE_CAPITALISABLE": "O",
    },
    "date": 2023-04-08T22:00:00.000Z,
    "source": "N_FORMATION_DIPLOME",
  },
  {
    "_id": "ObjectId",
    "data": {
      "ANCIEN_DIPLOMES": [],
      "ANCIEN_RECME": null,
      "CITE_DOMAINE_DETAILLE": null,
      "CITE_DOMAINE_FORMATION": "622",
      "COMMENTAIRE": "Code E51 : CAP-0124. Code Agri : 311440. Apprentissage. REMPLACE PAR 503-21120S PROD HORTI PEPINIERES",
      "DATE_ARRETE_ABROGATION": null,
      "DATE_ARRETE_CREATION": null,
      "DATE_ARRETE_MODIFICATION_1": null,
      "DATE_ARRETE_MODIFICATION_10": null,
      "DATE_ARRETE_MODIFICATION_2": null,
      "DATE_ARRETE_MODIFICATION_3": null,
      "DATE_ARRETE_MODIFICATION_4": null,
      "DATE_ARRETE_MODIFICATION_5": null,
      "DATE_ARRETE_MODIFICATION_6": null,
      "DATE_ARRETE_MODIFICATION_7": null,
      "DATE_ARRETE_MODIFICATION_8": null,
      "DATE_ARRETE_MODIFICATION_9": null,
      "DATE_DERNIERE_SESSION": "1996",
      "DATE_FERMETURE": "31/08/1998",
      "DATE_INTERVENTION": "10/12/2020",
      "DATE_OUVERTURE": "15/02/1996",
      "DATE_PREMIERE_SESSION": "1975",
      "DATE_SESSION_RATTRAPAGE": null,
      "FORMATION_DIPLOME": "50321119",
      "GESTIONNAIRE_FORMATION_DIPLOME": "SPN AGRI",
      "GROUPE_SPECIALITE": "211",
      "ID_DOCUMENT": null,
      "LETTRE_SPECIALITE": "S",
      "LIBELLE_COURT": "CAPA",
      "LIBELLE_LONG_200": "EMPLOYE HORTICULTURE SPE PEPINIERES (CAPA)",
      "LIBELLE_STAT_33": "EMPLOYE HORTICOLE PEPINIERES",
      "NATURE_FORMATION_DIPLOME": "2",
      "NB_MEF_FERME": "2",
      "NB_MEF_OUVERT": "0",
      "NIVEAU_FORMATION_DIPLOME": "503",
      "NIVEAU_QUALIFICATION_RNCP": "03",
      "NOUVEAU_DIPLOMES": [],
      "N_CITE_2013_DOMAINE_DETAILL_LIBELLE_EDITION": null,
      "N_CITE_DOMAINE_FORMATION_LIBELLE_EDITION": "Horticulture",
      "N_COMMENTAIRE": null,
      "N_GROUPE_SPECIALITE_LIBELLE_LONG": "PRODUCTIONS VEGETALES, CULTUR.SPECIALIS.",
      "N_LETTRE_SPECIALITE_LIBELLE_LONG": "PRODUCTION",
      "N_NATURE_FORMATION_DIPLOME_LIBELLE_100": "TITRE PROFESSIONNEL HOMOLOGUE OU CERTIFIE",
      "N_NIVEAU_FORMATION_DIPLOME_LIBELLE_100": "CERTIFICAT D'APTITUDE PROFESSIONNELLE AGRICOLE",
      "N_NIVEAU_QUALIFICATION_RNCP_LIBELLE_LONG": "NIVEAU 3",
      "OBSERVATION": null,
      "UNITE_CAPITALISABLE": null,
    },
    "date": 2023-04-08T22:00:00.000Z,
    "source": "N_FORMATION_DIPLOME",
  },
  {
    "_id": "ObjectId",
    "data": {
      "ANCIEN_DIPLOMES": [],
      "ANCIEN_RECME": null,
      "CITE_DOMAINE_DETAILLE": null,
      "CITE_DOMAINE_FORMATION": "582",
      "COMMENTAIRE": "Support crï¿½ï¿½ par groupe de spï¿½cialitï¿½s pour Mef acadï¿½miques CAP 3 ans.",
      "DATE_ARRETE_ABROGATION": null,
      "DATE_ARRETE_CREATION": null,
      "DATE_ARRETE_MODIFICATION_1": null,
      "DATE_ARRETE_MODIFICATION_10": null,
      "DATE_ARRETE_MODIFICATION_2": null,
      "DATE_ARRETE_MODIFICATION_3": null,
      "DATE_ARRETE_MODIFICATION_4": null,
      "DATE_ARRETE_MODIFICATION_5": null,
      "DATE_ARRETE_MODIFICATION_6": null,
      "DATE_ARRETE_MODIFICATION_7": null,
      "DATE_ARRETE_MODIFICATION_8": null,
      "DATE_ARRETE_MODIFICATION_9": null,
      "DATE_DERNIERE_SESSION": null,
      "DATE_FERMETURE": "31/08/2011",
      "DATE_INTERVENTION": "10/12/2020",
      "DATE_OUVERTURE": "01/09/2004",
      "DATE_PREMIERE_SESSION": null,
      "DATE_SESSION_RATTRAPAGE": null,
      "FORMATION_DIPLOME": "50023099",
      "GESTIONNAIRE_FORMATION_DIPLOME": "DGESCO A2-3",
      "GROUPE_SPECIALITE": "230",
      "ID_DOCUMENT": null,
      "LETTRE_SPECIALITE": "M",
      "LIBELLE_COURT": "CAP",
      "LIBELLE_LONG_200": "SPEC.PLURITECHNO, GENIE CIVIL, CONSTRUC.",
      "LIBELLE_STAT_33": "SPEC.PLURITECH GENIE CIVIL",
      "NATURE_FORMATION_DIPLOME": "S",
      "NB_MEF_FERME": "3",
      "NB_MEF_OUVERT": "0",
      "NIVEAU_FORMATION_DIPLOME": "500",
      "NIVEAU_QUALIFICATION_RNCP": "03",
      "NOUVEAU_DIPLOMES": [],
      "N_CITE_2013_DOMAINE_DETAILL_LIBELLE_EDITION": null,
      "N_CITE_DOMAINE_FORMATION_LIBELLE_EDITION": "Bï¿½timent et gï¿½nie civil",
      "N_COMMENTAIRE": null,
      "N_GROUPE_SPECIALITE_LIBELLE_LONG": "SPEC.PLURITECHNO, GENIE CIVIL, CONSTRUC.",
      "N_LETTRE_SPECIALITE_LIBELLE_LONG": "AUTRE/NON INDIQUE (DOMAINE TECHNICO-PRO)",
      "N_NATURE_FORMATION_DIPLOME_LIBELLE_100": "GROUPEMENT STATISTIQUE",
      "N_NIVEAU_FORMATION_DIPLOME_LIBELLE_100": "CERTIFICAT D'APTITUDE PROFESSIONNELLE",
      "N_NIVEAU_QUALIFICATION_RNCP_LIBELLE_LONG": "NIVEAU 3",
      "OBSERVATION": null,
      "UNITE_CAPITALISABLE": null,
    },
    "date": 2023-04-08T22:00:00.000Z,
    "source": "N_FORMATION_DIPLOME",
  },
  {
    "_id": "ObjectId",
    "data": {
      "ANCIEN_DIPLOMES": [],
      "ANCIEN_RECME": "323610",
      "CITE_DOMAINE_DETAILLE": "0212",
      "CITE_DOMAINE_FORMATION": "214",
      "COMMENTAIRE": "MISE EN CONFORMITE AVEC LE DECRET DU 15/01/2003 PAR ARRï¿½TE DU 31/07/2003 : APPLICABLE RS 2003 (pas de changement de code).",
      "DATE_ARRETE_ABROGATION": null,
      "DATE_ARRETE_CREATION": "17/07/1987",
      "DATE_ARRETE_MODIFICATION_1": "31/07/2003",
      "DATE_ARRETE_MODIFICATION_10": null,
      "DATE_ARRETE_MODIFICATION_2": "23/11/2004",
      "DATE_ARRETE_MODIFICATION_3": null,
      "DATE_ARRETE_MODIFICATION_4": null,
      "DATE_ARRETE_MODIFICATION_5": null,
      "DATE_ARRETE_MODIFICATION_6": null,
      "DATE_ARRETE_MODIFICATION_7": null,
      "DATE_ARRETE_MODIFICATION_8": null,
      "DATE_ARRETE_MODIFICATION_9": null,
      "DATE_DERNIERE_SESSION": null,
      "DATE_FERMETURE": null,
      "DATE_INTERVENTION": "10/12/2020",
      "DATE_OUVERTURE": "17/07/1987",
      "DATE_PREMIERE_SESSION": "1989",
      "DATE_SESSION_RATTRAPAGE": null,
      "FORMATION_DIPLOME": "32124101",
      "GESTIONNAIRE_FORMATION_DIPLOME": "DGESIP A2",
      "GROUPE_SPECIALITE": "241",
      "ID_DOCUMENT": null,
      "LETTRE_SPECIALITE": "V",
      "LIBELLE_COURT": "DMA",
      "LIBELLE_LONG_200": "TEXTILES ET CERAMIQUES OPTION : ARTS TEXTILES (DMA)",
      "LIBELLE_STAT_33": "TEXTIL.CERAMIQUE:ARTS TEXTILES",
      "NATURE_FORMATION_DIPLOME": "1",
      "NB_MEF_FERME": "0",
      "NB_MEF_OUVERT": "3",
      "NIVEAU_FORMATION_DIPLOME": "321",
      "NIVEAU_QUALIFICATION_RNCP": "05",
      "NOUVEAU_DIPLOMES": [],
      "N_CITE_2013_DOMAINE_DETAILL_LIBELLE_EDITION": "Stylisme, dï¿½coration et design industriel",
      "N_CITE_DOMAINE_FORMATION_LIBELLE_EDITION": "Stylisme / Conception",
      "N_COMMENTAIRE": null,
      "N_GROUPE_SPECIALITE_LIBELLE_LONG": "TEXTILE",
      "N_LETTRE_SPECIALITE_LIBELLE_LONG": "PRODUCTION A CARACTERE ARTISTIQUE",
      "N_NATURE_FORMATION_DIPLOME_LIBELLE_100": "DIPLOME NATIONAL / DIPLOME D'ETAT",
      "N_NIVEAU_FORMATION_DIPLOME_LIBELLE_100": "DIPLOME DES METIERS D'ART",
      "N_NIVEAU_QUALIFICATION_RNCP_LIBELLE_LONG": "NIVEAU 5",
      "OBSERVATION": "2 OPTIONS : ARTS DE LA CERAMIQUE ARTISANALE (32122401V), ARTS TEXTILES (32124101V). Voir Dï¿½cret nï¿½2008-504 du 28/05/2008.",
      "UNITE_CAPITALISABLE": "N",
    },
    "date": 2023-04-08T22:00:00.000Z,
    "source": "N_FORMATION_DIPLOME",
  },
  {
    "_id": "ObjectId",
    "data": {
      "ANCIEN_DIPLOMES": [],
      "ANCIEN_RECME": null,
      "CITE_DOMAINE_DETAILLE": null,
      "CITE_DOMAINE_FORMATION": "999",
      "COMMENTAIRE": "CODIFICATION REVUE A PARTIR DE LA RENTREE 1995 : CLASSES & SECTIONS INTERNATIONALES NE SONT PLUS IDENTIFIEES A CE NIVEAU.",
      "DATE_ARRETE_ABROGATION": null,
      "DATE_ARRETE_CREATION": "01/01/1992",
      "DATE_ARRETE_MODIFICATION_1": null,
      "DATE_ARRETE_MODIFICATION_10": null,
      "DATE_ARRETE_MODIFICATION_2": null,
      "DATE_ARRETE_MODIFICATION_3": null,
      "DATE_ARRETE_MODIFICATION_4": null,
      "DATE_ARRETE_MODIFICATION_5": null,
      "DATE_ARRETE_MODIFICATION_6": null,
      "DATE_ARRETE_MODIFICATION_7": null,
      "DATE_ARRETE_MODIFICATION_8": null,
      "DATE_ARRETE_MODIFICATION_9": null,
      "DATE_DERNIERE_SESSION": null,
      "DATE_FERMETURE": "31/08/1995",
      "DATE_INTERVENTION": "22/02/2023",
      "DATE_OUVERTURE": "01/01/1992",
      "DATE_PREMIERE_SESSION": null,
      "DATE_SESSION_RATTRAPAGE": null,
      "FORMATION_DIPLOME": "67010005",
      "GESTIONNAIRE_FORMATION_DIPLOME": "DGESCO A1-2",
      "GROUPE_SPECIALITE": "100",
      "ID_DOCUMENT": null,
      "LETTRE_SPECIALITE": "A",
      "LIBELLE_COURT": "1E CYC.GEN",
      "LIBELLE_LONG_200": "CLASSE/SECTION BILINGUE",
      "LIBELLE_STAT_33": "BILINGUE",
      "NATURE_FORMATION_DIPLOME": "4",
      "NB_MEF_FERME": "4",
      "NB_MEF_OUVERT": "0",
      "NIVEAU_FORMATION_DIPLOME": "670",
      "NIVEAU_QUALIFICATION_RNCP": "02",
      "NOUVEAU_DIPLOMES": [],
      "N_CITE_2013_DOMAINE_DETAILL_LIBELLE_EDITION": null,
      "N_CITE_DOMAINE_FORMATION_LIBELLE_EDITION": "INCONNU ou non prï¿½cisï¿½",
      "N_COMMENTAIRE": null,
      "N_GROUPE_SPECIALITE_LIBELLE_LONG": "FORMATIONS GENERALES",
      "N_LETTRE_SPECIALITE_LIBELLE_LONG": "AUTRE/NON INDIQUE (DOMAINE DISCIPLINAIR)",
      "N_NATURE_FORMATION_DIPLOME_LIBELLE_100": "CLASSE OU CYCLE",
      "N_NIVEAU_FORMATION_DIPLOME_LIBELLE_100": "FORMATIONS GENERALES DE 1ER CYCLE",
      "N_NIVEAU_QUALIFICATION_RNCP_LIBELLE_LONG": "NIVEAU 2",
      "OBSERVATION": "Elles sont dï¿½sormais repï¿½rï¿½es par le 11ï¿½me caractï¿½re du Mef.",
      "UNITE_CAPITALISABLE": null,
    },
    "date": 2023-04-08T22:00:00.000Z,
    "source": "N_FORMATION_DIPLOME",
  },
  {
    "_id": "ObjectId",
    "data": {
      "ANCIEN_DIPLOMES": [],
      "ANCIEN_RECME": null,
      "CITE_DOMAINE_DETAILLE": null,
      "CITE_DOMAINE_FORMATION": null,
      "COMMENTAIRE": null,
      "DATE_ARRETE_ABROGATION": null,
      "DATE_ARRETE_CREATION": "09/12/2022",
      "DATE_ARRETE_MODIFICATION_1": "28/09/2023",
      "DATE_ARRETE_MODIFICATION_10": null,
      "DATE_ARRETE_MODIFICATION_2": "29/09/2023",
      "DATE_ARRETE_MODIFICATION_3": null,
      "DATE_ARRETE_MODIFICATION_4": null,
      "DATE_ARRETE_MODIFICATION_5": null,
      "DATE_ARRETE_MODIFICATION_6": null,
      "DATE_ARRETE_MODIFICATION_7": null,
      "DATE_ARRETE_MODIFICATION_8": null,
      "DATE_ARRETE_MODIFICATION_9": null,
      "DATE_DERNIERE_SESSION": null,
      "DATE_FERMETURE": null,
      "DATE_INTERVENTION": "08/02/2024",
      "DATE_OUVERTURE": "01/09/2023",
      "DATE_PREMIERE_SESSION": "2025",
      "DATE_SESSION_RATTRAPAGE": null,
      "FORMATION_DIPLOME": "32033609",
      "GESTIONNAIRE_FORMATION_DIPLOME": "DGESIP A2",
      "GROUPE_SPECIALITE": "336",
      "ID_DOCUMENT": null,
      "LETTRE_SPECIALITE": "T",
      "LIBELLE_COURT": "BTS",
      "LIBELLE_LONG_200": "METIERS DE L'ESTHETIQUE, DE LA COSMETIQUE ET DE LA PARFUMERIE OPTION MANAGEMENT (BTS)",
      "LIBELLE_STAT_33": "MET. ESTH.COSM.PARF. OPT.MANAGEM.",
      "NATURE_FORMATION_DIPLOME": "1",
      "NB_MEF_FERME": "0",
      "NB_MEF_OUVERT": "3",
      "NIVEAU_FORMATION_DIPLOME": "320",
      "NIVEAU_QUALIFICATION_RNCP": "05",
      "NOUVEAU_DIPLOMES": [],
      "N_CITE_2013_DOMAINE_DETAILL_LIBELLE_EDITION": null,
      "N_CITE_DOMAINE_FORMATION_LIBELLE_EDITION": null,
      "N_COMMENTAIRE": null,
      "N_GROUPE_SPECIALITE_LIBELLE_LONG": "COIFFURE, ESTHETIQ.& AUTR.SERVICES PERSO",
      "N_LETTRE_SPECIALITE_LIBELLE_LONG": "REALISATION DU SERVICE",
      "N_NATURE_FORMATION_DIPLOME_LIBELLE_100": "DIPLOME NATIONAL / DIPLOME D'ETAT",
      "N_NIVEAU_FORMATION_DIPLOME_LIBELLE_100": "BREVET DE TECHNICIEN SUPERIEUR",
      "N_NIVEAU_QUALIFICATION_RNCP_LIBELLE_LONG": "NIVEAU 5",
      "OBSERVATION": "3 options : Management (32033609T), Formation-marques (32033610T), Cosmï¿½tologie (32033611T). Anticipation d'un an pour les apprentis",
      "UNITE_CAPITALISABLE": null,
    },
    "date": 2023-04-08T22:00:00.000Z,
    "source": "N_FORMATION_DIPLOME",
  },
  {
    "_id": "ObjectId",
    "data": {
      "ANCIEN_DIPLOMES": [],
      "ANCIEN_RECME": "500809",
      "CITE_DOMAINE_DETAILLE": null,
      "CITE_DOMAINE_FORMATION": "999",
      "COMMENTAIRE": "REMPLACE PAR LE CAP ALLIAGES MOULES SUR MODELES (50022326S).",
      "DATE_ARRETE_ABROGATION": "06/08/1991",
      "DATE_ARRETE_CREATION": "02/09/1988",
      "DATE_ARRETE_MODIFICATION_1": null,
      "DATE_ARRETE_MODIFICATION_10": null,
      "DATE_ARRETE_MODIFICATION_2": null,
      "DATE_ARRETE_MODIFICATION_3": null,
      "DATE_ARRETE_MODIFICATION_4": null,
      "DATE_ARRETE_MODIFICATION_5": null,
      "DATE_ARRETE_MODIFICATION_6": null,
      "DATE_ARRETE_MODIFICATION_7": null,
      "DATE_ARRETE_MODIFICATION_8": null,
      "DATE_ARRETE_MODIFICATION_9": null,
      "DATE_DERNIERE_SESSION": "1992",
      "DATE_FERMETURE": "31/08/1994",
      "DATE_INTERVENTION": "10/12/2020",
      "DATE_OUVERTURE": "02/09/1988",
      "DATE_PREMIERE_SESSION": "1990",
      "DATE_SESSION_RATTRAPAGE": null,
      "FORMATION_DIPLOME": "50022304",
      "GESTIONNAIRE_FORMATION_DIPLOME": "DGESCO A2-3",
      "GROUPE_SPECIALITE": "223",
      "ID_DOCUMENT": null,
      "LETTRE_SPECIALITE": "S",
      "LIBELLE_COURT": "CAP",
      "LIBELLE_LONG_200": "FABRICATIONS EN ALLIAGES MOULES SUR MODELES (CAP)",
      "LIBELLE_STAT_33": "FABR.ALLIAGES MOULES SUR MODELES",
      "NATURE_FORMATION_DIPLOME": "1",
      "NB_MEF_FERME": "6",
      "NB_MEF_OUVERT": "0",
      "NIVEAU_FORMATION_DIPLOME": "500",
      "NIVEAU_QUALIFICATION_RNCP": "03",
      "NOUVEAU_DIPLOMES": [],
      "N_CITE_2013_DOMAINE_DETAILL_LIBELLE_EDITION": null,
      "N_CITE_DOMAINE_FORMATION_LIBELLE_EDITION": "INCONNU ou non prï¿½cisï¿½",
      "N_COMMENTAIRE": null,
      "N_GROUPE_SPECIALITE_LIBELLE_LONG": "METALLURGIE (Y.C. SIDERURGIE, FONDERIE)",
      "N_LETTRE_SPECIALITE_LIBELLE_LONG": "PRODUCTION",
      "N_NATURE_FORMATION_DIPLOME_LIBELLE_100": "DIPLOME NATIONAL / DIPLOME D'ETAT",
      "N_NIVEAU_FORMATION_DIPLOME_LIBELLE_100": "CERTIFICAT D'APTITUDE PROFESSIONNELLE",
      "N_NIVEAU_QUALIFICATION_RNCP_LIBELLE_LONG": "NIVEAU 3",
      "OBSERVATION": null,
      "UNITE_CAPITALISABLE": null,
    },
    "date": 2023-04-08T22:00:00.000Z,
    "source": "N_FORMATION_DIPLOME",
  },
  {
    "_id": "ObjectId",
    "data": {
      "ANCIEN_DIPLOMES": [],
      "ANCIEN_RECME": null,
      "CITE_DOMAINE_DETAILLE": "1012",
      "CITE_DOMAINE_FORMATION": "815",
      "COMMENTAIRE": null,
      "DATE_ARRETE_ABROGATION": "09/12/2022",
      "DATE_ARRETE_CREATION": "30/10/2012",
      "DATE_ARRETE_MODIFICATION_1": "29/12/2014",
      "DATE_ARRETE_MODIFICATION_10": null,
      "DATE_ARRETE_MODIFICATION_2": "29/09/2023",
      "DATE_ARRETE_MODIFICATION_3": null,
      "DATE_ARRETE_MODIFICATION_4": null,
      "DATE_ARRETE_MODIFICATION_5": null,
      "DATE_ARRETE_MODIFICATION_6": null,
      "DATE_ARRETE_MODIFICATION_7": null,
      "DATE_ARRETE_MODIFICATION_8": null,
      "DATE_ARRETE_MODIFICATION_9": null,
      "DATE_DERNIERE_SESSION": "2024",
      "DATE_FERMETURE": "31/08/2024",
      "DATE_INTERVENTION": "16/12/2023",
      "DATE_OUVERTURE": "01/09/2013",
      "DATE_PREMIERE_SESSION": "2015",
      "DATE_SESSION_RATTRAPAGE": null,
      "FORMATION_DIPLOME": "32033603",
      "GESTIONNAIRE_FORMATION_DIPLOME": "DGESIP A2",
      "GROUPE_SPECIALITE": "336",
      "ID_DOCUMENT": null,
      "LETTRE_SPECIALITE": "T",
      "LIBELLE_COURT": "BTS",
      "LIBELLE_LONG_200": "METIERS DE L'ESTHETIQUE-COSMETIQUE-PARFUMERIE, OPTION A : MANAGEMENT (BTS)",
      "LIBELLE_STAT_33": "MET. ESTH.COSM.PARF. OPT.A MANAG.",
      "NATURE_FORMATION_DIPLOME": "1",
      "NB_MEF_FERME": "2",
      "NB_MEF_OUVERT": "0",
      "NIVEAU_FORMATION_DIPLOME": "320",
      "NIVEAU_QUALIFICATION_RNCP": "05",
      "NOUVEAU_DIPLOMES": [
        "32033609",
      ],
      "N_CITE_2013_DOMAINE_DETAILL_LIBELLE_EDITION": "Services de soins de beautï¿½ et de coiffure",
      "N_CITE_DOMAINE_FORMATION_LIBELLE_EDITION": "Coiffure et soins de beautï¿½",
      "N_COMMENTAIRE": "octobre 2014 : renseignement colonne CITE_DOMAINE_FORMATION",
      "N_GROUPE_SPECIALITE_LIBELLE_LONG": "COIFFURE, ESTHETIQ.& AUTR.SERVICES PERSO",
      "N_LETTRE_SPECIALITE_LIBELLE_LONG": "REALISATION DU SERVICE",
      "N_NATURE_FORMATION_DIPLOME_LIBELLE_100": "DIPLOME NATIONAL / DIPLOME D'ETAT",
      "N_NIVEAU_FORMATION_DIPLOME_LIBELLE_100": "BREVET DE TECHNICIEN SUPERIEUR",
      "N_NIVEAU_QUALIFICATION_RNCP_LIBELLE_LONG": "NIVEAU 5",
      "OBSERVATION": "3 options : A management (32033603T), B formation-marques (32033604T), C cosmï¿½tologie (32033605T)",
      "UNITE_CAPITALISABLE": null,
    },
    "date": 2023-04-08T22:00:00.000Z,
    "source": "N_FORMATION_DIPLOME",
  },
]
`;

exports[`runBcnImporter > should import Bcn sources 2`] = `
[
  {
    "_id": "ObjectId",
    "data": {
      "ANCIEN_RECME": null,
      "CITE_DOMAINE_DETAILLE": null,
      "CITE_DOMAINE_FORMATION": "850",
      "COMMENTAIRE": "fermï¿½ suite ï¿½ Ar 22/02/2001 Controler libellï¿½ fermï¿½ suite ï¿½ Ar 22/02/2001",
      "DATE_ARRETE_ABROGATION": null,
      "DATE_ARRETE_CREATION": null,
      "DATE_ARRETE_MODIFICATION_1": "22/02/2001",
      "DATE_ARRETE_MODIFICATION_10": null,
      "DATE_ARRETE_MODIFICATION_2": null,
      "DATE_ARRETE_MODIFICATION_3": null,
      "DATE_ARRETE_MODIFICATION_4": null,
      "DATE_ARRETE_MODIFICATION_5": null,
      "DATE_ARRETE_MODIFICATION_6": null,
      "DATE_ARRETE_MODIFICATION_7": null,
      "DATE_ARRETE_MODIFICATION_8": null,
      "DATE_ARRETE_MODIFICATION_9": null,
      "DATE_DERNIERE_SESSION": null,
      "DATE_FERMETURE": "31/08/2001",
      "DATE_INTERVENTION": "06/01/2021",
      "DATE_OUVERTURE": "01/09/1998",
      "DATE_PREMIERE_SESSION": null,
      "DIPLOME_SISE": null,
      "FORMATION_DIPLOME": "1703430A",
      "GESTIONNAIRE_FORMATION_DIPLOME": "SPN",
      "GROUPE_SPECIALITE": "343",
      "HABILITATION_ORIGINE": null,
      "ID_DOCUMENT": null,
      "LETTRE_SPECIALITE": "M",
      "LIBELLE_COURT": "ING",
      "LIBELLE_LONG_200": "INGENIEUR EN HYGIENE INDUSTRIELLE ET ENVIRONNEMENT, DIPLOME DU CONSERVATOIRE NATIONAL DES ARTS ET METIERS CNAM (ING)",
      "LIBELLE_STAT_33": "EN HYGIENE INDUSTRIEL ET ENVIRONM",
      "NATURE_FORMATION_DIPLOME": "1",
      "NIVEAU_FORMATION_DIPLOME": "170",
      "NIVEAU_QUALIFICATION_RNCP": "07",
      "NUMERO_UAI": "0753471R",
      "N_CITE_2013_DOMAINE_DETAILL_LIBELLE_EDITION": null,
      "N_CITE_DOMAINE_FORMATION_LIBELLE_EDITION": "Protection de l'environnement",
      "N_COMMENTAIRE": null,
      "N_DIPLOME_SISE_LIBELLE_INTITULE_1": null,
      "N_GROUPE_SPECIALITE_LIBELLE_LONG": "NETTOYAGE, ASSAIN., PROTECTION ENVIRONMT",
      "N_LETTRE_SPECIALITE_LIBELLE_LONG": "AUTRE/NON INDIQUE (DOMAINE TECHNICO-PRO)",
      "N_NATURE_FORMATION_DIPLOME_LIBELLE_100": "DIPLOME NATIONAL / DIPLOME D'ETAT",
      "N_NIVEAU_FORMATION_DIPLOME_LIBELLE_100": "INGENIEURS RECONNUS (RCT..), NFI , ALTERNANCE",
      "N_NIVEAU_QUALIFICATION_RNCP_LIBELLE_LONG": "NIVEAU 7",
      "UNITE_CAPITALISABLE": null,
    },
    "date": 2023-04-08T22:00:00.000Z,
    "source": "N_FORMATION_DIPLOME_ENQUETE_51",
  },
  {
    "_id": "ObjectId",
    "data": {
      "ANCIEN_RECME": null,
      "CITE_DOMAINE_DETAILLE": "1014",
      "CITE_DOMAINE_FORMATION": "813",
      "COMMENTAIRE": "demande region",
      "DATE_ARRETE_ABROGATION": null,
      "DATE_ARRETE_CREATION": null,
      "DATE_ARRETE_MODIFICATION_1": null,
      "DATE_ARRETE_MODIFICATION_10": null,
      "DATE_ARRETE_MODIFICATION_2": null,
      "DATE_ARRETE_MODIFICATION_3": null,
      "DATE_ARRETE_MODIFICATION_4": null,
      "DATE_ARRETE_MODIFICATION_5": null,
      "DATE_ARRETE_MODIFICATION_6": null,
      "DATE_ARRETE_MODIFICATION_7": null,
      "DATE_ARRETE_MODIFICATION_8": null,
      "DATE_ARRETE_MODIFICATION_9": null,
      "DATE_DERNIERE_SESSION": null,
      "DATE_FERMETURE": "31/08/2023",
      "DATE_INTERVENTION": "10/12/2020",
      "DATE_OUVERTURE": "01/09/2018",
      "DATE_PREMIERE_SESSION": null,
      "DIPLOME_SISE": "2500202",
      "FORMATION_DIPLOME": "13533519",
      "GESTIONNAIRE_FORMATION_DIPLOME": "DEPPA1",
      "GROUPE_SPECIALITE": "335",
      "HABILITATION_ORIGINE": "2019",
      "ID_DOCUMENT": null,
      "LETTRE_SPECIALITE": "M",
      "LIBELLE_COURT": "MASTER PRO",
      "LIBELLE_LONG_200": "STAPS:MANAGEMENT DU SPORT (MASTER ORLEANS)",
      "LIBELLE_STAT_33": "STAPS:MANAGEMENT DU SPORT",
      "NATURE_FORMATION_DIPLOME": "1",
      "NIVEAU_FORMATION_DIPLOME": "135",
      "NIVEAU_QUALIFICATION_RNCP": "07",
      "NUMERO_UAI": "0450855K",
      "N_CITE_2013_DOMAINE_DETAILL_LIBELLE_EDITION": "Sports",
      "N_CITE_DOMAINE_FORMATION_LIBELLE_EDITION": "Sports",
      "N_COMMENTAIRE": null,
      "N_DIPLOME_SISE_LIBELLE_INTITULE_1": "STAPS:MANAGEMENT DU SPORT",
      "N_GROUPE_SPECIALITE_LIBELLE_LONG": "ANIMATION CULTUREL.,SPORTIV.& DE LOISIRS",
      "N_LETTRE_SPECIALITE_LIBELLE_LONG": "AUTRE/NON INDIQUE (DOMAINE TECHNICO-PRO)",
      "N_NATURE_FORMATION_DIPLOME_LIBELLE_100": "DIPLOME NATIONAL / DIPLOME D'ETAT",
      "N_NIVEAU_FORMATION_DIPLOME_LIBELLE_100": "MASTER PROFESSIONNEL",
      "N_NIVEAU_QUALIFICATION_RNCP_LIBELLE_LONG": "NIVEAU 7",
      "UNITE_CAPITALISABLE": null,
    },
    "date": 2023-04-08T22:00:00.000Z,
    "source": "N_FORMATION_DIPLOME_ENQUETE_51",
  },
  {
    "_id": "ObjectId",
    "data": {
      "ANCIEN_RECME": null,
      "CITE_DOMAINE_DETAILLE": "0700",
      "CITE_DOMAINE_FORMATION": "500",
      "COMMENTAIRE": "rncp 30098",
      "DATE_ARRETE_ABROGATION": null,
      "DATE_ARRETE_CREATION": null,
      "DATE_ARRETE_MODIFICATION_1": null,
      "DATE_ARRETE_MODIFICATION_10": null,
      "DATE_ARRETE_MODIFICATION_2": null,
      "DATE_ARRETE_MODIFICATION_3": null,
      "DATE_ARRETE_MODIFICATION_4": null,
      "DATE_ARRETE_MODIFICATION_5": null,
      "DATE_ARRETE_MODIFICATION_6": null,
      "DATE_ARRETE_MODIFICATION_7": null,
      "DATE_ARRETE_MODIFICATION_8": null,
      "DATE_ARRETE_MODIFICATION_9": null,
      "DATE_DERNIERE_SESSION": null,
      "DATE_FERMETURE": null,
      "DATE_INTERVENTION": "10/12/2020",
      "DATE_OUVERTURE": "01/09/2019",
      "DATE_PREMIERE_SESSION": null,
      "DIPLOME_SISE": "2400163",
      "FORMATION_DIPLOME": "2502001U",
      "GESTIONNAIRE_FORMATION_DIPLOME": "DEPPA1",
      "GROUPE_SPECIALITE": "200",
      "HABILITATION_ORIGINE": null,
      "ID_DOCUMENT": null,
      "LETTRE_SPECIALITE": "R",
      "LIBELLE_COURT": "LIC-PRO",
      "LIBELLE_LONG_200": "QUALITE, HYGIENE, SECURITE, SANTE, ENVIRONNEMENT (LP)",
      "LIBELLE_STAT_33": "QUALIT HYG SECURIT SANTE ENVIRONT",
      "NATURE_FORMATION_DIPLOME": "1",
      "NIVEAU_FORMATION_DIPLOME": "250",
      "NIVEAU_QUALIFICATION_RNCP": "06",
      "NUMERO_UAI": null,
      "N_CITE_2013_DOMAINE_DETAILL_LIBELLE_EDITION": "Ingï¿½nierie, industries de transformation et construction",
      "N_CITE_DOMAINE_FORMATION_LIBELLE_EDITION": "INGENIERIE, INDUSTRIE DE TRANSFORMATION ET DE PRODUCTION",
      "N_COMMENTAIRE": null,
      "N_DIPLOME_SISE_LIBELLE_INTITULE_1": "QUALITE, HYGIENE, SECURITE, SANTE, ENVIRONNEMENT",
      "N_GROUPE_SPECIALITE_LIBELLE_LONG": "TECHNOLOGIES INDUSTRIELLES FONDAMENTALES",
      "N_LETTRE_SPECIALITE_LIBELLE_LONG": "CONTROLE PREVENTION ENTRETIEN",
      "N_NATURE_FORMATION_DIPLOME_LIBELLE_100": "DIPLOME NATIONAL / DIPLOME D'ETAT",
      "N_NIVEAU_FORMATION_DIPLOME_LIBELLE_100": "LICENCE PROFESSIONNELLE",
      "N_NIVEAU_QUALIFICATION_RNCP_LIBELLE_LONG": "NIVEAU 6",
      "UNITE_CAPITALISABLE": null,
    },
    "date": 2023-04-08T22:00:00.000Z,
    "source": "N_FORMATION_DIPLOME_ENQUETE_51",
  },
  {
    "_id": "ObjectId",
    "data": {
      "ANCIEN_RECME": null,
      "CITE_DOMAINE_DETAILLE": null,
      "CITE_DOMAINE_FORMATION": null,
      "COMMENTAIRE": "rncp 28217 2 codes Sise pour A et B pris le premier",
      "DATE_ARRETE_ABROGATION": null,
      "DATE_ARRETE_CREATION": "03/08/1994",
      "DATE_ARRETE_MODIFICATION_1": null,
      "DATE_ARRETE_MODIFICATION_10": null,
      "DATE_ARRETE_MODIFICATION_2": null,
      "DATE_ARRETE_MODIFICATION_3": null,
      "DATE_ARRETE_MODIFICATION_4": null,
      "DATE_ARRETE_MODIFICATION_5": null,
      "DATE_ARRETE_MODIFICATION_6": null,
      "DATE_ARRETE_MODIFICATION_7": null,
      "DATE_ARRETE_MODIFICATION_8": null,
      "DATE_ARRETE_MODIFICATION_9": null,
      "DATE_DERNIERE_SESSION": null,
      "DATE_FERMETURE": null,
      "DATE_INTERVENTION": "10/12/2020",
      "DATE_OUVERTURE": "01/09/2019",
      "DATE_PREMIERE_SESSION": null,
      "DIPLOME_SISE": "8000027",
      "FORMATION_DIPLOME": "46010001",
      "GESTIONNAIRE_FORMATION_DIPLOME": "DEPPA1",
      "GROUPE_SPECIALITE": "100",
      "HABILITATION_ORIGINE": null,
      "ID_DOCUMENT": null,
      "LETTRE_SPECIALITE": "M",
      "LIBELLE_COURT": "DAEU",
      "LIBELLE_LONG_200": "DIPLOME D'ACCES AUX ETUDES UNIVERSITAIRES (DAEU)",
      "LIBELLE_STAT_33": "DAEU",
      "NATURE_FORMATION_DIPLOME": "1",
      "NIVEAU_FORMATION_DIPLOME": "460",
      "NIVEAU_QUALIFICATION_RNCP": "04",
      "NUMERO_UAI": null,
      "N_CITE_2013_DOMAINE_DETAILL_LIBELLE_EDITION": null,
      "N_CITE_DOMAINE_FORMATION_LIBELLE_EDITION": null,
      "N_COMMENTAIRE": null,
      "N_DIPLOME_SISE_LIBELLE_INTITULE_1": "DIPLOME D'ACCES AUX ETUDES UNIVERSITAIRES - A (DAEU - A)",
      "N_GROUPE_SPECIALITE_LIBELLE_LONG": "FORMATIONS GENERALES",
      "N_LETTRE_SPECIALITE_LIBELLE_LONG": "AUTRE/NON INDIQUE (DOMAINE TECHNICO-PRO)",
      "N_NATURE_FORMATION_DIPLOME_LIBELLE_100": "DIPLOME NATIONAL / DIPLOME D'ETAT",
      "N_NIVEAU_FORMATION_DIPLOME_LIBELLE_100": "AUTRES DIPLOMES DE NIVEAU IV",
      "N_NIVEAU_QUALIFICATION_RNCP_LIBELLE_LONG": "NIVEAU 4",
      "UNITE_CAPITALISABLE": null,
    },
    "date": 2023-04-08T22:00:00.000Z,
    "source": "N_FORMATION_DIPLOME_ENQUETE_51",
  },
  {
    "_id": "ObjectId",
    "data": {
      "ANCIEN_RECME": null,
      "CITE_DOMAINE_DETAILLE": "1015",
      "CITE_DOMAINE_FORMATION": "812",
      "COMMENTAIRE": "Univ Amiens 2002+2 UFR d'histoire et de gï¿½ographie UFR de langues",
      "DATE_ARRETE_ABROGATION": null,
      "DATE_ARRETE_CREATION": "25/02/2003",
      "DATE_ARRETE_MODIFICATION_1": null,
      "DATE_ARRETE_MODIFICATION_10": null,
      "DATE_ARRETE_MODIFICATION_2": null,
      "DATE_ARRETE_MODIFICATION_3": null,
      "DATE_ARRETE_MODIFICATION_4": null,
      "DATE_ARRETE_MODIFICATION_5": null,
      "DATE_ARRETE_MODIFICATION_6": null,
      "DATE_ARRETE_MODIFICATION_7": null,
      "DATE_ARRETE_MODIFICATION_8": null,
      "DATE_ARRETE_MODIFICATION_9": null,
      "DATE_DERNIERE_SESSION": null,
      "DATE_FERMETURE": "31/08/2018",
      "DATE_INTERVENTION": "10/12/2020",
      "DATE_OUVERTURE": "01/09/2002",
      "DATE_PREMIERE_SESSION": "2003",
      "DIPLOME_SISE": "2002647",
      "FORMATION_DIPLOME": "25034201",
      "GESTIONNAIRE_FORMATION_DIPLOME": "DGES",
      "GROUPE_SPECIALITE": "342",
      "HABILITATION_ORIGINE": "20024270",
      "ID_DOCUMENT": null,
      "LETTRE_SPECIALITE": "M",
      "LIBELLE_COURT": "LIC-PRO",
      "LIBELLE_LONG_200": "DEVELOPPEMENT ET PROTECTION DU PATRIMOINE CULTUREL SPE PATRIMOINE, TOURISME, ENVIRONNEMENT (LP AMIENS)",
      "LIBELLE_STAT_33": "PATRIMOINE TOURISME ENVIRONNEMENT",
      "NATURE_FORMATION_DIPLOME": "1",
      "NIVEAU_FORMATION_DIPLOME": "250",
      "NIVEAU_QUALIFICATION_RNCP": "06",
      "NUMERO_UAI": "0801344B",
      "N_CITE_2013_DOMAINE_DETAILL_LIBELLE_EDITION": "Voyage, tourisme et loisirs",
      "N_CITE_DOMAINE_FORMATION_LIBELLE_EDITION": "Voyage, tourisme et loisirs",
      "N_COMMENTAIRE": null,
      "N_DIPLOME_SISE_LIBELLE_INTITULE_1": "DEVELOPPEMENT ET PROTECTION DU PATRIMOINE CULTUREL",
      "N_GROUPE_SPECIALITE_LIBELLE_LONG": "PROTECTION ET DEVELOPMT DU PATRIMOINE",
      "N_LETTRE_SPECIALITE_LIBELLE_LONG": "AUTRE/NON INDIQUE (DOMAINE TECHNICO-PRO)",
      "N_NATURE_FORMATION_DIPLOME_LIBELLE_100": "DIPLOME NATIONAL / DIPLOME D'ETAT",
      "N_NIVEAU_FORMATION_DIPLOME_LIBELLE_100": "LICENCE PROFESSIONNELLE",
      "N_NIVEAU_QUALIFICATION_RNCP_LIBELLE_LONG": "NIVEAU 6",
      "UNITE_CAPITALISABLE": null,
    },
    "date": 2023-04-08T22:00:00.000Z,
    "source": "N_FORMATION_DIPLOME_ENQUETE_51",
  },
  {
    "_id": "ObjectId",
    "data": {
      "ANCIEN_RECME": null,
      "CITE_DOMAINE_DETAILLE": "0413",
      "CITE_DOMAINE_FORMATION": "345",
      "COMMENTAIRE": "demande Sifa reprise d'une code js remonte",
      "DATE_ARRETE_ABROGATION": null,
      "DATE_ARRETE_CREATION": null,
      "DATE_ARRETE_MODIFICATION_1": null,
      "DATE_ARRETE_MODIFICATION_10": null,
      "DATE_ARRETE_MODIFICATION_2": null,
      "DATE_ARRETE_MODIFICATION_3": null,
      "DATE_ARRETE_MODIFICATION_4": null,
      "DATE_ARRETE_MODIFICATION_5": null,
      "DATE_ARRETE_MODIFICATION_6": null,
      "DATE_ARRETE_MODIFICATION_7": null,
      "DATE_ARRETE_MODIFICATION_8": null,
      "DATE_ARRETE_MODIFICATION_9": null,
      "DATE_DERNIERE_SESSION": null,
      "DATE_FERMETURE": "31/08/2019",
      "DATE_INTERVENTION": "10/12/2020",
      "DATE_OUVERTURE": "01/09/2010",
      "DATE_PREMIERE_SESSION": null,
      "DIPLOME_SISE": "2400074",
      "FORMATION_DIPLOME": "25031046",
      "GESTIONNAIRE_FORMATION_DIPLOME": "DEPPA1",
      "GROUPE_SPECIALITE": "310",
      "HABILITATION_ORIGINE": "20161200",
      "ID_DOCUMENT": null,
      "LETTRE_SPECIALITE": "P",
      "LIBELLE_COURT": "LIC-PRO",
      "LIBELLE_LONG_200": "MANAGEMENT ET GESTION DES ORGANISATIONS (LP PARIS 10)",
      "LIBELLE_STAT_33": "MANAGEMENT DES ORGANISATIONS",
      "NATURE_FORMATION_DIPLOME": "1",
      "NIVEAU_FORMATION_DIPLOME": "250",
      "NIVEAU_QUALIFICATION_RNCP": "06",
      "NUMERO_UAI": "0921204J",
      "N_CITE_2013_DOMAINE_DETAILL_LIBELLE_EDITION": "Gestion et administration",
      "N_CITE_DOMAINE_FORMATION_LIBELLE_EDITION": "Gestion et administration",
      "N_COMMENTAIRE": null,
      "N_DIPLOME_SISE_LIBELLE_INTITULE_1": "MANAGEMENT ET GESTION DES ORGANISATIONS",
      "N_GROUPE_SPECIALITE_LIBELLE_LONG": "SPECIALIT.PLURIV.DES ECHANGES & GESTION",
      "N_LETTRE_SPECIALITE_LIBELLE_LONG": "ORGANISATION GESTION",
      "N_NATURE_FORMATION_DIPLOME_LIBELLE_100": "DIPLOME NATIONAL / DIPLOME D'ETAT",
      "N_NIVEAU_FORMATION_DIPLOME_LIBELLE_100": "LICENCE PROFESSIONNELLE",
      "N_NIVEAU_QUALIFICATION_RNCP_LIBELLE_LONG": "NIVEAU 6",
      "UNITE_CAPITALISABLE": null,
    },
    "date": 2023-04-08T22:00:00.000Z,
    "source": "N_FORMATION_DIPLOME_ENQUETE_51",
  },
  {
    "_id": "ObjectId",
    "data": {
      "ANCIEN_RECME": null,
      "CITE_DOMAINE_DETAILLE": "0612",
      "CITE_DOMAINE_FORMATION": "481",
      "COMMENTAIRE": "anc hab 20090896",
      "DATE_ARRETE_ABROGATION": null,
      "DATE_ARRETE_CREATION": null,
      "DATE_ARRETE_MODIFICATION_1": null,
      "DATE_ARRETE_MODIFICATION_10": null,
      "DATE_ARRETE_MODIFICATION_2": null,
      "DATE_ARRETE_MODIFICATION_3": null,
      "DATE_ARRETE_MODIFICATION_4": null,
      "DATE_ARRETE_MODIFICATION_5": null,
      "DATE_ARRETE_MODIFICATION_6": null,
      "DATE_ARRETE_MODIFICATION_7": null,
      "DATE_ARRETE_MODIFICATION_8": null,
      "DATE_ARRETE_MODIFICATION_9": null,
      "DATE_DERNIERE_SESSION": null,
      "DATE_FERMETURE": "31/08/2021",
      "DATE_INTERVENTION": "10/12/2020",
      "DATE_OUVERTURE": "01/09/2015",
      "DATE_PREMIERE_SESSION": null,
      "DIPLOME_SISE": "2400128",
      "FORMATION_DIPLOME": "2503260U",
      "GESTIONNAIRE_FORMATION_DIPLOME": "DEPPA1",
      "GROUPE_SPECIALITE": "326",
      "HABILITATION_ORIGINE": "20160936",
      "ID_DOCUMENT": null,
      "LETTRE_SPECIALITE": "P",
      "LIBELLE_COURT": "LIC-PRO",
      "LIBELLE_LONG_200": "METIERS DE L'INFORMATIQUE : ADMINISTRATION ET SECURITE DES SYSTEMES ET DES RESEAUX (LP GRENOBLE ALPES)",
      "LIBELLE_STAT_33": "ADM SECURIT DES SYSTM ET DES RESX",
      "NATURE_FORMATION_DIPLOME": "1",
      "NIVEAU_FORMATION_DIPLOME": "250",
      "NIVEAU_QUALIFICATION_RNCP": "06",
      "NUMERO_UAI": "0383493R",
      "N_CITE_2013_DOMAINE_DETAILL_LIBELLE_EDITION": "Conception et administration de bases de donnï¿½es et de rï¿½seau",
      "N_CITE_DOMAINE_FORMATION_LIBELLE_EDITION": "Sciences informatiques",
      "N_COMMENTAIRE": null,
      "N_DIPLOME_SISE_LIBELLE_INTITULE_1": "METIERS DE L'INFORMATIQUE : ADMINISTRATION ET SECURITE DES SYSTEMES ET DES RESEAUX",
      "N_GROUPE_SPECIALITE_LIBELLE_LONG": "INFORMATIQUE, TRAITEMT DE L'INFORMATION",
      "N_LETTRE_SPECIALITE_LIBELLE_LONG": "ORGANISATION GESTION",
      "N_NATURE_FORMATION_DIPLOME_LIBELLE_100": "DIPLOME NATIONAL / DIPLOME D'ETAT",
      "N_NIVEAU_FORMATION_DIPLOME_LIBELLE_100": "LICENCE PROFESSIONNELLE",
      "N_NIVEAU_QUALIFICATION_RNCP_LIBELLE_LONG": "NIVEAU 6",
      "UNITE_CAPITALISABLE": null,
    },
    "date": 2023-04-08T22:00:00.000Z,
    "source": "N_FORMATION_DIPLOME_ENQUETE_51",
  },
  {
    "_id": "ObjectId",
    "data": {
      "ANCIEN_RECME": null,
      "CITE_DOMAINE_DETAILLE": "0714",
      "CITE_DOMAINE_FORMATION": "523",
      "COMMENTAIRE": "rncp 36115",
      "DATE_ARRETE_ABROGATION": null,
      "DATE_ARRETE_CREATION": null,
      "DATE_ARRETE_MODIFICATION_1": null,
      "DATE_ARRETE_MODIFICATION_10": null,
      "DATE_ARRETE_MODIFICATION_2": null,
      "DATE_ARRETE_MODIFICATION_3": null,
      "DATE_ARRETE_MODIFICATION_4": null,
      "DATE_ARRETE_MODIFICATION_5": null,
      "DATE_ARRETE_MODIFICATION_6": null,
      "DATE_ARRETE_MODIFICATION_7": null,
      "DATE_ARRETE_MODIFICATION_8": null,
      "DATE_ARRETE_MODIFICATION_9": null,
      "DATE_DERNIERE_SESSION": null,
      "DATE_FERMETURE": "31/08/2026",
      "DATE_INTERVENTION": "02/09/2022",
      "DATE_OUVERTURE": "01/09/2011",
      "DATE_PREMIERE_SESSION": null,
      "DIPLOME_SISE": "6000280",
      "FORMATION_DIPLOME": "1702010P",
      "GESTIONNAIRE_FORMATION_DIPLOME": "DEPPA1",
      "GROUPE_SPECIALITE": "201",
      "HABILITATION_ORIGINE": null,
      "ID_DOCUMENT": null,
      "LETTRE_SPECIALITE": "M",
      "LIBELLE_COURT": "ING",
      "LIBELLE_LONG_200": "INGENIEUR DIPLOME DE L'ECOLE NATIONALE SUPERIEURE MINES-TELECOM ATLANTIQUE BRETAGNE PAYS DE LA LOIRE DE L'INSTITUT MINES-TELECOM SPE INFORMATIQUE",
      "LIBELLE_STAT_33": "INGENIERIE LOGICIELLE",
      "NATURE_FORMATION_DIPLOME": "1",
      "NIVEAU_FORMATION_DIPLOME": "170",
      "NIVEAU_QUALIFICATION_RNCP": "07",
      "NUMERO_UAI": "0442205H",
      "N_CITE_2013_DOMAINE_DETAILL_LIBELLE_EDITION": "ï¿½lectronique et automatisation",
      "N_CITE_DOMAINE_FORMATION_LIBELLE_EDITION": "Electronique et automatisation",
      "N_COMMENTAIRE": null,
      "N_DIPLOME_SISE_LIBELLE_INTITULE_1": "INGENIEUR DIPLOME DE L'ECOLE NATIONALE SUPERIEURE DES TECHNIQUES INDUSTRIELLES ET DES MINES DE NANTES",
      "N_GROUPE_SPECIALITE_LIBELLE_LONG": "TECHNO DE COMMANDE DES TRANSFO.INDUST.",
      "N_LETTRE_SPECIALITE_LIBELLE_LONG": "AUTRE/NON INDIQUE (DOMAINE TECHNICO-PRO)",
      "N_NATURE_FORMATION_DIPLOME_LIBELLE_100": "DIPLOME NATIONAL / DIPLOME D'ETAT",
      "N_NIVEAU_FORMATION_DIPLOME_LIBELLE_100": "INGENIEURS RECONNUS (RCT..), NFI , ALTERNANCE",
      "N_NIVEAU_QUALIFICATION_RNCP_LIBELLE_LONG": "NIVEAU 7",
      "UNITE_CAPITALISABLE": null,
    },
    "date": 2023-04-08T22:00:00.000Z,
    "source": "N_FORMATION_DIPLOME_ENQUETE_51",
  },
  {
    "_id": "ObjectId",
    "data": {
      "ANCIEN_RECME": null,
      "CITE_DOMAINE_DETAILLE": "0923",
      "CITE_DOMAINE_FORMATION": "762",
      "COMMENTAIRE": "rncp 37424",
      "DATE_ARRETE_ABROGATION": "27/03/2028",
      "DATE_ARRETE_CREATION": null,
      "DATE_ARRETE_MODIFICATION_1": null,
      "DATE_ARRETE_MODIFICATION_10": null,
      "DATE_ARRETE_MODIFICATION_2": null,
      "DATE_ARRETE_MODIFICATION_3": null,
      "DATE_ARRETE_MODIFICATION_4": null,
      "DATE_ARRETE_MODIFICATION_5": null,
      "DATE_ARRETE_MODIFICATION_6": null,
      "DATE_ARRETE_MODIFICATION_7": null,
      "DATE_ARRETE_MODIFICATION_8": null,
      "DATE_ARRETE_MODIFICATION_9": null,
      "DATE_DERNIERE_SESSION": null,
      "DATE_FERMETURE": "31/08/2028",
      "DATE_INTERVENTION": "09/02/2024",
      "DATE_OUVERTURE": "01/09/2023",
      "DATE_PREMIERE_SESSION": null,
      "DIPLOME_SISE": null,
      "FORMATION_DIPLOME": "56X33201",
      "GESTIONNAIRE_FORMATION_DIPLOME": "DEPPA1",
      "GROUPE_SPECIALITE": "332",
      "HABILITATION_ORIGINE": null,
      "ID_DOCUMENT": null,
      "LETTRE_SPECIALITE": "M",
      "LIBELLE_COURT": "TH5-X",
      "LIBELLE_LONG_200": "MAITRE DE MAISON EN SECTEUR SOCIAL ET MEDICO-SOCIAL (AXESS)",
      "LIBELLE_STAT_33": "MAITRE MAISON SECT SOCIAL MEDICO",
      "NATURE_FORMATION_DIPLOME": "2",
      "NIVEAU_FORMATION_DIPLOME": "56X",
      "NIVEAU_QUALIFICATION_RNCP": "03",
      "NUMERO_UAI": null,
      "N_CITE_2013_DOMAINE_DETAILL_LIBELLE_EDITION": "Travail social et orientation",
      "N_CITE_DOMAINE_FORMATION_LIBELLE_EDITION": "Travail social et orientation",
      "N_COMMENTAIRE": null,
      "N_DIPLOME_SISE_LIBELLE_INTITULE_1": null,
      "N_GROUPE_SPECIALITE_LIBELLE_LONG": "TRAVAIL SOCIAL",
      "N_LETTRE_SPECIALITE_LIBELLE_LONG": "AUTRE/NON INDIQUE (DOMAINE TECHNICO-PRO)",
      "N_NATURE_FORMATION_DIPLOME_LIBELLE_100": "TITRE PROFESSIONNEL HOMOLOGUE OU CERTIFIE",
      "N_NIVEAU_FORMATION_DIPLOME_LIBELLE_100": "TH DE NIV 5 ORGANISMES GESTIONNAIRES DIVERS",
      "N_NIVEAU_QUALIFICATION_RNCP_LIBELLE_LONG": "NIVEAU 3",
      "UNITE_CAPITALISABLE": null,
    },
    "date": 2023-04-08T22:00:00.000Z,
    "source": "N_FORMATION_DIPLOME_ENQUETE_51",
  },
]
`;

exports[`runBcnImporter > should import Bcn sources 3`] = `
[
  {
    "_id": "ObjectId",
    "data": {
      "ANCIEN_NIVEAU": null,
      "DATE_FERMETURE": null,
      "DATE_INTERVENTION": "10/12/2020",
      "DATE_OUVERTURE": "01/08/1996",
      "LIBELLE_100": "TITRE DE NIV 4  NON HOMOLOGUE - CQP....",
      "LIBELLE_COURT": "TNH4",
      "NIVEAU_FORMATION_DIPLOME": "4ZZ",
      "NIVEAU_INTERMINISTERIEL": "4",
      "NIVEAU_QUALIFICATION_RNCP": "04",
      "N_COMMENTAIRE": null,
      "N_NIVEAU_INTERMINISTERIEL_LIBELLE_LONG": "NIVEAU IV",
      "N_NIVEAU_QUALIFICATION_RNCP_LIBELLE_LONG": "NIVEAU 4",
    },
    "date": 2023-04-08T22:00:00.000Z,
    "source": "N_NIVEAU_FORMATION_DIPLOME",
  },
  {
    "_id": "ObjectId",
    "data": {
      "ANCIEN_NIVEAU": null,
      "DATE_FERMETURE": null,
      "DATE_INTERVENTION": "10/12/2020",
      "DATE_OUVERTURE": "01/06/1997",
      "LIBELLE_100": "TH DE NIV 3 MINISTERE INDUSTRIE",
      "LIBELLE_COURT": "TH3-N",
      "NIVEAU_FORMATION_DIPLOME": "36N",
      "NIVEAU_INTERMINISTERIEL": "3",
      "NIVEAU_QUALIFICATION_RNCP": "05",
      "N_COMMENTAIRE": null,
      "N_NIVEAU_INTERMINISTERIEL_LIBELLE_LONG": "NIVEAU III",
      "N_NIVEAU_QUALIFICATION_RNCP_LIBELLE_LONG": "NIVEAU 5",
    },
    "date": 2023-04-08T22:00:00.000Z,
    "source": "N_NIVEAU_FORMATION_DIPLOME",
  },
  {
    "_id": "ObjectId",
    "data": {
      "ANCIEN_NIVEAU": null,
      "DATE_FERMETURE": null,
      "DATE_INTERVENTION": "10/12/2020",
      "DATE_OUVERTURE": "01/08/1996",
      "LIBELLE_100": "TH DE NIV 2 DES ORGANISMES ET CHAMBRES D'AGRICULTURE",
      "LIBELLE_COURT": "TH2-A",
      "NIVEAU_FORMATION_DIPLOME": "26A",
      "NIVEAU_INTERMINISTERIEL": "2",
      "NIVEAU_QUALIFICATION_RNCP": "06",
      "N_COMMENTAIRE": null,
      "N_NIVEAU_INTERMINISTERIEL_LIBELLE_LONG": "NIVEAU II",
      "N_NIVEAU_QUALIFICATION_RNCP_LIBELLE_LONG": "NIVEAU 6",
    },
    "date": 2023-04-08T22:00:00.000Z,
    "source": "N_NIVEAU_FORMATION_DIPLOME",
  },
  {
    "_id": "ObjectId",
    "data": {
      "ANCIEN_NIVEAU": null,
      "DATE_FERMETURE": null,
      "DATE_INTERVENTION": "10/12/2020",
      "DATE_OUVERTURE": null,
      "LIBELLE_100": "CERTIFICAT SAUVETEUR SECOURISME DU TRAVAIL",
      "LIBELLE_COURT": "SST",
      "NIVEAU_FORMATION_DIPLOME": "912",
      "NIVEAU_INTERMINISTERIEL": "9",
      "NIVEAU_QUALIFICATION_RNCP": "99",
      "N_COMMENTAIRE": null,
      "N_NIVEAU_INTERMINISTERIEL_LIBELLE_LONG": "INCONNU",
      "N_NIVEAU_QUALIFICATION_RNCP_LIBELLE_LONG": "INDETERMINE",
    },
    "date": 2023-04-08T22:00:00.000Z,
    "source": "N_NIVEAU_FORMATION_DIPLOME",
  },
  {
    "_id": "ObjectId",
    "data": {
      "ANCIEN_NIVEAU": null,
      "DATE_FERMETURE": null,
      "DATE_INTERVENTION": "10/12/2020",
      "DATE_OUVERTURE": null,
      "LIBELLE_100": "AUTRES DIPLOMES DE NIVEAU V",
      "LIBELLE_COURT": "DIV-5",
      "NIVEAU_FORMATION_DIPLOME": "560",
      "NIVEAU_INTERMINISTERIEL": "5",
      "NIVEAU_QUALIFICATION_RNCP": "03",
      "N_COMMENTAIRE": null,
      "N_NIVEAU_INTERMINISTERIEL_LIBELLE_LONG": "NIVEAU V",
      "N_NIVEAU_QUALIFICATION_RNCP_LIBELLE_LONG": "NIVEAU 3",
    },
    "date": 2023-04-08T22:00:00.000Z,
    "source": "N_NIVEAU_FORMATION_DIPLOME",
  },
  {
    "_id": "ObjectId",
    "data": {
      "ANCIEN_NIVEAU": "40",
      "DATE_FERMETURE": null,
      "DATE_INTERVENTION": "10/12/2020",
      "DATE_OUVERTURE": null,
      "LIBELLE_100": "BAC PROFESSIONNEL",
      "LIBELLE_COURT": "BAC PRO",
      "NIVEAU_FORMATION_DIPLOME": "400",
      "NIVEAU_INTERMINISTERIEL": "4",
      "NIVEAU_QUALIFICATION_RNCP": "04",
      "N_COMMENTAIRE": null,
      "N_NIVEAU_INTERMINISTERIEL_LIBELLE_LONG": "NIVEAU IV",
      "N_NIVEAU_QUALIFICATION_RNCP_LIBELLE_LONG": "NIVEAU 4",
    },
    "date": 2023-04-08T22:00:00.000Z,
    "source": "N_NIVEAU_FORMATION_DIPLOME",
  },
  {
    "_id": "ObjectId",
    "data": {
      "ANCIEN_NIVEAU": null,
      "DATE_FERMETURE": null,
      "DATE_INTERVENTION": "10/12/2020",
      "DATE_OUVERTURE": "01/09/2016",
      "LIBELLE_100": "DIPLOME GRAND ETABLISSEMENT GRADE LICENCE",
      "LIBELLE_COURT": "GD ETB LIC",
      "NIVEAU_FORMATION_DIPLOME": "255",
      "NIVEAU_INTERMINISTERIEL": "2",
      "NIVEAU_QUALIFICATION_RNCP": "06",
      "N_COMMENTAIRE": null,
      "N_NIVEAU_INTERMINISTERIEL_LIBELLE_LONG": "NIVEAU II",
      "N_NIVEAU_QUALIFICATION_RNCP_LIBELLE_LONG": "NIVEAU 6",
    },
    "date": 2023-04-08T22:00:00.000Z,
    "source": "N_NIVEAU_FORMATION_DIPLOME",
  },
  {
    "_id": "ObjectId",
    "data": {
      "ANCIEN_NIVEAU": null,
      "DATE_FERMETURE": null,
      "DATE_INTERVENTION": "06/01/2021",
      "DATE_OUVERTURE": "01/09/2012",
      "LIBELLE_100": "DIPLOME SUPERIEUR DES ARTS APPLIQUES",
      "LIBELLE_COURT": "DSAA-1",
      "NIVEAU_FORMATION_DIPLOME": "140",
      "NIVEAU_INTERMINISTERIEL": "1",
      "NIVEAU_QUALIFICATION_RNCP": "07",
      "N_COMMENTAIRE": "changement de niveau du DSAA - décret du 23/08/2011",
      "N_NIVEAU_INTERMINISTERIEL_LIBELLE_LONG": "NIVEAU I",
      "N_NIVEAU_QUALIFICATION_RNCP_LIBELLE_LONG": "NIVEAU 7",
    },
    "date": 2023-04-08T22:00:00.000Z,
    "source": "N_NIVEAU_FORMATION_DIPLOME",
  },
  {
    "_id": "ObjectId",
    "data": {
      "ANCIEN_NIVEAU": null,
      "DATE_FERMETURE": null,
      "DATE_INTERVENTION": "14/11/2023",
      "DATE_OUVERTURE": "01/09/2024",
      "LIBELLE_100": "CERTIFICAT DE SPECIALISATION DE NIVEAU 3",
      "LIBELLE_COURT": "CS 3",
      "NIVEAU_FORMATION_DIPLOME": "561",
      "NIVEAU_INTERMINISTERIEL": "5",
      "NIVEAU_QUALIFICATION_RNCP": "03",
      "N_COMMENTAIRE": "Remplace la mention complémentaire de niveau 3",
      "N_NIVEAU_INTERMINISTERIEL_LIBELLE_LONG": "NIVEAU V",
      "N_NIVEAU_QUALIFICATION_RNCP_LIBELLE_LONG": "NIVEAU 3",
    },
    "date": 2023-04-08T22:00:00.000Z,
    "source": "N_NIVEAU_FORMATION_DIPLOME",
  },
]
`;

exports[`runBcnImporter > should import Bcn sources 4`] = `
[
  {
    "_id": "ObjectId",
    "data": {
      "ANCIEN_RECME": null,
      "CITE_DOMAINE_FORMATION": "343",
      "COMMENTAIRE": "sup2000 remplace les 13531407 et 13531359",
      "DATE_ARRETE_ABROGATION": null,
      "DATE_ARRETE_CREATION": null,
      "DATE_ARRETE_MODIFICATION_1": null,
      "DATE_ARRETE_MODIFICATION_10": null,
      "DATE_ARRETE_MODIFICATION_2": null,
      "DATE_ARRETE_MODIFICATION_3": null,
      "DATE_ARRETE_MODIFICATION_4": null,
      "DATE_ARRETE_MODIFICATION_5": null,
      "DATE_ARRETE_MODIFICATION_6": null,
      "DATE_ARRETE_MODIFICATION_7": null,
      "DATE_ARRETE_MODIFICATION_8": null,
      "DATE_ARRETE_MODIFICATION_9": null,
      "DATE_DERNIERE_SESSION": null,
      "DATE_FERMETURE": "31/08/2020",
      "DATE_INTERVENTION": "10/12/2020",
      "DATE_OUVERTURE": "01/09/2014",
      "DATE_PREMIERE_SESSION": null,
      "FORMATION_DIPLOME": "13531364",
      "GESTIONNAIRE_FORMATION_DIPLOME": "DEPPA1",
      "GROUPE_SPECIALITE": "313",
      "ID_DOCUMENT": null,
      "LETTRE_SPECIALITE": "M",
      "LIBELLE_COURT": "MASTER PRO",
      "LIBELLE_LONG_200": "FINANCE (MASTER PARIS 12)",
      "LIBELLE_STAT_33": "FINANCE",
      "NATURE_FORMATION_DIPLOME": "1",
      "NIVEAU_FORMATION_DIPLOME": "135",
      "NIVEAU_QUALIFICATION_RNCP": "07",
      "N_CITE_DOMAINE_FORMATION_LIBELLE_EDITION": "Finance, banque, assurance",
      "N_GROUPE_SPECIALITE_LIBELLE_LONG": "FINANCES, BANQUE, ASSURANCES",
      "N_LETTRE_SPECIALITE_LIBELLE_LONG": "AUTRE/NON INDIQUE (DOMAINE TECHNICO-PRO)",
      "N_NATURE_FORMATION_DIPLOME_LIBELLE_100": "DIPLOME NATIONAL / DIPLOME D'ETAT",
      "N_NIVEAU_FORMATION_DIPLOME_LIBELLE_100": "MASTER PROFESSIONNEL",
      "N_NIVEAU_QUALIFICATION_RNCP_LIBELLE_LONG": "NIVEAU 7",
      "UNITE_CAPITALISABLE": null,
    },
    "date": 2023-04-08T22:00:00.000Z,
    "source": "V_FORMATION_DIPLOME",
  },
  {
    "_id": "ObjectId",
    "data": {
      "ANCIEN_RECME": null,
      "CITE_DOMAINE_FORMATION": "520",
      "COMMENTAIRE": "Hab 1998/2002 ISTP ST-ETIENNE / Ajout remplace le 1702000B exclu de la liste de l'arrï¿½tï¿½ et fermï¿½ voir 17020002 liste 2004",
      "DATE_ARRETE_ABROGATION": null,
      "DATE_ARRETE_CREATION": null,
      "DATE_ARRETE_MODIFICATION_1": "22/02/2001",
      "DATE_ARRETE_MODIFICATION_10": null,
      "DATE_ARRETE_MODIFICATION_2": null,
      "DATE_ARRETE_MODIFICATION_3": null,
      "DATE_ARRETE_MODIFICATION_4": null,
      "DATE_ARRETE_MODIFICATION_5": null,
      "DATE_ARRETE_MODIFICATION_6": null,
      "DATE_ARRETE_MODIFICATION_7": null,
      "DATE_ARRETE_MODIFICATION_8": null,
      "DATE_ARRETE_MODIFICATION_9": null,
      "DATE_DERNIERE_SESSION": null,
      "DATE_FERMETURE": "31/08/2003",
      "DATE_INTERVENTION": "06/01/2021",
      "DATE_OUVERTURE": "01/09/2001",
      "DATE_PREMIERE_SESSION": null,
      "FORMATION_DIPLOME": "1702000N",
      "GESTIONNAIRE_FORMATION_DIPLOME": "DEP B4 B5",
      "GROUPE_SPECIALITE": "200",
      "ID_DOCUMENT": null,
      "LETTRE_SPECIALITE": "M",
      "LIBELLE_COURT": "ING-ITI",
      "LIBELLE_LONG_200": "INGENIEUR DES TECHNIQUES DE L'INDUSTRIE, SPECIALITE GENIE INDUSTRIEL, DIPLOME DE L'ENI DE ST-ETIENNE, DE L'UNIVERSITE ST-ETIENNE ET DE L'ECOLE NATIONALE SUPERIEURE DES MINES DE ST-ETIENNE",
      "LIBELLE_STAT_33": "TI SPE GENIE IND ISTP ETIENNE",
      "NATURE_FORMATION_DIPLOME": "1",
      "NIVEAU_FORMATION_DIPLOME": "170",
      "NIVEAU_QUALIFICATION_RNCP": "07",
      "N_CITE_DOMAINE_FORMATION_LIBELLE_EDITION": "Ingï¿½nierie et techniques apparentï¿½es",
      "N_GROUPE_SPECIALITE_LIBELLE_LONG": "TECHNOLOGIES INDUSTRIELLES FONDAMENTALES",
      "N_LETTRE_SPECIALITE_LIBELLE_LONG": "AUTRE/NON INDIQUE (DOMAINE TECHNICO-PRO)",
      "N_NATURE_FORMATION_DIPLOME_LIBELLE_100": "DIPLOME NATIONAL / DIPLOME D'ETAT",
      "N_NIVEAU_FORMATION_DIPLOME_LIBELLE_100": "INGENIEURS RECONNUS (RCT..), NFI , ALTERNANCE",
      "N_NIVEAU_QUALIFICATION_RNCP_LIBELLE_LONG": "NIVEAU 7",
      "UNITE_CAPITALISABLE": null,
    },
    "date": 2023-04-08T22:00:00.000Z,
    "source": "V_FORMATION_DIPLOME",
  },
  {
    "_id": "ObjectId",
    "data": {
      "ANCIEN_RECME": null,
      "CITE_DOMAINE_FORMATION": "524",
      "COMMENTAIRE": "anc hab 20080479",
      "DATE_ARRETE_ABROGATION": null,
      "DATE_ARRETE_CREATION": null,
      "DATE_ARRETE_MODIFICATION_1": null,
      "DATE_ARRETE_MODIFICATION_10": null,
      "DATE_ARRETE_MODIFICATION_2": null,
      "DATE_ARRETE_MODIFICATION_3": null,
      "DATE_ARRETE_MODIFICATION_4": null,
      "DATE_ARRETE_MODIFICATION_5": null,
      "DATE_ARRETE_MODIFICATION_6": null,
      "DATE_ARRETE_MODIFICATION_7": null,
      "DATE_ARRETE_MODIFICATION_8": null,
      "DATE_ARRETE_MODIFICATION_9": null,
      "DATE_DERNIERE_SESSION": null,
      "DATE_FERMETURE": "31/08/2023",
      "DATE_INTERVENTION": "10/12/2020",
      "DATE_OUVERTURE": "01/09/2002",
      "DATE_PREMIERE_SESSION": "2002",
      "FORMATION_DIPLOME": "25022208",
      "GESTIONNAIRE_FORMATION_DIPLOME": "SPN C2",
      "GROUPE_SPECIALITE": "222",
      "ID_DOCUMENT": null,
      "LETTRE_SPECIALITE": "N",
      "LIBELLE_COURT": "LIC-PRO",
      "LIBELLE_LONG_200": "CHIMIE : FORMULATION (LP ORLEANS)",
      "LIBELLE_STAT_33": "CHIMIE FORMULATION",
      "NATURE_FORMATION_DIPLOME": "1",
      "NIVEAU_FORMATION_DIPLOME": "250",
      "NIVEAU_QUALIFICATION_RNCP": "06",
      "N_CITE_DOMAINE_FORMATION_LIBELLE_EDITION": "Chimie et gï¿½nie des procï¿½dï¿½s",
      "N_GROUPE_SPECIALITE_LIBELLE_LONG": "TRANSFORMATIONS CHIMIQUES ET APPARENTEES",
      "N_LETTRE_SPECIALITE_LIBELLE_LONG": "CONCEPTION",
      "N_NATURE_FORMATION_DIPLOME_LIBELLE_100": "DIPLOME NATIONAL / DIPLOME D'ETAT",
      "N_NIVEAU_FORMATION_DIPLOME_LIBELLE_100": "LICENCE PROFESSIONNELLE",
      "N_NIVEAU_QUALIFICATION_RNCP_LIBELLE_LONG": "NIVEAU 6",
      "UNITE_CAPITALISABLE": null,
    },
    "date": 2023-04-08T22:00:00.000Z,
    "source": "V_FORMATION_DIPLOME",
  },
  {
    "_id": "ObjectId",
    "data": {
      "ANCIEN_RECME": null,
      "CITE_DOMAINE_FORMATION": "814",
      "COMMENTAIRE": "demande sifa pour correction",
      "DATE_ARRETE_ABROGATION": null,
      "DATE_ARRETE_CREATION": null,
      "DATE_ARRETE_MODIFICATION_1": null,
      "DATE_ARRETE_MODIFICATION_10": null,
      "DATE_ARRETE_MODIFICATION_2": null,
      "DATE_ARRETE_MODIFICATION_3": null,
      "DATE_ARRETE_MODIFICATION_4": null,
      "DATE_ARRETE_MODIFICATION_5": null,
      "DATE_ARRETE_MODIFICATION_6": null,
      "DATE_ARRETE_MODIFICATION_7": null,
      "DATE_ARRETE_MODIFICATION_8": null,
      "DATE_ARRETE_MODIFICATION_9": null,
      "DATE_DERNIERE_SESSION": null,
      "DATE_FERMETURE": "31/08/2019",
      "DATE_INTERVENTION": "10/12/2020",
      "DATE_OUVERTURE": "01/09/2018",
      "DATE_PREMIERE_SESSION": null,
      "FORMATION_DIPLOME": "25033007",
      "GESTIONNAIRE_FORMATION_DIPLOME": "DEPPA1",
      "GROUPE_SPECIALITE": "330",
      "ID_DOCUMENT": null,
      "LETTRE_SPECIALITE": "M",
      "LIBELLE_COURT": "LIC-PRO",
      "LIBELLE_LONG_200": "SERVICES A LA PERSONNE (LP PARIS 5)",
      "LIBELLE_STAT_33": "SERVICES A LA PERSONNE",
      "NATURE_FORMATION_DIPLOME": "1",
      "NIVEAU_FORMATION_DIPLOME": "250",
      "NIVEAU_QUALIFICATION_RNCP": "06",
      "N_CITE_DOMAINE_FORMATION_LIBELLE_EDITION": "Services ï¿½ domicile",
      "N_GROUPE_SPECIALITE_LIBELLE_LONG": "SPECIALITES PLURIV.SANITAIRES & SOCIALES",
      "N_LETTRE_SPECIALITE_LIBELLE_LONG": "AUTRE/NON INDIQUE (DOMAINE TECHNICO-PRO)",
      "N_NATURE_FORMATION_DIPLOME_LIBELLE_100": "DIPLOME NATIONAL / DIPLOME D'ETAT",
      "N_NIVEAU_FORMATION_DIPLOME_LIBELLE_100": "LICENCE PROFESSIONNELLE",
      "N_NIVEAU_QUALIFICATION_RNCP_LIBELLE_LONG": "NIVEAU 6",
      "UNITE_CAPITALISABLE": null,
    },
    "date": 2023-04-08T22:00:00.000Z,
    "source": "V_FORMATION_DIPLOME",
  },
  {
    "_id": "ObjectId",
    "data": {
      "ANCIEN_RECME": "322327",
      "CITE_DOMAINE_FORMATION": "999",
      "COMMENTAIRE": "SESSION SPECIALE EN 1992 (ARRï¿½TE DU 07/08/1991).",
      "DATE_ARRETE_ABROGATION": "26/11/1990",
      "DATE_ARRETE_CREATION": "08/08/1973",
      "DATE_ARRETE_MODIFICATION_1": "07/08/1991",
      "DATE_ARRETE_MODIFICATION_10": null,
      "DATE_ARRETE_MODIFICATION_2": null,
      "DATE_ARRETE_MODIFICATION_3": null,
      "DATE_ARRETE_MODIFICATION_4": null,
      "DATE_ARRETE_MODIFICATION_5": null,
      "DATE_ARRETE_MODIFICATION_6": null,
      "DATE_ARRETE_MODIFICATION_7": null,
      "DATE_ARRETE_MODIFICATION_8": null,
      "DATE_ARRETE_MODIFICATION_9": null,
      "DATE_DERNIERE_SESSION": "1992",
      "DATE_FERMETURE": "02/09/1992",
      "DATE_INTERVENTION": "10/12/2020",
      "DATE_OUVERTURE": "08/08/1973",
      "DATE_PREMIERE_SESSION": "1974",
      "FORMATION_DIPLOME": "32023404",
      "GESTIONNAIRE_FORMATION_DIPLOME": "DGESIP A2",
      "GROUPE_SPECIALITE": "234",
      "ID_DOCUMENT": null,
      "LETTRE_SPECIALITE": "S",
      "LIBELLE_COURT": "BTS",
      "LIBELLE_LONG_200": "INDUSTRIES DU BOIS OPTION : FABRICATION (BTS)",
      "LIBELLE_STAT_33": "INDUSTRIE DU BOIS : FABRICATION",
      "NATURE_FORMATION_DIPLOME": "1",
      "NIVEAU_FORMATION_DIPLOME": "320",
      "NIVEAU_QUALIFICATION_RNCP": "05",
      "N_CITE_DOMAINE_FORMATION_LIBELLE_EDITION": "INCONNU ou non prï¿½cisï¿½",
      "N_GROUPE_SPECIALITE_LIBELLE_LONG": "TRAVAIL DU BOIS ET DE L'AMEUBLEMENT",
      "N_LETTRE_SPECIALITE_LIBELLE_LONG": "PRODUCTION",
      "N_NATURE_FORMATION_DIPLOME_LIBELLE_100": "DIPLOME NATIONAL / DIPLOME D'ETAT",
      "N_NIVEAU_FORMATION_DIPLOME_LIBELLE_100": "BREVET DE TECHNICIEN SUPERIEUR",
      "N_NIVEAU_QUALIFICATION_RNCP_LIBELLE_LONG": "NIVEAU 5",
      "UNITE_CAPITALISABLE": null,
    },
    "date": 2023-04-08T22:00:00.000Z,
    "source": "V_FORMATION_DIPLOME",
  },
  {
    "_id": "ObjectId",
    "data": {
      "ANCIEN_RECME": null,
      "CITE_DOMAINE_FORMATION": "400",
      "COMMENTAIRE": null,
      "DATE_ARRETE_ABROGATION": null,
      "DATE_ARRETE_CREATION": null,
      "DATE_ARRETE_MODIFICATION_1": null,
      "DATE_ARRETE_MODIFICATION_10": null,
      "DATE_ARRETE_MODIFICATION_2": null,
      "DATE_ARRETE_MODIFICATION_3": null,
      "DATE_ARRETE_MODIFICATION_4": null,
      "DATE_ARRETE_MODIFICATION_5": null,
      "DATE_ARRETE_MODIFICATION_6": null,
      "DATE_ARRETE_MODIFICATION_7": null,
      "DATE_ARRETE_MODIFICATION_8": null,
      "DATE_ARRETE_MODIFICATION_9": null,
      "DATE_DERNIERE_SESSION": null,
      "DATE_FERMETURE": null,
      "DATE_INTERVENTION": "10/12/2020",
      "DATE_OUVERTURE": "01/09/2018",
      "DATE_PREMIERE_SESSION": null,
      "FORMATION_DIPLOME": "37011045",
      "GESTIONNAIRE_FORMATION_DIPLOME": "MER",
      "GROUPE_SPECIALITE": "110",
      "ID_DOCUMENT": null,
      "LETTRE_SPECIALITE": "A",
      "LIBELLE_COURT": "CPGE",
      "LIBELLE_LONG_200": "PREPARATION AU CONCOURS DE NAVIGANT INGENIEUR",
      "LIBELLE_STAT_33": "PREPA. CONCOURS O1MM",
      "NATURE_FORMATION_DIPLOME": "P",
      "NIVEAU_FORMATION_DIPLOME": "370",
      "NIVEAU_QUALIFICATION_RNCP": "05",
      "N_CITE_DOMAINE_FORMATION_LIBELLE_EDITION": "SCIENCES",
      "N_GROUPE_SPECIALITE_LIBELLE_LONG": "SPECIALITES PLURISCIENTIFIQUES",
      "N_LETTRE_SPECIALITE_LIBELLE_LONG": "AUTRE/NON INDIQUE (DOMAINE DISCIPLINAIR)",
      "N_NATURE_FORMATION_DIPLOME_LIBELLE_100": "CLASSE PREPA",
      "N_NIVEAU_FORMATION_DIPLOME_LIBELLE_100": "CLASSE PREPARATOIRE AUX GRANDES ECOLES",
      "N_NIVEAU_QUALIFICATION_RNCP_LIBELLE_LONG": "NIVEAU 5",
      "UNITE_CAPITALISABLE": null,
    },
    "date": 2023-04-08T22:00:00.000Z,
    "source": "V_FORMATION_DIPLOME",
  },
  {
    "_id": "ObjectId",
    "data": {
      "ANCIEN_RECME": null,
      "CITE_DOMAINE_FORMATION": "521",
      "COMMENTAIRE": "rncp 31925 demade academie",
      "DATE_ARRETE_ABROGATION": "18/12/2023",
      "DATE_ARRETE_CREATION": "11/12/2018",
      "DATE_ARRETE_MODIFICATION_1": null,
      "DATE_ARRETE_MODIFICATION_10": null,
      "DATE_ARRETE_MODIFICATION_2": null,
      "DATE_ARRETE_MODIFICATION_3": null,
      "DATE_ARRETE_MODIFICATION_4": null,
      "DATE_ARRETE_MODIFICATION_5": null,
      "DATE_ARRETE_MODIFICATION_6": null,
      "DATE_ARRETE_MODIFICATION_7": null,
      "DATE_ARRETE_MODIFICATION_8": null,
      "DATE_ARRETE_MODIFICATION_9": null,
      "DATE_DERNIERE_SESSION": null,
      "DATE_FERMETURE": "31/08/2024",
      "DATE_INTERVENTION": "10/12/2020",
      "DATE_OUVERTURE": "01/09/2019",
      "DATE_PREMIERE_SESSION": null,
      "FORMATION_DIPLOME": "46E25101",
      "GESTIONNAIRE_FORMATION_DIPLOME": "DEPPA1",
      "GROUPE_SPECIALITE": "251",
      "ID_DOCUMENT": null,
      "LETTRE_SPECIALITE": "R",
      "LIBELLE_COURT": "TH4-E",
      "LIBELLE_LONG_200": "AFFUTEUR - REGLEUR (GIP - FTLV NANCY)",
      "LIBELLE_STAT_33": "AFFUTEUR REGLEUR",
      "NATURE_FORMATION_DIPLOME": "2",
      "NIVEAU_FORMATION_DIPLOME": "46E",
      "NIVEAU_QUALIFICATION_RNCP": "04",
      "N_CITE_DOMAINE_FORMATION_LIBELLE_EDITION": "Mï¿½canique et travail du mï¿½tal",
      "N_GROUPE_SPECIALITE_LIBELLE_LONG": "MECANIQ.GENERALE & DE PRECISION, USINAGE",
      "N_LETTRE_SPECIALITE_LIBELLE_LONG": "CONTROLE PREVENTION ENTRETIEN",
      "N_NATURE_FORMATION_DIPLOME_LIBELLE_100": "TITRE PROFESSIONNEL HOMOLOGUE OU CERTIFIE",
      "N_NIVEAU_FORMATION_DIPLOME_LIBELLE_100": "TH DE NIV 4 EDUCATION RECTORAT GRETA ...",
      "N_NIVEAU_QUALIFICATION_RNCP_LIBELLE_LONG": "NIVEAU 4",
      "UNITE_CAPITALISABLE": null,
    },
    "date": 2023-04-08T22:00:00.000Z,
    "source": "V_FORMATION_DIPLOME",
  },
  {
    "_id": "ObjectId",
    "data": {
      "ANCIEN_RECME": null,
      "CITE_DOMAINE_FORMATION": "341",
      "COMMENTAIRE": "ABROGE Code E51 : CAP-0142. Code Agri : 334120. Apprentissage.",
      "DATE_ARRETE_ABROGATION": null,
      "DATE_ARRETE_CREATION": "19/08/1974",
      "DATE_ARRETE_MODIFICATION_1": null,
      "DATE_ARRETE_MODIFICATION_10": null,
      "DATE_ARRETE_MODIFICATION_2": null,
      "DATE_ARRETE_MODIFICATION_3": null,
      "DATE_ARRETE_MODIFICATION_4": null,
      "DATE_ARRETE_MODIFICATION_5": null,
      "DATE_ARRETE_MODIFICATION_6": null,
      "DATE_ARRETE_MODIFICATION_7": null,
      "DATE_ARRETE_MODIFICATION_8": null,
      "DATE_ARRETE_MODIFICATION_9": null,
      "DATE_DERNIERE_SESSION": null,
      "DATE_FERMETURE": "31/08/2012",
      "DATE_INTERVENTION": "10/12/2020",
      "DATE_OUVERTURE": "15/02/1996",
      "DATE_PREMIERE_SESSION": "1976",
      "FORMATION_DIPLOME": "50321007",
      "GESTIONNAIRE_FORMATION_DIPLOME": "SPN AGRI",
      "GROUPE_SPECIALITE": "210",
      "ID_DOCUMENT": null,
      "LETTRE_SPECIALITE": "W",
      "LIBELLE_COURT": "CAPA",
      "LIBELLE_LONG_200": "EMPLOYE D'ENTREPRISE AGRICOLE ET PARA AGRICOLE SPE VENTE DETAIL PRODUITS AGRICOLES (CAPA)",
      "LIBELLE_STAT_33": "EMPL ENTR AGR VENT DETAIL PRODUIT",
      "NATURE_FORMATION_DIPLOME": "2",
      "NIVEAU_FORMATION_DIPLOME": "503",
      "NIVEAU_QUALIFICATION_RNCP": "03",
      "N_CITE_DOMAINE_FORMATION_LIBELLE_EDITION": "Vente en gros et au dï¿½tail",
      "N_GROUPE_SPECIALITE_LIBELLE_LONG": "SPEC.PLURIVAL.DE L'AGRONOMIE & AGRICULT.",
      "N_LETTRE_SPECIALITE_LIBELLE_LONG": "COMMERCIALISATION",
      "N_NATURE_FORMATION_DIPLOME_LIBELLE_100": "TITRE PROFESSIONNEL HOMOLOGUE OU CERTIFIE",
      "N_NIVEAU_FORMATION_DIPLOME_LIBELLE_100": "CERTIFICAT D'APTITUDE PROFESSIONNELLE AGRICOLE",
      "N_NIVEAU_QUALIFICATION_RNCP_LIBELLE_LONG": "NIVEAU 3",
      "UNITE_CAPITALISABLE": null,
    },
    "date": 2023-04-08T22:00:00.000Z,
    "source": "V_FORMATION_DIPLOME",
  },
  {
    "_id": "ObjectId",
    "data": {
      "ANCIEN_RECME": null,
      "CITE_DOMAINE_FORMATION": "999",
      "COMMENTAIRE": "SUPPORT DES MEF ORIGINE UNIQUEMENT",
      "DATE_ARRETE_ABROGATION": null,
      "DATE_ARRETE_CREATION": "01/01/1992",
      "DATE_ARRETE_MODIFICATION_1": null,
      "DATE_ARRETE_MODIFICATION_10": null,
      "DATE_ARRETE_MODIFICATION_2": null,
      "DATE_ARRETE_MODIFICATION_3": null,
      "DATE_ARRETE_MODIFICATION_4": null,
      "DATE_ARRETE_MODIFICATION_5": null,
      "DATE_ARRETE_MODIFICATION_6": null,
      "DATE_ARRETE_MODIFICATION_7": null,
      "DATE_ARRETE_MODIFICATION_8": null,
      "DATE_ARRETE_MODIFICATION_9": null,
      "DATE_DERNIERE_SESSION": null,
      "DATE_FERMETURE": null,
      "DATE_INTERVENTION": "10/12/2020",
      "DATE_OUVERTURE": "01/01/1992",
      "DATE_PREMIERE_SESSION": null,
      "FORMATION_DIPLOME": "99999999",
      "GESTIONNAIRE_FORMATION_DIPLOME": "DEP B3",
      "GROUPE_SPECIALITE": "999",
      "ID_DOCUMENT": null,
      "LETTRE_SPECIALITE": "M",
      "LIBELLE_COURT": "INDETERM.",
      "LIBELLE_LONG_200": "FORMATION NON SPECIFIEE",
      "LIBELLE_STAT_33": "FORMATION NON SPECIFIEE",
      "NATURE_FORMATION_DIPLOME": "S",
      "NIVEAU_FORMATION_DIPLOME": "999",
      "NIVEAU_QUALIFICATION_RNCP": "99",
      "N_CITE_DOMAINE_FORMATION_LIBELLE_EDITION": "INCONNU ou non prï¿½cisï¿½",
      "N_GROUPE_SPECIALITE_LIBELLE_LONG": "SPECIALITE NON SPECIFIEE",
      "N_LETTRE_SPECIALITE_LIBELLE_LONG": "AUTRE/NON INDIQUE (DOMAINE TECHNICO-PRO)",
      "N_NATURE_FORMATION_DIPLOME_LIBELLE_100": "GROUPEMENT STATISTIQUE",
      "N_NIVEAU_FORMATION_DIPLOME_LIBELLE_100": "INDETERMINE",
      "N_NIVEAU_QUALIFICATION_RNCP_LIBELLE_LONG": "INDETERMINE",
      "UNITE_CAPITALISABLE": null,
    },
    "date": 2023-04-08T22:00:00.000Z,
    "source": "V_FORMATION_DIPLOME",
  },
  {
    "_id": "ObjectId",
    "data": {
      "ANCIEN_RECME": "500809",
      "CITE_DOMAINE_FORMATION": "999",
      "COMMENTAIRE": "REMPLACE PAR LE CAP ALLIAGES MOULES SUR MODELES (50022326S).",
      "DATE_ARRETE_ABROGATION": "06/08/1991",
      "DATE_ARRETE_CREATION": "02/09/1988",
      "DATE_ARRETE_MODIFICATION_1": null,
      "DATE_ARRETE_MODIFICATION_10": null,
      "DATE_ARRETE_MODIFICATION_2": null,
      "DATE_ARRETE_MODIFICATION_3": null,
      "DATE_ARRETE_MODIFICATION_4": null,
      "DATE_ARRETE_MODIFICATION_5": null,
      "DATE_ARRETE_MODIFICATION_6": null,
      "DATE_ARRETE_MODIFICATION_7": null,
      "DATE_ARRETE_MODIFICATION_8": null,
      "DATE_ARRETE_MODIFICATION_9": null,
      "DATE_DERNIERE_SESSION": "1992",
      "DATE_FERMETURE": "31/08/1994",
      "DATE_INTERVENTION": "10/12/2020",
      "DATE_OUVERTURE": "02/09/1988",
      "DATE_PREMIERE_SESSION": "1990",
      "FORMATION_DIPLOME": "50022304",
      "GESTIONNAIRE_FORMATION_DIPLOME": "DGESCO A2-3",
      "GROUPE_SPECIALITE": "223",
      "ID_DOCUMENT": null,
      "LETTRE_SPECIALITE": "S",
      "LIBELLE_COURT": "CAP",
      "LIBELLE_LONG_200": "FABRICATIONS EN ALLIAGES MOULES SUR MODELES (CAP)",
      "LIBELLE_STAT_33": "FABR.ALLIAGES MOULES SUR MODELES",
      "NATURE_FORMATION_DIPLOME": "1",
      "NIVEAU_FORMATION_DIPLOME": "500",
      "NIVEAU_QUALIFICATION_RNCP": "03",
      "N_CITE_DOMAINE_FORMATION_LIBELLE_EDITION": "INCONNU ou non prï¿½cisï¿½",
      "N_GROUPE_SPECIALITE_LIBELLE_LONG": "METALLURGIE (Y.C. SIDERURGIE, FONDERIE)",
      "N_LETTRE_SPECIALITE_LIBELLE_LONG": "PRODUCTION",
      "N_NATURE_FORMATION_DIPLOME_LIBELLE_100": "DIPLOME NATIONAL / DIPLOME D'ETAT",
      "N_NIVEAU_FORMATION_DIPLOME_LIBELLE_100": "CERTIFICAT D'APTITUDE PROFESSIONNELLE",
      "N_NIVEAU_QUALIFICATION_RNCP_LIBELLE_LONG": "NIVEAU 3",
      "UNITE_CAPITALISABLE": null,
    },
    "date": 2023-04-08T22:00:00.000Z,
    "source": "V_FORMATION_DIPLOME",
  },
  {
    "_id": "ObjectId",
    "data": {
      "ANCIEN_RECME": null,
      "CITE_DOMAINE_FORMATION": "815",
      "COMMENTAIRE": null,
      "DATE_ARRETE_ABROGATION": "09/12/2022",
      "DATE_ARRETE_CREATION": "30/10/2012",
      "DATE_ARRETE_MODIFICATION_1": "29/12/2014",
      "DATE_ARRETE_MODIFICATION_10": null,
      "DATE_ARRETE_MODIFICATION_2": "29/09/2023",
      "DATE_ARRETE_MODIFICATION_3": null,
      "DATE_ARRETE_MODIFICATION_4": null,
      "DATE_ARRETE_MODIFICATION_5": null,
      "DATE_ARRETE_MODIFICATION_6": null,
      "DATE_ARRETE_MODIFICATION_7": null,
      "DATE_ARRETE_MODIFICATION_8": null,
      "DATE_ARRETE_MODIFICATION_9": null,
      "DATE_DERNIERE_SESSION": "2024",
      "DATE_FERMETURE": "31/08/2024",
      "DATE_INTERVENTION": "16/12/2023",
      "DATE_OUVERTURE": "01/09/2013",
      "DATE_PREMIERE_SESSION": "2015",
      "FORMATION_DIPLOME": "32033603",
      "GESTIONNAIRE_FORMATION_DIPLOME": "DGESIP A2",
      "GROUPE_SPECIALITE": "336",
      "ID_DOCUMENT": null,
      "LETTRE_SPECIALITE": "T",
      "LIBELLE_COURT": "BTS",
      "LIBELLE_LONG_200": "METIERS DE L'ESTHETIQUE-COSMETIQUE-PARFUMERIE, OPTION A : MANAGEMENT (BTS)",
      "LIBELLE_STAT_33": "MET. ESTH.COSM.PARF. OPT.A MANAG.",
      "NATURE_FORMATION_DIPLOME": "1",
      "NIVEAU_FORMATION_DIPLOME": "320",
      "NIVEAU_QUALIFICATION_RNCP": "05",
      "N_CITE_DOMAINE_FORMATION_LIBELLE_EDITION": "Coiffure et soins de beautï¿½",
      "N_GROUPE_SPECIALITE_LIBELLE_LONG": "COIFFURE, ESTHETIQ.& AUTR.SERVICES PERSO",
      "N_LETTRE_SPECIALITE_LIBELLE_LONG": "REALISATION DU SERVICE",
      "N_NATURE_FORMATION_DIPLOME_LIBELLE_100": "DIPLOME NATIONAL / DIPLOME D'ETAT",
      "N_NIVEAU_FORMATION_DIPLOME_LIBELLE_100": "BREVET DE TECHNICIEN SUPERIEUR",
      "N_NIVEAU_QUALIFICATION_RNCP_LIBELLE_LONG": "NIVEAU 5",
      "UNITE_CAPITALISABLE": null,
    },
    "date": 2023-04-08T22:00:00.000Z,
    "source": "V_FORMATION_DIPLOME",
  },
]
`;
