// Vitest Snapshot v1, https://vitest.dev/guide/snapshot.html

exports[`importAcceData > should extract zipped acce data 1`] = `
[
  {
    "_id": "ObjectId",
    "data": {
      "academie": "10",
      "academie_libe": "Lyon",
      "adresse_uai": "223 rue ALEXANDRE BERARD",
      "appariement": "Parfaite",
      "appariement_complement": null,
      "appellation_officielle": "Lycée professionnel Alexandre Bérard - Lycée des métiers de l'énergie et de l'habitat",
      "boite_postale_uai": null,
      "categorie_financiere": "4",
      "categorie_financiere_libe": "4",
      "categorie_juridique": "200",
      "categorie_juridique_libe": "Etablissement public local d'enseignement (EPLE)",
      "code_postal_uai": "01500",
      "commune": "01004",
      "commune_libe": "Ambérieu-en-Bugey",
      "contrat_etablissement": "99",
      "contrat_etablissement_libe": "Sans objet",
      "coordonnee_x": 881947.9,
      "coordonnee_y": 6544401.7,
      "date_derniere_mise_a_jour": "12/01/2024",
      "date_fermeture": null,
      "date_geolocalisation": "03/10/2023",
      "date_ouverture": "01/05/1965",
      "denomination_principale": "LP LYCEE DES METIERS",
      "departement_insee_3": "001",
      "departement_insee_3_libe": "Ain",
      "etat_etablissement": "1",
      "etat_etablissement_libe": "Ouvert",
      "etat_sirad_uai": "1",
      "hebergement_etablissement": "22",
      "hebergement_etablissement_libe": "Avec internat et demi-pension",
      "lieu_dit_uai": null,
      "localisation": "Numéro de rue",
      "localisation_complement": null,
      "localite_acheminement_uai": "AMBERIEU EN BUGEY",
      "mel_uai": "ce.0010001W@ac-lyon.fr",
      "mention_distribution": null,
      "ministere_tutelle": "06",
      "ministere_tutelle_libe": "ministère de l'éducation nationale",
      "nature_uai": "320",
      "nature_uai_libe": "Lycée professionnel",
      "niveau_uai": "1",
      "niveau_uai_libe": "UAI célibataire",
      "numero_finess_uai": null,
      "numero_siren_siret_uai": "19010001600012",
      "numero_telecopieur_uai": "04 74 38 97 16",
      "numero_telephone_uai": "04 74 38 01 99",
      "numero_uai": "0010001W",
      "patronyme_uai": "ALEXANDRE BERARD",
      "pays": "100",
      "pays_etranger_acheminement": null,
      "pays_libe": "France",
      "secteur_public_prive": "PU",
      "secteur_public_prive_libe": "Public",
      "sigle_uai": "LP LYC METIER",
      "site_web": "https://alexandre-berard.ent.auvergnerhonealpes.fr/",
      "situation_comptable": "2",
      "situation_comptable_libe": "Siège de l'agence comptable",
      "source": "10",
      "tutelle_2": null,
      "tutelle_2_libe": null,
      "type_uai": "LP",
      "type_uai_libe": "Lycées professionnels",
    },
    "date": 2023-04-08T22:00:00.000Z,
    "source": "ACCE_UAI.csv",
  },
  {
    "_id": "ObjectId",
    "data": {
      "academie": "10",
      "academie_libe": "Lyon",
      "adresse_uai": "6 rue AGUETANT",
      "appariement": "Parfaite",
      "appariement_complement": null,
      "appellation_officielle": "Collège Saint-Exupéry",
      "boite_postale_uai": "BP508",
      "categorie_financiere": "4",
      "categorie_financiere_libe": "4",
      "categorie_juridique": "200",
      "categorie_juridique_libe": "Etablissement public local d'enseignement (EPLE)",
      "code_postal_uai": "01500",
      "commune": "01004",
      "commune_libe": "Ambérieu-en-Bugey",
      "contrat_etablissement": "99",
      "contrat_etablissement_libe": "Sans objet",
      "coordonnee_x": 882408.2,
      "coordonnee_y": 6543019.6,
      "date_derniere_mise_a_jour": "25/10/2023",
      "date_fermeture": null,
      "date_geolocalisation": "03/10/2023",
      "date_ouverture": "01/05/1965",
      "denomination_principale": "COLLEGE",
      "departement_insee_3": "001",
      "departement_insee_3_libe": "Ain",
      "etat_etablissement": "1",
      "etat_etablissement_libe": "Ouvert",
      "etat_sirad_uai": "1",
      "hebergement_etablissement": "12",
      "hebergement_etablissement_libe": "Sans internat avec demi-pension",
      "lieu_dit_uai": null,
      "localisation": "Numéro de rue",
      "localisation_complement": null,
      "localite_acheminement_uai": "AMBERIEU EN BUGEY",
      "mel_uai": "ce.0010002X@ac-lyon.fr",
      "mention_distribution": null,
      "ministere_tutelle": "06",
      "ministere_tutelle_libe": "ministère de l'éducation nationale",
      "nature_uai": "340",
      "nature_uai_libe": "Collège",
      "niveau_uai": "1",
      "niveau_uai_libe": "UAI célibataire",
      "numero_finess_uai": null,
      "numero_siren_siret_uai": "19010002400016",
      "numero_telecopieur_uai": "04 74 38 08 65",
      "numero_telephone_uai": "04 74 38 40 77",
      "numero_uai": "0010002X",
      "patronyme_uai": "SAINT-EXUPERY",
      "pays": "100",
      "pays_etranger_acheminement": null,
      "pays_libe": "France",
      "secteur_public_prive": "PU",
      "secteur_public_prive_libe": "Public",
      "sigle_uai": "CLG",
      "site_web": "http://www2.ac-lyon.fr/etab/colleges/col-01/st-exupery/",
      "situation_comptable": "3",
      "situation_comptable_libe": "Rattaché à une agence comptable",
      "source": "IGN",
      "tutelle_2": null,
      "tutelle_2_libe": null,
      "type_uai": "CLG",
      "type_uai_libe": "Collèges",
    },
    "date": 2023-04-08T22:00:00.000Z,
    "source": "ACCE_UAI.csv",
  },
  {
    "_id": "ObjectId",
    "data": {
      "academie": "10",
      "academie_libe": "Lyon",
      "adresse_uai": "131 rue de la Mairie",
      "appariement": "Parfaite",
      "appariement_complement": null,
      "appellation_officielle": "Collège Roger Poulnard",
      "boite_postale_uai": "BP11",
      "categorie_financiere": "2",
      "categorie_financiere_libe": "2",
      "categorie_juridique": "200",
      "categorie_juridique_libe": "Etablissement public local d'enseignement (EPLE)",
      "code_postal_uai": "01380",
      "commune": "01025",
      "commune_libe": "Bâgé-Dommartin",
      "contrat_etablissement": "99",
      "contrat_etablissement_libe": "Sans objet",
      "coordonnee_x": 849722.8,
      "coordonnee_y": 6581538.8,
      "date_derniere_mise_a_jour": "23/11/2023",
      "date_fermeture": null,
      "date_geolocalisation": "03/10/2023",
      "date_ouverture": "01/05/1965",
      "denomination_principale": "COLLEGE",
      "departement_insee_3": "001",
      "departement_insee_3_libe": "Ain",
      "etat_etablissement": "1",
      "etat_etablissement_libe": "Ouvert",
      "etat_sirad_uai": "1",
      "hebergement_etablissement": "12",
      "hebergement_etablissement_libe": "Sans internat avec demi-pension",
      "lieu_dit_uai": null,
      "localisation": "Numéro de rue",
      "localisation_complement": null,
      "localite_acheminement_uai": "BAGE DOMMARTIN",
      "mel_uai": "ce.0010005A@ac-lyon.fr",
      "mention_distribution": null,
      "ministere_tutelle": "06",
      "ministere_tutelle_libe": "ministère de l'éducation nationale",
      "nature_uai": "340",
      "nature_uai_libe": "Collège",
      "niveau_uai": "1",
      "niveau_uai_libe": "UAI célibataire",
      "numero_finess_uai": null,
      "numero_siren_siret_uai": "19010005700016",
      "numero_telecopieur_uai": "03 85 36 39 81",
      "numero_telephone_uai": "03 85 36 39 80",
      "numero_uai": "0010005A",
      "patronyme_uai": "ROGER POULNARD",
      "pays": "100",
      "pays_etranger_acheminement": null,
      "pays_libe": "France",
      "secteur_public_prive": "PU",
      "secteur_public_prive_libe": "Public",
      "sigle_uai": "CLG",
      "site_web": null,
      "situation_comptable": "3",
      "situation_comptable_libe": "Rattaché à une agence comptable",
      "source": "10",
      "tutelle_2": null,
      "tutelle_2_libe": null,
      "type_uai": "CLG",
      "type_uai_libe": "Collèges",
    },
    "date": 2023-04-08T22:00:00.000Z,
    "source": "ACCE_UAI.csv",
  },
  {
    "_id": "ObjectId",
    "data": {
      "academie": "10",
      "academie_libe": "Lyon",
      "adresse_uai": "15 avenue SAINT-EXUPERY",
      "appariement": "Parfaite",
      "appariement_complement": null,
      "appellation_officielle": "Lycée polyvalent Saint-Exupéry - Lycée des métiers de l'hôtellerie et des services - Lycée des métiers des énergies du bâtiment",
      "boite_postale_uai": "BP616",
      "categorie_financiere": "4",
      "categorie_financiere_libe": "4",
      "categorie_juridique": "200",
      "categorie_juridique_libe": "Etablissement public local d'enseignement (EPLE)",
      "code_postal_uai": "01200",
      "commune": "01033",
      "commune_libe": "Valserhône",
      "contrat_etablissement": "99",
      "contrat_etablissement_libe": "Sans objet",
      "coordonnee_x": 917623.9,
      "coordonnee_y": 6560849.3,
      "date_derniere_mise_a_jour": "25/10/2023",
      "date_fermeture": null,
      "date_geolocalisation": "03/10/2023",
      "date_ouverture": "01/05/1965",
      "denomination_principale": "LPO LYCEE DES METIERS",
      "departement_insee_3": "001",
      "departement_insee_3_libe": "Ain",
      "etat_etablissement": "1",
      "etat_etablissement_libe": "Ouvert",
      "etat_sirad_uai": "1",
      "hebergement_etablissement": "22",
      "hebergement_etablissement_libe": "Avec internat et demi-pension",
      "lieu_dit_uai": "BELLEGARDE SUR VALSERINE",
      "localisation": "Numéro de rue",
      "localisation_complement": null,
      "localite_acheminement_uai": "VALSERHONE",
      "mel_uai": "ce.0010006B@ac-lyon.fr",
      "mention_distribution": null,
      "ministere_tutelle": "06",
      "ministere_tutelle_libe": "ministère de l'éducation nationale",
      "nature_uai": "306",
      "nature_uai_libe": "Lycée polyvalent",
      "niveau_uai": "2",
      "niveau_uai_libe": "UAI mère",
      "numero_finess_uai": null,
      "numero_siren_siret_uai": "19010007300013",
      "numero_telecopieur_uai": "04 50 56 61 69",
      "numero_telephone_uai": "04 50 56 61 40",
      "numero_uai": "0010006B",
      "patronyme_uai": "SAINT-EXUPERY",
      "pays": "100",
      "pays_etranger_acheminement": null,
      "pays_libe": "France",
      "secteur_public_prive": "PU",
      "secteur_public_prive_libe": "Public",
      "sigle_uai": "LPO LYC METIER",
      "site_web": "https://lyc-saint-exupery-bellegarde.ent.auvergnerhonealpes.fr/",
      "situation_comptable": "2",
      "situation_comptable_libe": "Siège de l'agence comptable",
      "source": "IGN",
      "tutelle_2": null,
      "tutelle_2_libe": null,
      "type_uai": "LYC",
      "type_uai_libe": "Lycées",
    },
    "date": 2023-04-08T22:00:00.000Z,
    "source": "ACCE_UAI.csv",
  },
  {
    "_id": "ObjectId",
    "data": {
      "academie": "10",
      "academie_libe": "Lyon",
      "adresse_uai": "15 AVENUE SAINT EXUPERY",
      "appariement": "SIMILAIRE",
      "appariement_complement": null,
      "appellation_officielle": "Lycée professionnel Brillat Savarin",
      "boite_postale_uai": "BP616",
      "categorie_financiere": "4",
      "categorie_financiere_libe": "4",
      "categorie_juridique": "200",
      "categorie_juridique_libe": "Etablissement public local d'enseignement (EPLE)",
      "code_postal_uai": "01206",
      "commune": "01033",
      "commune_libe": "Valserhône",
      "contrat_etablissement": "99",
      "contrat_etablissement_libe": "Sans objet",
      "coordonnee_x": 917623.9,
      "coordonnee_y": 6560849.4,
      "date_derniere_mise_a_jour": "04/11/2021",
      "date_fermeture": "31/08/2001",
      "date_geolocalisation": "23/03/2015",
      "date_ouverture": "01/05/1965",
      "denomination_principale": "LYCEE PROFESSIONNEL",
      "departement_insee_3": "001",
      "departement_insee_3_libe": "Ain",
      "etat_etablissement": "4",
      "etat_etablissement_libe": "Fermé",
      "etat_sirad_uai": "1",
      "hebergement_etablissement": "22",
      "hebergement_etablissement_libe": "Avec internat et demi-pension",
      "lieu_dit_uai": null,
      "localisation": "CENTRE_PARCELLE_PROJETE",
      "localisation_complement": null,
      "localite_acheminement_uai": "BELLEGARDE SUR VALSERINE C",
      "mel_uai": "ce.0010007C@ac-lyon.fr",
      "mention_distribution": null,
      "ministere_tutelle": "06",
      "ministere_tutelle_libe": "ministère de l'éducation nationale",
      "nature_uai": "320",
      "nature_uai_libe": "Lycée professionnel",
      "niveau_uai": "1",
      "niveau_uai_libe": "UAI célibataire",
      "numero_finess_uai": null,
      "numero_siren_siret_uai": "19010007300013",
      "numero_telecopieur_uai": "04 50 56 61 69",
      "numero_telephone_uai": "04 50 56 61 44",
      "numero_uai": "0010007C",
      "patronyme_uai": "BRILLAT SAVARIN",
      "pays": "100",
      "pays_etranger_acheminement": null,
      "pays_libe": "France",
      "secteur_public_prive": "PU",
      "secteur_public_prive_libe": "Public",
      "sigle_uai": "LP",
      "site_web": null,
      "situation_comptable": "3",
      "situation_comptable_libe": "Rattaché à une agence comptable",
      "source": "IGN",
      "tutelle_2": null,
      "tutelle_2_libe": null,
      "type_uai": "LP",
      "type_uai_libe": "Lycées professionnels",
    },
    "date": 2023-04-08T22:00:00.000Z,
    "source": "ACCE_UAI.csv",
  },
]
`;

exports[`importAcceData > should extract zipped acce data 2`] = `
[
  {
    "_id": "ObjectId",
    "data": {
      "date_derniere_mise_a_jour": null,
      "date_fermeture": null,
      "date_ouverture": "01/09/1986",
      "numero_uai": "0010001W",
      "type_zone_uai": "42",
      "type_zone_uai_libe": "Groupement comptable",
      "zone": "0010001W",
      "zone_libe": "LP LYC METIER ALEXANDRE BERARD",
    },
    "date": 2023-04-08T22:00:00.000Z,
    "source": "ACCE_UAI_ZONE.csv",
  },
  {
    "_id": "ObjectId",
    "data": {
      "date_derniere_mise_a_jour": null,
      "date_fermeture": null,
      "date_ouverture": "19/05/2020",
      "numero_uai": "0010001W",
      "type_zone_uai": "27",
      "type_zone_uai_libe": "Pôle inclusif d'accompagnement localisé",
      "zone": "0010002X",
      "zone_libe": "CLG SAINT-EXUPERY",
    },
    "date": 2023-04-08T22:00:00.000Z,
    "source": "ACCE_UAI_ZONE.csv",
  },
  {
    "_id": "ObjectId",
    "data": {
      "date_derniere_mise_a_jour": null,
      "date_fermeture": null,
      "date_ouverture": "11/01/1966",
      "numero_uai": "0010001W",
      "type_zone_uai": "44",
      "type_zone_uai_libe": "Centre d'information et d'orientation",
      "zone": "0010053C",
      "zone_libe": "CIO ETAT AMBERIEU",
    },
    "date": 2023-04-08T22:00:00.000Z,
    "source": "ACCE_UAI_ZONE.csv",
  },
  {
    "_id": "ObjectId",
    "data": {
      "date_derniere_mise_a_jour": null,
      "date_fermeture": null,
      "date_ouverture": "01/05/1965",
      "numero_uai": "0010001W",
      "type_zone_uai": "22",
      "type_zone_uai_libe": "Secteur scolaire",
      "zone": "0010301",
      "zone_libe": "AMBERIEU EN BUGEY",
    },
    "date": 2023-04-08T22:00:00.000Z,
    "source": "ACCE_UAI_ZONE.csv",
  },
  {
    "_id": "ObjectId",
    "data": {
      "date_derniere_mise_a_jour": null,
      "date_fermeture": null,
      "date_ouverture": "01/09/2003",
      "numero_uai": "0010001W",
      "type_zone_uai": "43",
      "type_zone_uai_libe": "Greta",
      "zone": "0011164K",
      "zone_libe": "GRETA-CFA AIN",
    },
    "date": 2023-04-08T22:00:00.000Z,
    "source": "ACCE_UAI_ZONE.csv",
  },
]
`;

exports[`importAcceData > should extract zipped acce data 3`] = `
[
  {
    "_id": "ObjectId",
    "data": {
      "date_fermeture": null,
      "date_ouverture": "01/09/2008",
      "numero_uai": "0010001W",
      "specificite_uai": "1CY",
      "specificite_uai_libe": "Présence d'élèves en classes de 1er cycle",
    },
    "date": 2023-04-08T22:00:00.000Z,
    "source": "ACCE_UAI_SPEC.csv",
  },
  {
    "_id": "ObjectId",
    "data": {
      "date_fermeture": null,
      "date_ouverture": "01/09/2008",
      "numero_uai": "0010001W",
      "specificite_uai": "EUR",
      "specificite_uai_libe": "Présence d'une section européenne ou de langues orientales",
    },
    "date": 2023-04-08T22:00:00.000Z,
    "source": "ACCE_UAI_SPEC.csv",
  },
  {
    "_id": "ObjectId",
    "data": {
      "date_fermeture": null,
      "date_ouverture": "01/09/2022",
      "numero_uai": "0010001W",
      "specificite_uai": "JEU",
      "specificite_uai_libe": "Présence d'un dispositif d'insertion des jeunes",
    },
    "date": 2023-04-08T22:00:00.000Z,
    "source": "ACCE_UAI_SPEC.csv",
  },
  {
    "_id": "ObjectId",
    "data": {
      "date_fermeture": null,
      "date_ouverture": "01/09/2006",
      "numero_uai": "0010001W",
      "specificite_uai": "MET",
      "specificite_uai_libe": "Label lycée des métiers",
    },
    "date": 2023-04-08T22:00:00.000Z,
    "source": "ACCE_UAI_SPEC.csv",
  },
  {
    "_id": "ObjectId",
    "data": {
      "date_fermeture": null,
      "date_ouverture": "01/09/2010",
      "numero_uai": "0010001W",
      "specificite_uai": "STS",
      "specificite_uai_libe": "Présence d'une section de techniciens supérieurs",
    },
    "date": 2023-04-08T22:00:00.000Z,
    "source": "ACCE_UAI_SPEC.csv",
  },
]
`;

exports[`importAcceData > should extract zipped acce data 4`] = `
[
  {
    "_id": "ObjectId",
    "data": {
      "academie": "10",
      "academie_libe": "Lyon",
      "adresse_uai": "1 rue DE CROUY",
      "appariement": "Parfaite",
      "appariement_complement": null,
      "appellation_officielle": "Lycée polyvalent Joseph-Marie Carriat",
      "boite_postale_uai": "BP60309",
      "categorie_financiere": "5",
      "categorie_financiere_libe": "4 exceptionnelle",
      "categorie_juridique": "200",
      "categorie_juridique_libe": "Etablissement public local d'enseignement (EPLE)",
      "code_postal_uai": "01011",
      "commune": "01053",
      "commune_libe": "Bourg-en-Bresse",
      "contrat_etablissement": "99",
      "contrat_etablissement_libe": "Sans objet",
      "coordonnee_x": 871495.2,
      "coordonnee_y": 6568856.8,
      "date_derniere_mise_a_jour": "25/10/2023",
      "date_fermeture": null,
      "date_geolocalisation": "03/10/2023",
      "date_ouverture": "01/05/1965",
      "denomination_principale": "LYCEE POLYVALENT",
      "departement_insee_3": "001",
      "departement_insee_3_libe": "Ain",
      "etat_etablissement": "1",
      "etat_etablissement_libe": "Ouvert",
      "etat_sirad_uai": "1",
      "hebergement_etablissement": "22",
      "hebergement_etablissement_libe": "Avec internat et demi-pension",
      "lieu_dit_uai": null,
      "localisation": "Numéro de rue",
      "localisation_complement": null,
      "localite_acheminement_uai": "BOURG EN BRESSE CEDEX",
      "mel_uai": "ce.0010016M@ac-lyon.fr",
      "mention_distribution": null,
      "ministere_tutelle": "06",
      "ministere_tutelle_libe": "ministère de l'éducation nationale",
      "nature_uai": "306",
      "nature_uai_libe": "Lycée polyvalent",
      "niveau_uai": "2",
      "niveau_uai_libe": "UAI mère",
      "numero_finess_uai": null,
      "numero_siren_siret_uai": "19010016400010",
      "numero_telecopieur_uai": "04 74 32 18 54",
      "numero_telephone_uai": "04 74 32 18 48",
      "numero_uai_mere": "0010016M",
      "numero_uai_trouve": "0010017N",
      "patronyme_uai": "JOSEPH-MARIE CARRIAT",
      "pays": "100",
      "pays_etranger_acheminement": null,
      "pays_libe": "France",
      "secteur_public_prive": "PU",
      "secteur_public_prive_libe": "Public",
      "sigle_uai": "LPO",
      "site_web": "https://carriat.ent.auvergnerhonealpes.fr",
      "situation_comptable": "2",
      "situation_comptable_libe": "Siège de l'agence comptable",
      "source": "IGN",
      "tutelle_2": null,
      "tutelle_2_libe": null,
      "type_rattachement": "AN",
      "type_uai": "LYC",
      "type_uai_libe": "Lycées",
    },
    "date": 2023-04-08T22:00:00.000Z,
    "source": "ACCE_UAI_MERE.csv",
  },
  {
    "_id": "ObjectId",
    "data": {
      "academie": "10",
      "academie_libe": "Lyon",
      "adresse_uai": "19 avenue DOCTEUR BERTHIER",
      "appariement": "Parfaite",
      "appariement_complement": null,
      "appellation_officielle": "Collège Vaugelas",
      "boite_postale_uai": "BP29",
      "categorie_financiere": "4",
      "categorie_financiere_libe": "4",
      "categorie_juridique": "200",
      "categorie_juridique_libe": "Etablissement public local d'enseignement (EPLE)",
      "code_postal_uai": "01800",
      "commune": "01244",
      "commune_libe": "Meximieux",
      "contrat_etablissement": "99",
      "contrat_etablissement_libe": "Sans objet",
      "coordonnee_x": 869648.2,
      "coordonnee_y": 6536557.6,
      "date_derniere_mise_a_jour": "25/10/2023",
      "date_fermeture": null,
      "date_geolocalisation": "03/10/2023",
      "date_ouverture": "16/02/1971",
      "denomination_principale": "COLLEGE",
      "departement_insee_3": "001",
      "departement_insee_3_libe": "Ain",
      "etat_etablissement": "1",
      "etat_etablissement_libe": "Ouvert",
      "etat_sirad_uai": "1",
      "hebergement_etablissement": "12",
      "hebergement_etablissement_libe": "Sans internat avec demi-pension",
      "lieu_dit_uai": null,
      "localisation": "Numéro de rue",
      "localisation_complement": null,
      "localite_acheminement_uai": "MEXIMIEUX",
      "mel_uai": "ce.0010041P@ac-lyon.fr",
      "mention_distribution": null,
      "ministere_tutelle": "06",
      "ministere_tutelle_libe": "ministère de l'éducation nationale",
      "nature_uai": "340",
      "nature_uai_libe": "Collège",
      "niveau_uai": "2",
      "niveau_uai_libe": "UAI mère",
      "numero_finess_uai": null,
      "numero_siren_siret_uai": "19010041200013",
      "numero_telecopieur_uai": "04 74 61 37 51",
      "numero_telephone_uai": "04 74 61 14 72",
      "numero_uai_mere": "0010041P",
      "numero_uai_trouve": "0010054D",
      "patronyme_uai": "VAUGELAS",
      "pays": "100",
      "pays_etranger_acheminement": null,
      "pays_libe": "France",
      "secteur_public_prive": "PU",
      "secteur_public_prive_libe": "Public",
      "sigle_uai": "CLG",
      "site_web": "www.collegevaugelas.com",
      "situation_comptable": "3",
      "situation_comptable_libe": "Rattaché à une agence comptable",
      "source": "IGN",
      "tutelle_2": null,
      "tutelle_2_libe": null,
      "type_rattachement": "FI",
      "type_uai": "CLG",
      "type_uai_libe": "Collèges",
    },
    "date": 2023-04-08T22:00:00.000Z,
    "source": "ACCE_UAI_MERE.csv",
  },
  {
    "_id": "ObjectId",
    "data": {
      "academie": "10",
      "academie_libe": "Lyon",
      "adresse_uai": "10 rue de la Paix",
      "appariement": "Correcte",
      "appariement_complement": null,
      "appellation_officielle": "Direction des services départementaux de l'éducation nationale de l'Ain",
      "boite_postale_uai": "BP404",
      "categorie_financiere": "9",
      "categorie_financiere_libe": "Sans objet",
      "categorie_juridique": "101",
      "categorie_juridique_libe": "Service de l'Etat",
      "code_postal_uai": "01012",
      "commune": "01053",
      "commune_libe": "Bourg-en-Bresse",
      "contrat_etablissement": "99",
      "contrat_etablissement_libe": "Sans objet",
      "coordonnee_x": 871233.5,
      "coordonnee_y": 6569575,
      "date_derniere_mise_a_jour": "25/10/2023",
      "date_fermeture": null,
      "date_geolocalisation": "03/10/2023",
      "date_ouverture": "13/01/1966",
      "denomination_principale": "DIR SERVICES DEPARTEMENTAUX EN",
      "departement_insee_3": "001",
      "departement_insee_3_libe": "Ain",
      "etat_etablissement": "1",
      "etat_etablissement_libe": "Ouvert",
      "etat_sirad_uai": "1",
      "hebergement_etablissement": "99",
      "hebergement_etablissement_libe": "Sans objet",
      "lieu_dit_uai": null,
      "localisation": "Numéro de rue",
      "localisation_complement": null,
      "localite_acheminement_uai": "BOURG EN BRESSE CEDEX",
      "mel_uai": "ce.ia01@ac-lyon.fr",
      "mention_distribution": null,
      "ministere_tutelle": "06",
      "ministere_tutelle_libe": "ministère de l'éducation nationale",
      "nature_uai": "805",
      "nature_uai_libe": "Direction des services départementaux de l'éducation nationale",
      "niveau_uai": "2",
      "niveau_uai_libe": "UAI mère",
      "numero_finess_uai": null,
      "numero_siren_siret_uai": "17010431900018",
      "numero_telecopieur_uai": "04 74 45 58 99",
      "numero_telephone_uai": "04 74 45 58 40",
      "numero_uai_mere": "0019999N",
      "numero_uai_trouve": "0010061L",
      "patronyme_uai": "DE L'AIN",
      "pays": "100",
      "pays_etranger_acheminement": null,
      "pays_libe": "France",
      "secteur_public_prive": "PU",
      "secteur_public_prive_libe": "Public",
      "sigle_uai": "D.S.D.E.N.",
      "site_web": null,
      "situation_comptable": "9",
      "situation_comptable_libe": "Sans objet",
      "source": "IGN",
      "tutelle_2": null,
      "tutelle_2_libe": null,
      "type_rattachement": "AN",
      "type_uai": "SDEN",
      "type_uai_libe": "Services départementaux de l'éducation nationale",
    },
    "date": 2023-04-08T22:00:00.000Z,
    "source": "ACCE_UAI_MERE.csv",
  },
  {
    "_id": "ObjectId",
    "data": {
      "academie": "10",
      "academie_libe": "Lyon",
      "adresse_uai": "47 rue Philippe de Lassalle",
      "appariement": "Parfaite",
      "appariement_complement": null,
      "appellation_officielle": "Atelier Canopé 69 - Lyon",
      "boite_postale_uai": null,
      "categorie_financiere": "9",
      "categorie_financiere_libe": "Sans objet",
      "categorie_juridique": "500",
      "categorie_juridique_libe": "Sans personnalité juridique",
      "code_postal_uai": "69316",
      "commune": "69384",
      "commune_libe": "Lyon 4e  Arrondissement",
      "contrat_etablissement": "99",
      "contrat_etablissement_libe": "Sans objet",
      "coordonnee_x": 841435.1,
      "coordonnee_y": 6521701.7,
      "date_derniere_mise_a_jour": "25/10/2023",
      "date_fermeture": null,
      "date_geolocalisation": "03/10/2023",
      "date_ouverture": "15/02/1967",
      "denomination_principale": "CANOPE",
      "departement_insee_3": "069",
      "departement_insee_3_libe": "Rhône",
      "etat_etablissement": "1",
      "etat_etablissement_libe": "Ouvert",
      "etat_sirad_uai": "1",
      "hebergement_etablissement": "99",
      "hebergement_etablissement_libe": "Sans objet",
      "lieu_dit_uai": null,
      "localisation": "Numéro de rue",
      "localisation_complement": null,
      "localite_acheminement_uai": "LYON CEDEX 04",
      "mel_uai": "contact.atelier69@reseau-canope.fr",
      "mention_distribution": null,
      "ministere_tutelle": "06",
      "ministere_tutelle_libe": "ministère de l'éducation nationale",
      "nature_uai": "826",
      "nature_uai_libe": "Atelier Canopé",
      "niveau_uai": "3",
      "niveau_uai_libe": "UAI fille",
      "numero_finess_uai": null,
      "numero_siren_siret_uai": "18690688900016",
      "numero_telecopieur_uai": "04 72 00 76 29",
      "numero_telephone_uai": "04 72 00 76 00",
      "numero_uai_mere": "0690245S",
      "numero_uai_trouve": "0010804U",
      "patronyme_uai": "ATELIER 69 - LYON",
      "pays": "100",
      "pays_etranger_acheminement": null,
      "pays_libe": "France",
      "secteur_public_prive": "PU",
      "secteur_public_prive_libe": "Public",
      "sigle_uai": "CANOPE",
      "site_web": null,
      "situation_comptable": "9",
      "situation_comptable_libe": "Sans objet",
      "source": "IGN",
      "tutelle_2": null,
      "tutelle_2_libe": null,
      "type_rattachement": "AN",
      "type_uai": "CDP",
      "type_uai_libe": "cereq/canope/inrp/ciep",
    },
    "date": 2023-04-08T22:00:00.000Z,
    "source": "ACCE_UAI_MERE.csv",
  },
  {
    "_id": "ObjectId",
    "data": {
      "academie": "08",
      "academie_libe": "Grenoble",
      "adresse_uai": "11 avenue Général Champon",
      "appariement": "Correcte",
      "appariement_complement": null,
      "appellation_officielle": "Direction territoriale d'Auvergne Rhône-Alpes et Atelier Canopé 38 - Grenoble",
      "boite_postale_uai": null,
      "categorie_financiere": "9",
      "categorie_financiere_libe": "Sans objet",
      "categorie_juridique": "500",
      "categorie_juridique_libe": "Sans personnalité juridique",
      "code_postal_uai": "38031",
      "commune": "38185",
      "commune_libe": "Grenoble",
      "contrat_etablissement": "99",
      "contrat_etablissement_libe": "Sans objet",
      "coordonnee_x": 914522.7,
      "coordonnee_y": 6457391.6,
      "date_derniere_mise_a_jour": "15/11/2022",
      "date_fermeture": null,
      "date_geolocalisation": "03/11/2022",
      "date_ouverture": "26/12/1966",
      "denomination_principale": "CANOPE -DIRECTION TERRITORIALE",
      "departement_insee_3": "038",
      "departement_insee_3_libe": "Isère",
      "etat_etablissement": "1",
      "etat_etablissement_libe": "Ouvert",
      "etat_sirad_uai": null,
      "hebergement_etablissement": "99",
      "hebergement_etablissement_libe": "Sans objet",
      "lieu_dit_uai": null,
      "localisation": "Numéro de rue",
      "localisation_complement": null,
      "localite_acheminement_uai": "GRENOBLE CEDEX 1",
      "mel_uai": "contact.atelier38@reseau-canope.fr",
      "mention_distribution": null,
      "ministere_tutelle": "06",
      "ministere_tutelle_libe": "ministère de l'éducation nationale",
      "nature_uai": "825",
      "nature_uai_libe": "Direction territoriale Canopé",
      "niveau_uai": "4",
      "niveau_uai_libe": "UAI mère et fille",
      "numero_finess_uai": null,
      "numero_siren_siret_uai": "18080648800015",
      "numero_telecopieur_uai": "04 76 17 14 05",
      "numero_telephone_uai": null,
      "numero_uai_mere": "0381511L",
      "numero_uai_trouve": "0010804U",
      "patronyme_uai": "AUVERGNE RHONEALPES ATELIER 38",
      "pays": "100",
      "pays_etranger_acheminement": null,
      "pays_libe": "France",
      "secteur_public_prive": "PU",
      "secteur_public_prive_libe": "Public",
      "sigle_uai": "CANOPE",
      "site_web": "http://www.cndp.fr/crdp-grenoble/",
      "situation_comptable": "9",
      "situation_comptable_libe": "Sans objet",
      "source": "IGN",
      "tutelle_2": null,
      "tutelle_2_libe": null,
      "type_rattachement": "AN",
      "type_uai": "CDP",
      "type_uai_libe": "cereq/canope/inrp/ciep",
    },
    "date": 2023-04-08T22:00:00.000Z,
    "source": "ACCE_UAI_MERE.csv",
  },
]
`;

exports[`importAcceData > should extract zipped acce data 5`] = `
[
  {
    "_id": "ObjectId",
    "data": {
      "academie": "10",
      "academie_libe": "Lyon",
      "adresse_uai": "223 RUE ALEXANDRE BERARD",
      "appariement": "SIMILAIRE",
      "appariement_complement": null,
      "appellation_officielle": "A COMPLETER",
      "boite_postale_uai": null,
      "categorie_financiere": "9",
      "categorie_financiere_libe": "Sans objet",
      "categorie_juridique": "500",
      "categorie_juridique_libe": "Sans personnalité juridique",
      "code_postal_uai": "01500",
      "commune": "01004",
      "commune_libe": "Ambérieu-en-Bugey",
      "contrat_etablissement": "99",
      "contrat_etablissement_libe": "Sans objet",
      "coordonnee_x": 881986,
      "coordonnee_y": 6544422,
      "date_derniere_mise_a_jour": "04/11/2021",
      "date_fermeture": "31/08/2003",
      "date_geolocalisation": "23/03/2015",
      "date_ouverture": "01/09/1986",
      "denomination_principale": "GRETA BUGEY",
      "departement_insee_3": "001",
      "departement_insee_3_libe": "Ain",
      "etat_etablissement": "4",
      "etat_etablissement_libe": "Fermé",
      "etat_sirad_uai": "2",
      "hebergement_etablissement": "99",
      "hebergement_etablissement_libe": "Sans objet",
      "lieu_dit_uai": null,
      "localisation": "CENTRE_PARCELLE_PROJETE",
      "localisation_complement": null,
      "localite_acheminement_uai": "AMBERIEU EN BUGEY",
      "mel_uai": "greta-bugey@ac-lyon.fr",
      "mention_distribution": null,
      "ministere_tutelle": "06",
      "ministere_tutelle_libe": "ministère de l'éducation nationale",
      "nature_uai": "710",
      "nature_uai_libe": "GRETA",
      "niveau_uai": "1",
      "niveau_uai_libe": "UAI célibataire",
      "numero_finess_uai": null,
      "numero_siren_siret_uai": "19010001600020",
      "numero_telecopieur_uai": "04 74 38 38 42",
      "numero_telephone_uai": "04 74 34 66 88",
      "numero_uai_fille": "0011242V",
      "numero_uai_trouve": "0010001W",
      "patronyme_uai": "LYCEE ALEXANDRE BERARD",
      "pays": "100",
      "pays_etranger_acheminement": null,
      "pays_libe": "France",
      "secteur_public_prive": "PU",
      "secteur_public_prive_libe": "Public",
      "sigle_uai": "GRETA",
      "site_web": null,
      "situation_comptable": "3",
      "situation_comptable_libe": "Rattaché à une agence comptable",
      "source": "IGN",
      "tutelle_2": null,
      "tutelle_2_libe": null,
      "type_rattachement": "JU",
      "type_uai": "GRET",
      "type_uai_libe": "Groupement d'établissements pour la formation continue",
    },
    "date": 2023-04-08T22:00:00.000Z,
    "source": "ACCE_UAI_FILLE.csv",
  },
  {
    "_id": "ObjectId",
    "data": {
      "academie": "10",
      "academie_libe": "Lyon",
      "adresse_uai": "15 AVENUE SAINT EXUPERY",
      "appariement": "SIMILAIRE",
      "appariement_complement": null,
      "appellation_officielle": "A COMPLETER",
      "boite_postale_uai": "BP616",
      "categorie_financiere": "9",
      "categorie_financiere_libe": "Sans objet",
      "categorie_juridique": "500",
      "categorie_juridique_libe": "Sans personnalité juridique",
      "code_postal_uai": "01200",
      "commune": "01033",
      "commune_libe": "Valserhône",
      "contrat_etablissement": "99",
      "contrat_etablissement_libe": "Sans objet",
      "coordonnee_x": 917623.9,
      "coordonnee_y": 6560849.4,
      "date_derniere_mise_a_jour": "04/11/2021",
      "date_fermeture": "31/08/2003",
      "date_geolocalisation": "23/03/2015",
      "date_ouverture": "01/05/1979",
      "denomination_principale": "GRETA JURA SUD LEMAN",
      "departement_insee_3": "001",
      "departement_insee_3_libe": "Ain",
      "etat_etablissement": "4",
      "etat_etablissement_libe": "Fermé",
      "etat_sirad_uai": "2",
      "hebergement_etablissement": "99",
      "hebergement_etablissement_libe": "Sans objet",
      "lieu_dit_uai": null,
      "localisation": "CENTRE_PARCELLE_PROJETE",
      "localisation_complement": null,
      "localite_acheminement_uai": "BELLEGARDE SUR VALSERINE",
      "mel_uai": "greta-sud-leman@ac-lyon.fr",
      "mention_distribution": null,
      "ministere_tutelle": "06",
      "ministere_tutelle_libe": "ministère de l'éducation nationale",
      "nature_uai": "710",
      "nature_uai_libe": "GRETA",
      "niveau_uai": "1",
      "niveau_uai_libe": "UAI célibataire",
      "numero_finess_uai": null,
      "numero_siren_siret_uai": "19010006500027",
      "numero_telecopieur_uai": "04 50 56 02 25",
      "numero_telephone_uai": "04 50 48 40 79",
      "numero_uai_fille": "0011162H",
      "numero_uai_trouve": "0010006B",
      "patronyme_uai": "LYCEE SAINT EXUPERY",
      "pays": "100",
      "pays_etranger_acheminement": null,
      "pays_libe": "France",
      "secteur_public_prive": "PU",
      "secteur_public_prive_libe": "Public",
      "sigle_uai": "GRETA",
      "site_web": null,
      "situation_comptable": "3",
      "situation_comptable_libe": "Rattaché à une agence comptable",
      "source": "IGN",
      "tutelle_2": null,
      "tutelle_2_libe": null,
      "type_rattachement": "JU",
      "type_uai": "GRET",
      "type_uai_libe": "Groupement d'établissements pour la formation continue",
    },
    "date": 2023-04-08T22:00:00.000Z,
    "source": "ACCE_UAI_FILLE.csv",
  },
  {
    "_id": "ObjectId",
    "data": {
      "academie": "10",
      "academie_libe": "Lyon",
      "adresse_uai": "15 avenue SAINT-EXUPERY",
      "appariement": "Parfaite",
      "appariement_complement": null,
      "appellation_officielle": "Section d'enseignement professionnel du Lycée polyvalent Saint-Exupéry",
      "boite_postale_uai": "BP616",
      "categorie_financiere": "9",
      "categorie_financiere_libe": "Sans objet",
      "categorie_juridique": "500",
      "categorie_juridique_libe": "Sans personnalité juridique",
      "code_postal_uai": "01200",
      "commune": "01033",
      "commune_libe": "Valserhône",
      "contrat_etablissement": "99",
      "contrat_etablissement_libe": "Sans objet",
      "coordonnee_x": 917623.9,
      "coordonnee_y": 6560849.3,
      "date_derniere_mise_a_jour": "25/10/2023",
      "date_fermeture": null,
      "date_geolocalisation": "03/10/2023",
      "date_ouverture": "01/09/2001",
      "denomination_principale": "SECTION ENSEIGNT PROFESSIONNEL",
      "departement_insee_3": "001",
      "departement_insee_3_libe": "Ain",
      "etat_etablissement": "1",
      "etat_etablissement_libe": "Ouvert",
      "etat_sirad_uai": "9",
      "hebergement_etablissement": "22",
      "hebergement_etablissement_libe": "Avec internat et demi-pension",
      "lieu_dit_uai": "BELLEGARDE SUR VALSERINE",
      "localisation": "Numéro de rue",
      "localisation_complement": null,
      "localite_acheminement_uai": "VALSERHONE",
      "mel_uai": "ce.0011347J@ac-lyon.fr",
      "mention_distribution": null,
      "ministere_tutelle": "06",
      "ministere_tutelle_libe": "ministère de l'éducation nationale",
      "nature_uai": "334",
      "nature_uai_libe": "Section d'enseignement professionnel",
      "niveau_uai": "3",
      "niveau_uai_libe": "UAI fille",
      "numero_finess_uai": null,
      "numero_siren_siret_uai": null,
      "numero_telecopieur_uai": "04 50 56 61 69",
      "numero_telephone_uai": "04 50 56 61 40",
      "numero_uai_fille": "0011347J",
      "numero_uai_trouve": "0010006B",
      "patronyme_uai": "LPO SAINT-EXUPERY",
      "pays": "100",
      "pays_etranger_acheminement": null,
      "pays_libe": "France",
      "secteur_public_prive": "PU",
      "secteur_public_prive_libe": "Public",
      "sigle_uai": "SEP",
      "site_web": null,
      "situation_comptable": "9",
      "situation_comptable_libe": "Sans objet",
      "source": "IGN",
      "tutelle_2": null,
      "tutelle_2_libe": null,
      "type_rattachement": "FI",
      "type_uai": "SEP",
      "type_uai_libe": "Sections d'enseignement professionnel",
    },
    "date": 2023-04-08T22:00:00.000Z,
    "source": "ACCE_UAI_FILLE.csv",
  },
  {
    "_id": "ObjectId",
    "data": {
      "academie": "10",
      "academie_libe": "Lyon",
      "adresse_uai": "15 avenue SAINT EXUPERY",
      "appariement": "Parfaite",
      "appariement_complement": null,
      "appellation_officielle": "Section d'enseignement général et professionnel adapté du Collège Saint-Exupéry",
      "boite_postale_uai": "BP616",
      "categorie_financiere": "9",
      "categorie_financiere_libe": "Sans objet",
      "categorie_juridique": "500",
      "categorie_juridique_libe": "Sans personnalité juridique",
      "code_postal_uai": "01200",
      "commune": "01033",
      "commune_libe": "Valserhône",
      "contrat_etablissement": "99",
      "contrat_etablissement_libe": "Sans objet",
      "coordonnee_x": 917623.9,
      "coordonnee_y": 6560849.3,
      "date_derniere_mise_a_jour": "25/10/2023",
      "date_fermeture": null,
      "date_geolocalisation": "03/10/2023",
      "date_ouverture": "01/09/1998",
      "denomination_principale": "SEGPA",
      "departement_insee_3": "001",
      "departement_insee_3_libe": "Ain",
      "etat_etablissement": "1",
      "etat_etablissement_libe": "Ouvert",
      "etat_sirad_uai": "9",
      "hebergement_etablissement": "12",
      "hebergement_etablissement_libe": "Sans internat avec demi-pension",
      "lieu_dit_uai": "BELLEGARDE SUR VALSERINE",
      "localisation": "Numéro de rue",
      "localisation_complement": null,
      "localite_acheminement_uai": "VALSERHONE",
      "mel_uai": "ce.0011334V@ac-lyon.fr",
      "mention_distribution": null,
      "ministere_tutelle": "06",
      "ministere_tutelle_libe": "ministère de l'éducation nationale",
      "nature_uai": "390",
      "nature_uai_libe": "Section d'enseignement général et professionnel adapté",
      "niveau_uai": "3",
      "niveau_uai_libe": "UAI fille",
      "numero_finess_uai": null,
      "numero_siren_siret_uai": "19010008181016",
      "numero_telecopieur_uai": null,
      "numero_telephone_uai": "04 50 59 45 90",
      "numero_uai_fille": "0011334V",
      "numero_uai_trouve": "0010008D",
      "patronyme_uai": "CLG SAINT-EXUPERY",
      "pays": "100",
      "pays_etranger_acheminement": null,
      "pays_libe": "France",
      "secteur_public_prive": "PU",
      "secteur_public_prive_libe": "Public",
      "sigle_uai": "SEGPA",
      "site_web": null,
      "situation_comptable": "9",
      "situation_comptable_libe": "Sans objet",
      "source": "IGN",
      "tutelle_2": null,
      "tutelle_2_libe": null,
      "type_rattachement": "FI",
      "type_uai": "SES",
      "type_uai_libe": "Section d'enseignement général et professionnel adapté",
    },
    "date": 2023-04-08T22:00:00.000Z,
    "source": "ACCE_UAI_FILLE.csv",
  },
  {
    "_id": "ObjectId",
    "data": {
      "academie": "10",
      "academie_libe": "Lyon",
      "adresse_uai": "113 rue DU 5E RTM",
      "appariement": "Correcte",
      "appariement_complement": null,
      "appellation_officielle": "Section d'enseignement professionnel du Lycée polyvalent du Bugey",
      "boite_postale_uai": "BP157",
      "categorie_financiere": "9",
      "categorie_financiere_libe": "Sans objet",
      "categorie_juridique": "500",
      "categorie_juridique_libe": "Sans personnalité juridique",
      "code_postal_uai": "01306",
      "commune": "01034",
      "commune_libe": "Belley",
      "contrat_etablissement": "99",
      "contrat_etablissement_libe": "Sans objet",
      "coordonnee_x": 909024.7,
      "coordonnee_y": 6521619.9,
      "date_derniere_mise_a_jour": "18/12/2023",
      "date_fermeture": null,
      "date_geolocalisation": "03/10/2023",
      "date_ouverture": "12/02/1976",
      "denomination_principale": "SECTION ENSEIGNT PROFESSIONNEL",
      "departement_insee_3": "001",
      "departement_insee_3_libe": "Ain",
      "etat_etablissement": "1",
      "etat_etablissement_libe": "Ouvert",
      "etat_sirad_uai": "1",
      "hebergement_etablissement": "22",
      "hebergement_etablissement_libe": "Avec internat et demi-pension",
      "lieu_dit_uai": null,
      "localisation": "Numéro de rue",
      "localisation_complement": null,
      "localite_acheminement_uai": "BELLEY CEDEX",
      "mel_uai": "ce.0011010T@ac-lyon.fr",
      "mention_distribution": null,
      "ministere_tutelle": "06",
      "ministere_tutelle_libe": "ministère de l'éducation nationale",
      "nature_uai": "334",
      "nature_uai_libe": "Section d'enseignement professionnel",
      "niveau_uai": "3",
      "niveau_uai_libe": "UAI fille",
      "numero_finess_uai": null,
      "numero_siren_siret_uai": "19011010600019",
      "numero_telecopieur_uai": "04 79 81 67 23",
      "numero_telephone_uai": "04 79 81 02 18",
      "numero_uai_fille": "0011010T",
      "numero_uai_trouve": "0010010F",
      "patronyme_uai": "LPO DU BUGEY",
      "pays": "100",
      "pays_etranger_acheminement": null,
      "pays_libe": "France",
      "secteur_public_prive": "PU",
      "secteur_public_prive_libe": "Public",
      "sigle_uai": "SEP",
      "site_web": null,
      "situation_comptable": "9",
      "situation_comptable_libe": "Sans objet",
      "source": "10",
      "tutelle_2": null,
      "tutelle_2_libe": null,
      "type_rattachement": "AN",
      "type_uai": "SEP",
      "type_uai_libe": "Sections d'enseignement professionnel",
    },
    "date": 2023-04-08T22:00:00.000Z,
    "source": "ACCE_UAI_FILLE.csv",
  },
]
`;
