// Vitest Snapshot v1, https://vitest.dev/guide/snapshot.html

exports[`runKitApprentissageImporter > Legacy files > should import Kit Apprentissage multiple_files source 1`] = `
[
  {
    "_id": "ObjectId",
    "cfd": "17021006",
    "rncp": "RNCP1997",
  },
  {
    "_id": "ObjectId",
    "cfd": "17021006",
    "rncp": "RNCP11532",
  },
  {
    "_id": "ObjectId",
    "cfd": "17021006",
    "rncp": "RNCP5912",
  },
  {
    "_id": "ObjectId",
    "cfd": "56T23207",
    "rncp": "RNCP25720",
  },
  {
    "_id": "ObjectId",
    "cfd": "56T23207",
    "rncp": "RNCP35507",
  },
  {
    "_id": "ObjectId",
    "cfd": "46X33608",
    "rncp": "RNCP36906",
  },
  {
    "_id": "ObjectId",
    "cfd": "46X33608",
    "rncp": "RNCP38447",
  },
]
`;

exports[`runKitApprentissageImporter > Legacy files > should import Kit Apprentissage single_file source 1`] = `
[
  {
    "_id": "ObjectId",
    "cfd": "25031012",
    "rncp": "RNCP30111",
  },
  {
    "_id": "ObjectId",
    "cfd": "25024104",
    "rncp": "RNCP30110",
  },
  {
    "_id": "ObjectId",
    "cfd": "16X31062",
    "rncp": "RNCP36741",
  },
  {
    "_id": "ObjectId",
    "cfd": "25022158",
    "rncp": "RNCP30113",
  },
  {
    "_id": "ObjectId",
    "cfd": "13511109",
    "rncp": "RNCP31803",
  },
  {
    "_id": "ObjectId",
    "cfd": "25022204",
    "rncp": "RNCP30050",
  },
  {
    "_id": "ObjectId",
    "cfd": "17021004",
    "rncp": "RNCP29277",
  },
  {
    "_id": "ObjectId",
    "cfd": "17032620",
    "rncp": "RNCP36416",
  },
  {
    "_id": "ObjectId",
    "cfd": "25022154",
    "rncp": "RNCP30074",
  },
  {
    "_id": "ObjectId",
    "cfd": "15531005",
    "rncp": "RNCP27423",
  },
]
`;

exports[`runKitApprentissageImporter > Legacy files > should import XLSX file 1`] = `
[
  {
    "_id": "ObjectId",
    "cfd": "25031012",
    "rncp": "RNCP30111",
  },
  {
    "_id": "ObjectId",
    "cfd": "25024104",
    "rncp": "RNCP30110",
  },
  {
    "_id": "ObjectId",
    "cfd": "16X31062",
    "rncp": "RNCP36741",
  },
  {
    "_id": "ObjectId",
    "cfd": "25022158",
    "rncp": "RNCP30113",
  },
  {
    "_id": "ObjectId",
    "cfd": "13511109",
    "rncp": "RNCP31803",
  },
  {
    "_id": "ObjectId",
    "cfd": "25022204",
    "rncp": "RNCP30050",
  },
  {
    "_id": "ObjectId",
    "cfd": "17021004",
    "rncp": "RNCP29277",
  },
  {
    "_id": "ObjectId",
    "cfd": "17032620",
    "rncp": "RNCP36416",
  },
  {
    "_id": "ObjectId",
    "cfd": "25022154",
    "rncp": "RNCP30074",
  },
  {
    "_id": "ObjectId",
    "cfd": "15531005",
    "rncp": "RNCP27423",
  },
]
`;

exports[`runKitApprentissageImporter > Legacy files > should support june 2024 new sheets 1`] = `
[
  {
    "_id": "ObjectId",
    "cfd": "17020031",
    "rncp": "RNCP12738",
  },
]
`;
