// Vitest Snapshot v1, https://vitest.dev/guide/snapshot.html

exports[`searchOrganisme > tdb retro-compatibility > should be backward compatible 1`] = `
{
  "fauxPositifs": [
    {
      "isExpectedLieu": false,
      "motifs": [
        {
          "organisme": null,
          "organismes": [],
          "state": "referentiel-org-introuvable",
        },
        {
          "organisme": {
            "etat_administratif": "actif",
            "nature": "responsable_formateur",
            "siret": "18972905600011",
            "uai": "9720929C",
          },
          "organismes": [],
          "state": "referentiel-fraterie-siret-unique",
        },
        {
          "organisme": null,
          "organismes": [],
          "state": "referentiel-fraterie-uai-aucun",
        },
        {
          "organisme": {
            "etat_administratif": "actif",
            "nature": "responsable_formateur",
            "siret": "18972905600011",
            "uai": "9720929C",
          },
          "organismes": [],
          "state": "referentiel-par-lieu-org-unique",
        },
      ],
      "resultSiret": "18972905600011",
      "resultUai": "9720929C",
      "rule_id": 9,
      "siret": "18972905600011",
      "type": "NON_FIABILISABLE_UAI_NON_VALIDEE",
      "uai": "9720695Y",
    },
    {
      "isExpectedLieu": false,
      "motifs": [
        {
          "organisme": null,
          "organismes": [],
          "state": "referentiel-org-introuvable",
        },
        {
          "organisme": null,
          "organismes": [],
          "state": "referentiel-fraterie-siret-aucun",
        },
        {
          "organisme": {
            "etat_administratif": "actif",
            "nature": "inconnue",
            "siret": "78477959700037",
            "uai": "0596711Z",
          },
          "organismes": [],
          "state": "referentiel-fraterie-uai-unique",
        },
        {
          "organisme": null,
          "organismes": [],
          "state": "referentiel-par-lieu-org-introuvable",
        },
      ],
      "resultSiret": "78477959700037",
      "resultUai": "0596711Z",
      "rule_id": 7,
      "siret": "81893333500023",
      "type": "NON_FIABILISABLE_PB_COLLECTE",
      "uai": "0596711Z",
    },
    {
      "isExpectedLieu": false,
      "motifs": [
        {
          "organisme": {
            "etat_administratif": "fermé",
            "nature": "responsable_formateur",
            "siret": "19850028200035",
            "uai": "0851313R",
          },
          "organismes": [],
          "state": "referentiel-org-ferme",
        },
        {
          "organisme": null,
          "organismes": [],
          "state": "referentiel-fraterie-siret-aucun",
        },
        {
          "organisme": {
            "etat_administratif": "actif",
            "nature": "responsable",
            "siret": "19850027400040",
            "uai": "0851313R",
          },
          "organismes": [],
          "state": "referentiel-fraterie-uai-unique",
        },
        {
          "organisme": null,
          "organismes": [],
          "state": "referentiel-par-lieu-org-introuvable",
        },
      ],
      "resultSiret": "19850027400040",
      "resultUai": "0851313R",
      "rule_id": 7,
      "siret": "19850028200035",
      "type": "NON_FIABILISABLE_PB_COLLECTE",
      "uai": "0851313R",
    },
    {
      "isExpectedLieu": false,
      "motifs": [
        {
          "organisme": null,
          "organismes": [],
          "state": "referentiel-org-introuvable",
        },
        {
          "organisme": {
            "etat_administratif": "actif",
            "nature": "responsable_formateur",
            "siret": "18972905600011",
            "uai": "9720929C",
          },
          "organismes": [],
          "state": "referentiel-fraterie-siret-unique",
        },
        {
          "organisme": null,
          "organismes": [],
          "state": "referentiel-fraterie-uai-aucun",
        },
        {
          "organisme": {
            "etat_administratif": "actif",
            "nature": "responsable_formateur",
            "siret": "18972905600011",
            "uai": "9720929C",
          },
          "organismes": [],
          "state": "referentiel-par-lieu-org-unique",
        },
      ],
      "resultSiret": "18972905600011",
      "resultUai": "9720929C",
      "rule_id": 9,
      "siret": "18972905600011",
      "type": "NON_FIABILISABLE_UAI_NON_VALIDEE",
      "uai": "9720091S",
    },
    {
      "isExpectedLieu": false,
      "motifs": [
        {
          "organisme": null,
          "organismes": [],
          "state": "referentiel-org-introuvable",
        },
        {
          "organisme": {
            "etat_administratif": "actif",
            "nature": "responsable_formateur",
            "siret": "34896746400028",
            "uai": "0802196C",
          },
          "organismes": [],
          "state": "referentiel-fraterie-siret-unique",
        },
        {
          "organisme": null,
          "organismes": [],
          "state": "referentiel-fraterie-uai-aucun",
        },
        {
          "organisme": {
            "etat_administratif": "actif",
            "nature": "responsable_formateur",
            "siret": "34896746400028",
            "uai": "0802196C",
          },
          "organismes": [],
          "state": "referentiel-par-lieu-org-unique",
        },
      ],
      "resultSiret": "34896746400028",
      "resultUai": "0802196C",
      "rule_id": 9,
      "siret": "34896746400028",
      "type": "NON_FIABILISABLE_UAI_NON_VALIDEE",
      "uai": "0020012C",
    },
    {
      "isExpectedLieu": false,
      "motifs": [
        {
          "organisme": {
            "etat_administratif": "fermé",
            "nature": "formateur",
            "siret": "19010017200013",
            "uai": "0010016M",
          },
          "organismes": [],
          "state": "referentiel-org-ferme",
        },
        {
          "organisme": null,
          "organismes": [],
          "state": "referentiel-fraterie-siret-aucun",
        },
        {
          "organisme": {
            "etat_administratif": "actif",
            "nature": "formateur",
            "siret": "19010016400010",
            "uai": "0010016M",
          },
          "organismes": [],
          "state": "referentiel-fraterie-uai-unique",
        },
        {
          "organisme": {
            "etat_administratif": "fermé",
            "nature": "formateur",
            "siret": "19010017200013",
            "uai": "0010016M",
          },
          "organismes": [],
          "state": "referentiel-par-lieu-org-unique",
        },
      ],
      "resultSiret": "19010016400010",
      "resultUai": "0010016M",
      "rule_id": 9,
      "siret": "19010017200013",
      "type": "NON_FIABILISABLE_UAI_VALIDEE",
      "uai": "0010016M",
    },
    {
      "isExpectedLieu": false,
      "motifs": [
        {
          "organisme": {
            "etat_administratif": "fermé",
            "nature": "formateur",
            "siret": "19500066600014",
            "uai": "0501219D",
          },
          "organismes": [],
          "state": "referentiel-org-ferme",
        },
        {
          "organisme": null,
          "organismes": [],
          "state": "referentiel-fraterie-siret-aucun",
        },
        {
          "organisme": {
            "etat_administratif": "actif",
            "nature": "formateur",
            "siret": "19501219000011",
            "uai": "0501219D",
          },
          "organismes": [],
          "state": "referentiel-fraterie-uai-unique",
        },
        {
          "organisme": null,
          "organismes": [
            {
              "etat_administratif": "actif",
              "nature": "formateur",
              "siret": "19501219000011",
              "uai": "0501219D",
            },
            {
              "etat_administratif": "actif",
              "nature": "responsable_formateur",
              "siret": "19501219000029",
              "uai": "0501720Y",
            },
          ],
          "state": "referentiel-par-lieu-incompatible",
        },
      ],
      "resultSiret": "19501219000011",
      "resultUai": "0501219D",
      "rule_id": 9,
      "siret": "19500066600014",
      "type": "NON_FIABILISABLE_UAI_VALIDEE",
      "uai": "0501219D",
    },
    {
      "isExpectedLieu": false,
      "motifs": [
        {
          "organisme": {
            "etat_administratif": "fermé",
            "nature": "responsable_formateur",
            "siret": "37932670500033",
            "uai": "0391172M",
          },
          "organismes": [],
          "state": "referentiel-org-ferme",
        },
        {
          "organisme": null,
          "organismes": [],
          "state": "referentiel-fraterie-siret-aucun",
        },
        {
          "organisme": {
            "etat_administratif": "actif",
            "nature": "formateur",
            "siret": "77871521900169",
            "uai": "0391172M",
          },
          "organismes": [],
          "state": "referentiel-fraterie-uai-unique",
        },
        {
          "organisme": {
            "etat_administratif": "fermé",
            "nature": "responsable_formateur",
            "siret": "37932670500033",
            "uai": "0391172M",
          },
          "organismes": [],
          "state": "referentiel-par-lieu-org-unique",
        },
      ],
      "resultSiret": "77871521900169",
      "resultUai": "0391172M",
      "rule_id": 9,
      "siret": "37932670500033",
      "type": "NON_FIABILISABLE_UAI_VALIDEE",
      "uai": "0391172M",
    },
    {
      "isExpectedLieu": false,
      "motifs": [
        {
          "organisme": {
            "etat_administratif": "fermé",
            "nature": "responsable_formateur",
            "siret": "50013802900029",
            "uai": "0597090L",
          },
          "organismes": [],
          "state": "referentiel-org-ferme",
        },
        {
          "organisme": null,
          "organismes": [],
          "state": "referentiel-fraterie-siret-aucun",
        },
        {
          "organisme": {
            "etat_administratif": "actif",
            "nature": "responsable_formateur",
            "siret": "50013802900037",
            "uai": "0597090L",
          },
          "organismes": [],
          "state": "referentiel-fraterie-uai-unique",
        },
        {
          "organisme": null,
          "organismes": [],
          "state": "referentiel-par-lieu-org-introuvable",
        },
      ],
      "resultSiret": "50013802900037",
      "resultUai": "0597090L",
      "rule_id": 7,
      "siret": "50013802900029",
      "type": "NON_FIABILISABLE_PB_COLLECTE",
      "uai": "0597090L",
    },
    {
      "isExpectedLieu": false,
      "motifs": [
        {
          "organisme": {
            "etat_administratif": "fermé",
            "nature": "responsable_formateur",
            "siret": "13002797200160",
            "uai": "0780424M",
          },
          "organismes": [],
          "state": "referentiel-org-ferme",
        },
        {
          "organisme": null,
          "organismes": [],
          "state": "referentiel-fraterie-siret-aucun",
        },
        {
          "organisme": {
            "etat_administratif": "actif",
            "nature": "formateur",
            "siret": "13002797200152",
            "uai": "0780424M",
          },
          "organismes": [],
          "state": "referentiel-fraterie-uai-unique",
        },
        {
          "organisme": {
            "etat_administratif": "fermé",
            "nature": "responsable_formateur",
            "siret": "13002797200160",
            "uai": "0780424M",
          },
          "organismes": [],
          "state": "referentiel-par-lieu-org-unique",
        },
      ],
      "resultSiret": "13002797200152",
      "resultUai": "0780424M",
      "rule_id": 9,
      "siret": "13002797200160",
      "type": "NON_FIABILISABLE_UAI_VALIDEE",
      "uai": "0780424M",
    },
    {
      "isExpectedLieu": false,
      "motifs": [
        {
          "organisme": {
            "etat_administratif": "fermé",
            "nature": "formateur",
            "siret": "30023071100016",
            "uai": "0690651H",
          },
          "organismes": [],
          "state": "referentiel-org-ferme",
        },
        {
          "organisme": null,
          "organismes": [],
          "state": "referentiel-fraterie-siret-aucun",
        },
        {
          "organisme": null,
          "organismes": [],
          "state": "referentiel-fraterie-uai-aucun",
        },
        {
          "organisme": {
            "etat_administratif": "fermé",
            "nature": "formateur",
            "siret": "30023071100016",
            "uai": "0690651H",
          },
          "organismes": [],
          "state": "referentiel-par-lieu-org-unique",
        },
      ],
      "resultSiret": "30023071100016",
      "resultUai": "0690651H",
      "rule_id": 9,
      "siret": "30023071100016",
      "type": "NON_FIABILISABLE_UAI_VALIDEE",
      "uai": "0690651H",
    },
    {
      "isExpectedLieu": false,
      "motifs": [
        {
          "organisme": {
            "etat_administratif": "fermé",
            "nature": "responsable_formateur",
            "siret": "37932670500066",
            "uai": "0251750S",
          },
          "organismes": [],
          "state": "referentiel-org-ferme",
        },
        {
          "organisme": null,
          "organismes": [],
          "state": "referentiel-fraterie-siret-aucun",
        },
        {
          "organisme": {
            "etat_administratif": "actif",
            "nature": "responsable_formateur",
            "siret": "77871521900151",
            "uai": "0251750S",
          },
          "organismes": [],
          "state": "referentiel-fraterie-uai-unique",
        },
        {
          "organisme": {
            "etat_administratif": "fermé",
            "nature": "responsable_formateur",
            "siret": "37932670500066",
            "uai": "0251750S",
          },
          "organismes": [],
          "state": "referentiel-par-lieu-org-unique",
        },
      ],
      "resultSiret": "77871521900151",
      "resultUai": "0251750S",
      "rule_id": 9,
      "siret": "37932670500066",
      "type": "NON_FIABILISABLE_UAI_VALIDEE",
      "uai": "0251750S",
    },
    {
      "isExpectedLieu": false,
      "motifs": [
        {
          "organisme": {
            "etat_administratif": "fermé",
            "nature": "formateur",
            "siret": "19310055900031",
            "uai": "0312746S",
          },
          "organismes": [],
          "state": "referentiel-org-ferme",
        },
        {
          "organisme": null,
          "organismes": [],
          "state": "referentiel-fraterie-siret-aucun",
        },
        {
          "organisme": null,
          "organismes": [],
          "state": "referentiel-fraterie-uai-aucun",
        },
        {
          "organisme": {
            "etat_administratif": "fermé",
            "nature": "formateur",
            "siret": "19310055900031",
            "uai": "0312746S",
          },
          "organismes": [],
          "state": "referentiel-par-lieu-org-unique",
        },
      ],
      "resultSiret": "19310055900031",
      "resultUai": "0312746S",
      "rule_id": 7,
      "siret": "19310055900031",
      "type": "NON_FIABILISABLE_PB_COLLECTE",
      "uai": "0312746S",
    },
    {
      "isExpectedLieu": false,
      "motifs": [
        {
          "organisme": {
            "etat_administratif": "fermé",
            "nature": "responsable_formateur",
            "siret": "53292801700013",
            "uai": "0861437V",
          },
          "organismes": [],
          "state": "referentiel-org-ferme",
        },
        {
          "organisme": null,
          "organismes": [],
          "state": "referentiel-fraterie-siret-aucun",
        },
        {
          "organisme": {
            "etat_administratif": "actif",
            "nature": "responsable_formateur",
            "siret": "49098556100060",
            "uai": "0861437V",
          },
          "organismes": [],
          "state": "referentiel-fraterie-uai-unique",
        },
        {
          "organisme": {
            "etat_administratif": "fermé",
            "nature": "responsable_formateur",
            "siret": "53292801700013",
            "uai": "0861437V",
          },
          "organismes": [],
          "state": "referentiel-par-lieu-org-unique",
        },
      ],
      "resultSiret": "49098556100060",
      "resultUai": "0861437V",
      "rule_id": 9,
      "siret": "53292801700013",
      "type": "NON_FIABILISABLE_UAI_VALIDEE",
      "uai": "0861437V",
    },
    {
      "isExpectedLieu": false,
      "motifs": [
        {
          "organisme": {
            "etat_administratif": "fermé",
            "nature": "formateur",
            "siret": "77838286100012",
            "uai": "0391146J",
          },
          "organismes": [],
          "state": "referentiel-org-ferme",
        },
        {
          "organisme": null,
          "organismes": [],
          "state": "referentiel-fraterie-siret-aucun",
        },
        {
          "organisme": {
            "etat_administratif": "actif",
            "nature": "formateur",
            "siret": "77838286100020",
            "uai": "0391146J",
          },
          "organismes": [],
          "state": "referentiel-fraterie-uai-unique",
        },
        {
          "organisme": null,
          "organismes": [
            {
              "etat_administratif": "actif",
              "nature": "formateur",
              "siret": "77838286100020",
              "uai": "0391146J",
            },
            {
              "etat_administratif": "actif",
              "nature": "formateur",
              "siret": "49198891100013",
              "uai": "0251035P",
            },
          ],
          "state": "referentiel-par-lieu-incompatible",
        },
      ],
      "resultSiret": "77838286100020",
      "resultUai": "0391146J",
      "rule_id": 9,
      "siret": "77838286100012",
      "type": "NON_FIABILISABLE_UAI_VALIDEE",
      "uai": "0391146J",
    },
    {
      "isExpectedLieu": false,
      "motifs": [
        {
          "organisme": {
            "etat_administratif": "fermé",
            "nature": "inconnue",
            "siret": "84172358800015",
            "uai": "0511952V",
          },
          "organismes": [],
          "state": "referentiel-org-ferme",
        },
        {
          "organisme": null,
          "organismes": [],
          "state": "referentiel-fraterie-siret-aucun",
        },
        {
          "organisme": {
            "etat_administratif": "actif",
            "nature": "inconnue",
            "siret": "84172358800031",
            "uai": "0511952V",
          },
          "organismes": [],
          "state": "referentiel-fraterie-uai-unique",
        },
        {
          "organisme": null,
          "organismes": [],
          "state": "referentiel-par-lieu-org-introuvable",
        },
      ],
      "resultSiret": "84172358800031",
      "resultUai": "0511952V",
      "rule_id": 7,
      "siret": "84172358800015",
      "type": "NON_FIABILISABLE_PB_COLLECTE",
      "uai": "0511952V",
    },
    {
      "isExpectedLieu": false,
      "motifs": [
        {
          "organisme": {
            "etat_administratif": "fermé",
            "nature": "responsable_formateur",
            "siret": "77566202600167",
            "uai": "0332882D",
          },
          "organismes": [],
          "state": "referentiel-org-ferme",
        },
        {
          "organisme": null,
          "organismes": [],
          "state": "referentiel-fraterie-siret-aucun",
        },
        {
          "organisme": null,
          "organismes": [],
          "state": "referentiel-fraterie-uai-aucun",
        },
        {
          "organisme": {
            "etat_administratif": "fermé",
            "nature": "responsable_formateur",
            "siret": "77566202600167",
            "uai": "0332882D",
          },
          "organismes": [],
          "state": "referentiel-par-lieu-org-unique",
        },
      ],
      "resultSiret": "77566202600167",
      "resultUai": "0332882D",
      "rule_id": 9,
      "siret": "77566202600167",
      "type": "NON_FIABILISABLE_UAI_VALIDEE",
      "uai": "0332882D",
    },
    {
      "isExpectedLieu": false,
      "motifs": [
        {
          "organisme": {
            "etat_administratif": "fermé",
            "nature": "responsable_formateur",
            "siret": "81242537900011",
            "uai": "0442792W",
          },
          "organismes": [],
          "state": "referentiel-org-ferme",
        },
        {
          "organisme": null,
          "organismes": [],
          "state": "referentiel-fraterie-siret-aucun",
        },
        {
          "organisme": {
            "etat_administratif": "actif",
            "nature": "responsable",
            "siret": "81242537900029",
            "uai": "0442792W",
          },
          "organismes": [],
          "state": "referentiel-fraterie-uai-unique",
        },
        {
          "organisme": null,
          "organismes": [],
          "state": "referentiel-par-lieu-org-introuvable",
        },
      ],
      "resultSiret": "81242537900029",
      "resultUai": "0442792W",
      "rule_id": 7,
      "siret": "81242537900011",
      "type": "NON_FIABILISABLE_PB_COLLECTE",
      "uai": "0442792W",
    },
    {
      "isExpectedLieu": false,
      "motifs": [
        {
          "organisme": null,
          "organismes": [],
          "state": "referentiel-org-introuvable",
        },
        {
          "organisme": null,
          "organismes": [],
          "state": "referentiel-fraterie-siret-aucun",
        },
        {
          "organisme": {
            "etat_administratif": "actif",
            "nature": "responsable_formateur",
            "siret": "38204569800018",
            "uai": "0754226L",
          },
          "organismes": [],
          "state": "referentiel-fraterie-uai-unique",
        },
        {
          "organisme": {
            "etat_administratif": "actif",
            "nature": "responsable_formateur",
            "siret": "38204569800018",
            "uai": "0754226L",
          },
          "organismes": [],
          "state": "referentiel-par-lieu-org-incompatible-unique",
        },
      ],
      "resultSiret": "38204569800018",
      "resultUai": "0754226L",
      "rule_id": 7,
      "siret": "3820459800018",
      "type": "NON_FIABILISABLE_PB_COLLECTE",
      "uai": "0754226L",
    },
  ],
}
`;

exports[`searchOrganisme > tdb retro-compatibility > should be backward compatible 2`] = `
{
  "inconsistency": [
    {
      "expectedSiret": "19240007500011",
      "expectedUai": "0240007C",
      "isExpectedLieu": false,
      "motifs": [
        {
          "organisme": null,
          "organismes": [],
          "state": "referentiel-org-introuvable",
        },
        {
          "organisme": {
            "etat_administratif": "actif",
            "nature": "responsable_formateur",
            "siret": "19330023300031",
            "uai": "0332820L",
          },
          "organismes": [],
          "state": "referentiel-fraterie-siret-unique",
        },
        {
          "organisme": {
            "etat_administratif": "actif",
            "nature": "formateur",
            "siret": "19240007500011",
            "uai": "0240007C",
          },
          "organismes": [],
          "state": "referentiel-fraterie-uai-unique",
        },
        {
          "organisme": {
            "etat_administratif": "actif",
            "nature": "responsable_formateur",
            "siret": "19330023300031",
            "uai": "0332820L",
          },
          "organismes": [],
          "state": "referentiel-par-lieu-org-unique",
        },
      ],
      "resultSiret": "19330023300031",
      "resultUai": "0332820L",
      "rule_id": 2,
      "siret": "19330023300031",
      "uai": "0240007C",
    },
    {
      "expectedSiret": "19840005300023",
      "expectedUai": "0841241T",
      "isExpectedLieu": false,
      "motifs": [
        {
          "organisme": {
            "etat_administratif": "fermé",
            "nature": "formateur",
            "siret": "19840016000026",
            "uai": "0841241T",
          },
          "organismes": [],
          "state": "referentiel-org-ferme",
        },
        {
          "organisme": null,
          "organismes": [],
          "state": "referentiel-fraterie-siret-aucun",
        },
        {
          "organisme": null,
          "organismes": [],
          "state": "referentiel-fraterie-uai-aucun",
        },
        {
          "organisme": {
            "etat_administratif": "actif",
            "nature": "responsable_formateur",
            "siret": "19840005300023",
            "uai": "0840866K",
          },
          "organismes": [],
          "state": "referentiel-par-lieu-org-incompatible-unique",
        },
      ],
      "resultSiret": "19840005300023",
      "resultUai": "0840866K",
      "rule_id": 8,
      "siret": "19840016000026",
      "uai": "0841241T",
    },
    {
      "expectedSiret": "19251202800015",
      "expectedUai": "0251853D",
      "isExpectedLieu": false,
      "motifs": [
        {
          "organisme": {
            "etat_administratif": "fermé",
            "nature": "responsable_formateur",
            "siret": "19251202800023",
            "uai": "0251853D",
          },
          "organismes": [],
          "state": "referentiel-org-ferme",
        },
        {
          "organisme": null,
          "organismes": [],
          "state": "referentiel-fraterie-siret-aucun",
        },
        {
          "organisme": null,
          "organismes": [],
          "state": "referentiel-fraterie-uai-aucun",
        },
        {
          "organisme": {
            "etat_administratif": "fermé",
            "nature": "responsable_formateur",
            "siret": "19251202800015",
            "uai": "0251202W",
          },
          "organismes": [],
          "state": "referentiel-par-lieu-org-incompatible-unique",
        },
      ],
      "resultSiret": "19251202800015",
      "resultUai": "0251202W",
      "rule_id": 8,
      "siret": "19251202800023",
      "uai": "0251853D",
    },
    {
      "expectedSiret": "19390056000015",
      "expectedUai": "0390786T",
      "isExpectedLieu": false,
      "motifs": [
        {
          "organisme": {
            "etat_administratif": "fermé",
            "nature": "formateur",
            "siret": "19390056000015",
            "uai": "0390786T",
          },
          "organismes": [],
          "state": "referentiel-org-ferme",
        },
        {
          "organisme": null,
          "organismes": [],
          "state": "referentiel-fraterie-siret-aucun",
        },
        {
          "organisme": {
            "etat_administratif": "actif",
            "nature": "inconnue",
            "siret": "19390786200018",
            "uai": "0390786T",
          },
          "organismes": [],
          "state": "referentiel-fraterie-uai-unique",
        },
        {
          "organisme": {
            "etat_administratif": "fermé",
            "nature": "formateur",
            "siret": "19390056000015",
            "uai": "0390786T",
          },
          "organismes": [],
          "state": "referentiel-par-lieu-org-unique",
        },
      ],
      "resultSiret": "19390786200018",
      "resultUai": "0390786T",
      "rule_id": 8,
      "siret": "19390056000015",
      "uai": "0390786T",
    },
    {
      "expectedSiret": "77694419100035",
      "expectedUai": "0311145B",
      "isExpectedLieu": false,
      "motifs": [
        {
          "organisme": null,
          "organismes": [],
          "state": "referentiel-org-introuvable",
        },
        {
          "organisme": {
            "etat_administratif": "actif",
            "nature": "formateur",
            "siret": "77694419100043",
            "uai": "0312065B",
          },
          "organismes": [],
          "state": "referentiel-fraterie-siret-unique",
        },
        {
          "organisme": {
            "etat_administratif": "actif",
            "nature": "formateur",
            "siret": "77694419100035",
            "uai": "0311145B",
          },
          "organismes": [],
          "state": "referentiel-fraterie-uai-unique",
        },
        {
          "organisme": {
            "etat_administratif": "actif",
            "nature": "formateur",
            "siret": "77694419100043",
            "uai": "0312065B",
          },
          "organismes": [],
          "state": "referentiel-par-lieu-org-unique",
        },
      ],
      "resultSiret": "77694419100043",
      "resultUai": "0312065B",
      "rule_id": 2,
      "siret": "77694419100043",
      "uai": "0311145B",
    },
    {
      "expectedSiret": "19840016000026",
      "expectedUai": "0841241T",
      "isExpectedLieu": false,
      "motifs": [
        {
          "organisme": null,
          "organismes": [],
          "state": "referentiel-org-introuvable",
        },
        {
          "organisme": {
            "etat_administratif": "actif",
            "nature": "responsable_formateur",
            "siret": "19840005300023",
            "uai": "0840866K",
          },
          "organismes": [],
          "state": "referentiel-fraterie-siret-unique",
        },
        {
          "organisme": {
            "etat_administratif": "fermé",
            "nature": "formateur",
            "siret": "19840016000026",
            "uai": "0841241T",
          },
          "organismes": [],
          "state": "referentiel-fraterie-uai-unique-ferme",
        },
        {
          "organisme": {
            "etat_administratif": "actif",
            "nature": "responsable_formateur",
            "siret": "19840005300023",
            "uai": "0840866K",
          },
          "organismes": [],
          "state": "referentiel-par-lieu-org-unique",
        },
      ],
      "resultSiret": "19840005300023",
      "resultUai": "0840866K",
      "rule_id": 2,
      "siret": "19840005300023",
      "uai": "0841241T",
    },
    {
      "expectedSiret": "34896746400028",
      "expectedUai": "0801907N",
      "isExpectedLieu": false,
      "motifs": [
        {
          "organisme": null,
          "organismes": [],
          "state": "referentiel-org-introuvable",
        },
        {
          "organisme": {
            "etat_administratif": "actif",
            "nature": "responsable_formateur",
            "siret": "34896746400028",
            "uai": "0802196C",
          },
          "organismes": [],
          "state": "referentiel-fraterie-siret-unique",
        },
        {
          "organisme": {
            "etat_administratif": "actif",
            "nature": "inconnue",
            "siret": "19753471200298",
            "uai": "0801907N",
          },
          "organismes": [],
          "state": "referentiel-fraterie-uai-unique",
        },
        {
          "organisme": {
            "etat_administratif": "actif",
            "nature": "responsable_formateur",
            "siret": "34896746400028",
            "uai": "0802196C",
          },
          "organismes": [],
          "state": "referentiel-par-lieu-org-unique",
        },
      ],
      "resultSiret": "34896746400028",
      "resultUai": "0802196C",
      "rule_id": 8,
      "siret": "34896746400028",
      "uai": "0801907N",
    },
    {
      "expectedSiret": "19470020900019",
      "expectedUai": "0470020S",
      "isExpectedLieu": false,
      "motifs": [
        {
          "organisme": {
            "etat_administratif": "fermé",
            "nature": "inconnue",
            "siret": "19470093600017",
            "uai": "0470020S",
          },
          "organismes": [],
          "state": "referentiel-org-ferme",
        },
        {
          "organisme": null,
          "organismes": [],
          "state": "referentiel-fraterie-siret-aucun",
        },
        {
          "organisme": null,
          "organismes": [],
          "state": "referentiel-fraterie-uai-aucun",
        },
        {
          "organisme": {
            "etat_administratif": "actif",
            "nature": "formateur",
            "siret": "19470020900019",
            "uai": "0470834B",
          },
          "organismes": [],
          "state": "referentiel-par-lieu-org-incompatible-unique",
        },
      ],
      "resultSiret": "19470020900019",
      "resultUai": "0470834B",
      "rule_id": 8,
      "siret": "19470093600017",
      "uai": "0470020S",
    },
  ],
}
`;

exports[`searchOrganisme > tdb retro-compatibility > should be backward compatible 3`] = `
{
  "fauxNegatifs": [
    {
      "expectedSiret": "18800864300028",
      "expectedUai": "0802084F",
      "isExpectedLieu": false,
      "motifs": [
        {
          "organisme": null,
          "organismes": [],
          "state": "referentiel-org-introuvable",
        },
        {
          "organisme": {
            "etat_administratif": "actif",
            "nature": "responsable_formateur",
            "siret": "18800864300028",
            "uai": "0802084F",
          },
          "organismes": [],
          "state": "referentiel-fraterie-siret-unique",
        },
        {
          "organisme": null,
          "organismes": [],
          "state": "referentiel-fraterie-uai-aucun",
        },
        {
          "organisme": null,
          "organismes": [],
          "state": "referentiel-par-lieu-org-introuvable",
        },
      ],
      "rule_id": 3,
      "siret": "18800864300028",
      "type": "A_FIABILISER",
      "uai": "0600015R",
    },
    {
      "expectedSiret": "89307491400027",
      "expectedUai": "0694566N",
      "isExpectedLieu": false,
      "motifs": [
        {
          "organisme": {
            "etat_administratif": "fermé",
            "nature": "responsable_formateur",
            "siret": "89307491400019",
            "uai": "0694566N",
          },
          "organismes": [],
          "state": "referentiel-org-ferme",
        },
        {
          "organisme": null,
          "organismes": [],
          "state": "referentiel-fraterie-siret-aucun",
        },
        {
          "organisme": null,
          "organismes": [],
          "state": "referentiel-fraterie-uai-aucun",
        },
        {
          "organisme": {
            "etat_administratif": "actif",
            "nature": "responsable_formateur",
            "siret": "89307491400027",
            "uai": undefined,
          },
          "organismes": [],
          "state": "referentiel-par-lieu-org-incompatible-unique",
        },
        {
          "organisme": null,
          "organismes": [],
          "state": "controle-uai-inconnu",
        },
      ],
      "rule_id": 8,
      "siret": "89307491400019",
      "type": "A_FIABILISER",
      "uai": "0694566N",
    },
    {
      "expectedSiret": "18873703500025",
      "expectedUai": "0875084D",
      "isExpectedLieu": true,
      "motifs": [
        {
          "organisme": null,
          "organismes": [],
          "state": "referentiel-org-introuvable",
        },
        {
          "organisme": {
            "etat_administratif": "actif",
            "nature": "formateur",
            "siret": "19190012500011",
            "uai": "0190012K",
          },
          "organismes": [],
          "state": "referentiel-fraterie-siret-unique",
        },
        {
          "organisme": null,
          "organismes": [],
          "state": "referentiel-fraterie-uai-aucun",
        },
        {
          "organisme": {
            "etat_administratif": "actif",
            "nature": "responsable_formateur",
            "siret": "18873703500025",
            "uai": "0875084D",
          },
          "organismes": [],
          "state": "referentiel-par-lieu-org-incompatible-unique",
        },
      ],
      "rule_id": 8,
      "siret": "19190012500011",
      "type": "A_FIABILISER",
      "uai": "0190770J",
    },
    {
      "expectedSiret": "18873703500025",
      "expectedUai": "0875084D",
      "isExpectedLieu": true,
      "motifs": [
        {
          "organisme": null,
          "organismes": [],
          "state": "referentiel-org-introuvable",
        },
        {
          "organisme": {
            "etat_administratif": "actif",
            "nature": "formateur",
            "siret": "19230000200016",
            "uai": "0230018V",
          },
          "organismes": [],
          "state": "referentiel-fraterie-siret-unique",
        },
        {
          "organisme": null,
          "organismes": [],
          "state": "referentiel-fraterie-uai-aucun",
        },
        {
          "organisme": {
            "etat_administratif": "actif",
            "nature": "responsable_formateur",
            "siret": "18873703500025",
            "uai": "0875084D",
          },
          "organismes": [],
          "state": "referentiel-par-lieu-org-incompatible-unique",
        },
      ],
      "rule_id": 8,
      "siret": "19230000200016",
      "type": "A_FIABILISER",
      "uai": "0230581G",
    },
    {
      "expectedSiret": "84005616200018",
      "expectedUai": "0134343A",
      "isExpectedLieu": false,
      "motifs": [
        {
          "organisme": null,
          "organismes": [],
          "state": "referentiel-org-introuvable",
        },
        {
          "organisme": {
            "etat_administratif": "actif",
            "nature": "responsable_formateur",
            "siret": "51781333300047",
            "uai": "0134337U",
          },
          "organismes": [],
          "state": "referentiel-fraterie-siret-unique",
        },
        {
          "organisme": {
            "etat_administratif": "actif",
            "nature": "responsable_formateur",
            "siret": "84005616200018",
            "uai": "0134343A",
          },
          "organismes": [],
          "state": "referentiel-fraterie-uai-unique",
        },
        {
          "organisme": {
            "etat_administratif": "actif",
            "nature": "responsable_formateur",
            "siret": "84005616200018",
            "uai": "0134343A",
          },
          "organismes": [],
          "state": "referentiel-par-lieu-org-incompatible-unique",
        },
      ],
      "rule_id": 2,
      "siret": "51781333300047",
      "type": "A_FIABILISER",
      "uai": "0134343A",
    },
    {
      "expectedSiret": "13002170200076",
      "expectedUai": "0694380L",
      "isExpectedLieu": false,
      "motifs": [
        {
          "organisme": null,
          "organismes": [],
          "state": "referentiel-org-introuvable",
        },
        {
          "organisme": {
            "etat_administratif": "actif",
            "nature": "formateur",
            "siret": "13002170200076",
            "uai": "0694380L",
          },
          "organismes": [],
          "state": "referentiel-fraterie-siret-unique",
        },
        {
          "organisme": null,
          "organismes": [],
          "state": "referentiel-fraterie-uai-aucun",
        },
        {
          "organisme": {
            "etat_administratif": "actif",
            "nature": "formateur",
            "siret": "90025885600021",
            "uai": undefined,
          },
          "organismes": [],
          "state": "referentiel-par-lieu-org-incompatible-unique",
        },
      ],
      "rule_id": 3,
      "siret": "13002170200076",
      "type": "A_FIABILISER",
      "uai": "0422302Z",
    },
    {
      "expectedSiret": "18130002100225",
      "expectedUai": "0133836Z",
      "isExpectedLieu": false,
      "motifs": [
        {
          "organisme": null,
          "organismes": [],
          "state": "referentiel-org-introuvable",
        },
        {
          "organisme": {
            "etat_administratif": "actif",
            "nature": "formateur",
            "siret": "18130002100225",
            "uai": "0133836Z",
          },
          "organismes": [],
          "state": "referentiel-fraterie-siret-unique",
        },
        {
          "organisme": null,
          "organismes": [
            {
              "etat_administratif": "actif",
              "nature": "responsable",
              "siret": "18130002100019",
              "uai": "0133527N",
            },
            {
              "etat_administratif": "actif",
              "nature": "inconnue",
              "siret": "18130002100373",
              "uai": "0133527N",
            },
          ],
          "state": "referentiel-fraterie-uai-multiple",
        },
        {
          "organisme": null,
          "organismes": [],
          "state": "referentiel-par-lieu-org-introuvable",
        },
      ],
      "rule_id": 3,
      "siret": "18130002100225",
      "type": "A_FIABILISER",
      "uai": "0133527N",
    },
    {
      "expectedSiret": "48927001700010",
      "expectedUai": "0451690T",
      "isExpectedLieu": false,
      "motifs": [
        {
          "organisme": null,
          "organismes": [],
          "state": "referentiel-org-introuvable",
        },
        {
          "organisme": {
            "etat_administratif": "actif",
            "nature": "formateur",
            "siret": "48927001700010",
            "uai": "0451690T",
          },
          "organismes": [],
          "state": "referentiel-fraterie-siret-unique",
        },
        {
          "organisme": null,
          "organismes": [],
          "state": "referentiel-fraterie-uai-aucun",
        },
        {
          "organisme": null,
          "organismes": [],
          "state": "referentiel-par-lieu-org-introuvable",
        },
      ],
      "rule_id": 3,
      "siret": "48927001700010",
      "type": "A_FIABILISER",
      "uai": "0180982V",
    },
    {
      "expectedSiret": "18873703500025",
      "expectedUai": "0875084D",
      "isExpectedLieu": true,
      "motifs": [
        {
          "organisme": null,
          "organismes": [],
          "state": "referentiel-org-introuvable",
        },
        {
          "organisme": {
            "etat_administratif": "actif",
            "nature": "formateur",
            "siret": "19870999000016",
            "uai": "0871030X",
          },
          "organismes": [],
          "state": "referentiel-fraterie-siret-unique",
        },
        {
          "organisme": null,
          "organismes": [],
          "state": "referentiel-fraterie-uai-aucun",
        },
        {
          "organisme": {
            "etat_administratif": "actif",
            "nature": "responsable_formateur",
            "siret": "18873703500025",
            "uai": "0875084D",
          },
          "organismes": [],
          "state": "referentiel-par-lieu-org-incompatible-unique",
        },
      ],
      "rule_id": 8,
      "siret": "19870999000016",
      "type": "A_FIABILISER",
      "uai": "0871008Y",
    },
    {
      "expectedSiret": "19730813300028",
      "expectedUai": "0731364L",
      "isExpectedLieu": false,
      "motifs": [
        {
          "organisme": null,
          "organismes": [],
          "state": "referentiel-org-introuvable",
        },
        {
          "organisme": {
            "etat_administratif": "actif",
            "nature": "responsable",
            "siret": "19730813300010",
            "uai": "0730813M",
          },
          "organismes": [],
          "state": "referentiel-fraterie-siret-unique",
        },
        {
          "organisme": {
            "etat_administratif": "actif",
            "nature": "responsable_formateur",
            "siret": "19730813300028",
            "uai": "0731364L",
          },
          "organismes": [],
          "state": "referentiel-fraterie-uai-unique",
        },
        {
          "organisme": {
            "etat_administratif": "actif",
            "nature": "responsable",
            "siret": "19730813300010",
            "uai": "0730813M",
          },
          "organismes": [],
          "state": "referentiel-par-lieu-responsable-unique",
        },
      ],
      "rule_id": 2,
      "siret": "19730813300010",
      "type": "A_FIABILISER",
      "uai": "0731364L",
    },
    {
      "expectedSiret": "48927001700010",
      "expectedUai": "0451690T",
      "isExpectedLieu": false,
      "motifs": [
        {
          "organisme": null,
          "organismes": [],
          "state": "referentiel-org-introuvable",
        },
        {
          "organisme": {
            "etat_administratif": "actif",
            "nature": "formateur",
            "siret": "48927001700010",
            "uai": "0451690T",
          },
          "organismes": [],
          "state": "referentiel-fraterie-siret-unique",
        },
        {
          "organisme": null,
          "organismes": [],
          "state": "referentiel-fraterie-uai-aucun",
        },
        {
          "organisme": null,
          "organismes": [],
          "state": "referentiel-par-lieu-org-introuvable",
        },
      ],
      "rule_id": 3,
      "siret": "48927001700010",
      "type": "A_FIABILISER",
      "uai": "0281165P",
    },
    {
      "expectedSiret": "51781333300047",
      "expectedUai": "0134337U",
      "isExpectedLieu": false,
      "motifs": [
        {
          "organisme": null,
          "organismes": [],
          "state": "referentiel-org-introuvable",
        },
        {
          "organisme": {
            "etat_administratif": "actif",
            "nature": "responsable_formateur",
            "siret": "82175021300034",
            "uai": "0134336T",
          },
          "organismes": [],
          "state": "referentiel-fraterie-siret-unique",
        },
        {
          "organisme": {
            "etat_administratif": "actif",
            "nature": "responsable_formateur",
            "siret": "51781333300047",
            "uai": "0134337U",
          },
          "organismes": [],
          "state": "referentiel-fraterie-uai-unique",
        },
        {
          "organisme": {
            "etat_administratif": "actif",
            "nature": "responsable_formateur",
            "siret": "51781333300047",
            "uai": "0134337U",
          },
          "organismes": [],
          "state": "referentiel-par-lieu-org-incompatible-unique",
        },
      ],
      "rule_id": 8,
      "siret": "82175021300034",
      "type": "A_FIABILISER",
      "uai": "0134337U",
    },
    {
      "expectedSiret": "77623409800015",
      "expectedUai": "0070064G",
      "isExpectedLieu": false,
      "motifs": [
        {
          "organisme": null,
          "organismes": [],
          "state": "referentiel-org-introuvable",
        },
        {
          "organisme": {
            "etat_administratif": "actif",
            "nature": "formateur",
            "siret": "77623409800015",
            "uai": "0070064G",
          },
          "organismes": [],
          "state": "referentiel-fraterie-siret-unique",
        },
        {
          "organisme": {
            "etat_administratif": "fermé",
            "nature": "inconnue",
            "siret": "77623409800023",
            "uai": "0070115M",
          },
          "organismes": [],
          "state": "referentiel-fraterie-uai-unique-ferme",
        },
        {
          "organisme": null,
          "organismes": [],
          "state": "referentiel-par-lieu-org-introuvable",
        },
      ],
      "rule_id": 3,
      "siret": "77623409800015",
      "type": "A_FIABILISER",
      "uai": "0070115M",
    },
    {
      "expectedSiret": "89307491400019",
      "expectedUai": "0694566N",
      "isExpectedLieu": false,
      "motifs": [
        {
          "organisme": null,
          "organismes": [],
          "state": "referentiel-org-introuvable",
        },
        {
          "organisme": null,
          "organismes": [],
          "state": "referentiel-fraterie-siret-aucun",
        },
        {
          "organisme": {
            "etat_administratif": "fermé",
            "nature": "responsable_formateur",
            "siret": "89307491400019",
            "uai": "0694566N",
          },
          "organismes": [],
          "state": "referentiel-fraterie-uai-unique-ferme",
        },
        {
          "organisme": {
            "etat_administratif": "actif",
            "nature": "responsable_formateur",
            "siret": "89307491400027",
            "uai": undefined,
          },
          "organismes": [],
          "state": "referentiel-par-lieu-org-incompatible-unique",
        },
        {
          "organisme": null,
          "organismes": [],
          "state": "controle-uai-inconnu",
        },
      ],
      "rule_id": 2,
      "siret": "8930749140027",
      "type": "A_FIABILISER",
      "uai": "0694566N",
    },
    {
      "expectedSiret": "40112310400069",
      "expectedUai": "0763153P",
      "isExpectedLieu": false,
      "motifs": [
        {
          "organisme": {
            "etat_administratif": "fermé",
            "nature": "inconnue",
            "siret": "40112310400010",
            "uai": "0763153P",
          },
          "organismes": [],
          "state": "referentiel-org-ferme",
        },
        {
          "organisme": null,
          "organismes": [],
          "state": "referentiel-fraterie-siret-aucun",
        },
        {
          "organisme": null,
          "organismes": [
            {
              "etat_administratif": "actif",
              "nature": "responsable_formateur",
              "siret": "40112310400069",
              "uai": "0763153P",
            },
            {
              "etat_administratif": "actif",
              "nature": "responsable_formateur",
              "siret": "41154197200013",
              "uai": "0763153P",
            },
          ],
          "state": "referentiel-fraterie-uai-multiple",
        },
        {
          "organisme": null,
          "organismes": [
            {
              "etat_administratif": "actif",
              "nature": "responsable_formateur",
              "siret": "40112310400069",
              "uai": "0763153P",
            },
            {
              "etat_administratif": "actif",
              "nature": "responsable_formateur",
              "siret": "19761904200017",
              "uai": "0761904G",
            },
          ],
          "state": "referentiel-par-lieu-incompatible",
        },
      ],
      "rule_id": 0,
      "siret": "40112310400010",
      "type": "A_FIABILISER",
      "uai": "0763153P",
    },
  ],
}
`;
